E/ActivityThread(31584): 	at android.os.Looper.loop(Looper.java:146)
E/ActivityThread(31584): 	at android.os.HandlerThread.run(HandlerThread.java:61)
E/ActivityThread(31584): Service com.facebook.mqttlite.MqttService has leaked IntentReceiver com.facebook.rti.mqtt.e.i@4257b2e0 that was originally registered here. Are you missing a call to unregisterReceiver()?
E/ActivityThread(31584): android.app.IntentReceiverLeaked: Service com.facebook.mqttlite.MqttService has leaked IntentReceiver com.facebook.rti.mqtt.e.i@4257b2e0 that was originally registered here. Are you missing a call to unregisterReceiver()?
E/ActivityThread(31584): 	at android.app.LoadedApk$ReceiverDispatcher.<init>(LoadedApk.java:809)
E/ActivityThread(31584): 	at android.app.LoadedApk.getReceiverDispatcher(LoadedApk.java:610)
E/ActivityThread(31584): 	at android.app.ContextImpl.registerReceiverInternal(ContextImpl.java:1808)
E/ActivityThread(31584): 	at android.app.ContextImpl.registerReceiver(ContextImpl.java:1788)
E/ActivityThread(31584): 	at android.content.ContextWrapper.registerReceiver(ContextWrapper.java:486)
E/ActivityThread(31584): 	at com.facebook.rti.mqtt.e.g.a(KeepaliveManager.java:170)
E/ActivityThread(31584): 	at com.facebook.rti.mqtt.f.i.<init>(MqttConnectionManager.java:192)
E/ActivityThread(31584): 	at com.facebook.rti.mqtt.f.an.a(MqttPushServiceBootstrap.java:482)
E/ActivityThread(31584): 	at com.facebook.rti.push.service.s.a(FbnsServiceBootstrap.java:65)
E/ActivityThread(31584): 	at com.facebook.mqttlite.MqttService.f(MqttService.java:489)
E/ActivityThread(31584): 	at com.facebook.rti.mqtt.f.af.c(MqttPushService.java:211)
E/ActivityThread(31584): 	at com.facebook.rti.mqtt.f.g.a(MqttBackgroundService.java:145)
E/ActivityThread(31584): 	at com.facebook.rti.mqtt.f.h.handleMessage(MqttBackgroundService.java:46)
E/ActivityThread(31584): 	at android.os.Handler.dispatchMessage(Handler.java:102)
E/ActivityThread(31584): 	at android.os.Looper.loop(Looper.java:146)
E/ActivityThread(31584): 	at android.os.HandlerThread.run(HandlerThread.java:61)
D/SSRMv2:SIOP(  812): SIOP:: AP = 340, Delta = 10
I/ActivityManager(  812): Killing 31645:com.sec.android.widgetapp.digitalclock/u0a85 (adj 15): empty #13
I/ActivityManager(  812): Killing 31564:com.samsung.klmsagent/u0a17 (adj 15): empty #14
D/STATUSBAR-NetworkController( 1055): refreshSignalCluster - setNWBoosterIndicators(false)
D/STATUSBAR-NetworkController( 1055): refreshSignalCluster: data=0 bt=false
D/STATUSBAR-IconMerger( 1055): checkOverflow(180), More:true, Req:true Child:8
I/ProcessStatsService(  812): Prepared write state in 88ms
D/STATUSBAR-NetworkController( 1055): refreshSignalCluster - setNWBoosterIndicators(false)
D/STATUSBAR-NetworkController( 1055): refreshSignalCluster: data=0 bt=false
D/STATUSBAR-IconMerger( 1055): checkOverflow(180), More:true, Req:true Child:8
D/STATUSBAR-NetworkController( 1055): refreshSignalCluster - setNWBoosterIndicators(false)
D/STATUSBAR-NetworkController( 1055): refreshSignalCluster: data=0 bt=false
D/STATUSBAR-IconMerger( 1055): checkOverflow(180), More:true, Req:true Child:8
E/Watchdog(  812): !@Sync 6531
V/AlarmManager(  812): waitForAlarm result :4
V/AlarmManager(  812): trigger ELAPSED_REALTIME_WAKEUP or RTC_WAKEUP
V/AlarmManager(  812): waitForAlarm result :4
V/AlarmManager(  812): trigger ELAPSED_REALTIME_WAKEUP or RTC_WAKEUP
D/STATUSBAR-NetworkController( 1055): refreshSignalCluster - setNWBoosterIndicators(false)
D/STATUSBAR-NetworkController( 1055): refreshSignalCluster: data=0 bt=false
D/STATUSBAR-IconMerger( 1055): checkOverflow(180), More:true, Req:true Child:8
D/PowerManagerService(  812): [smart stay] handleSmartStay
E/SmartFaceService(  812): setValue, key: smart-stay-framecount-reset value: 
E/SmartFaceService(  812): register:196841354
E/SmartFaceService(  812): register, serviceType(100) pid 812 : system
E/SmartFaceService.Client(  812): New SmartFaceService.Client, service type: 100 pid: 812 appName: system
E/SmartFaceService(  812): mLightIntensityEnough: true mLux: 0.0
D/Stay/Rotation Worker(  812): client added
D/Stay/Rotation Worker(  812): updateClientsDone. def. do nothing.
E/SmartFaceService(  812): Service Type to Worker: 100
E/SmartFaceService(  812): Last Active clients:0 Current Active clients: 1
E/SmartFaceService(  812): Last Smart Pause clients: 0 Current Smart Pause clients: 0
E/SmartFaceService(  812): We have active clients. open camera
E/SmartFaceService(  812): mWakeLock.acquire() in FD
D/SmartFaceIndicator(  812): normal icon
E/CameraController(  812): openCamera S
E/CameraController(  812): sendMessageAndWait, lock.lock before
E/CameraController(  812): sendMessageAndWait, lock.lock after
E/CameraController(  812): Wait for 1
E/CameraController(  812): waitHere, condition var. will be used. related lock release and re-acquired after await done.
E/CameraController(  812): handleMessage(1) before lock{ when=-1ms what=1 arg1=4 target=com.sec.android.smartface.CameraController$EventHandler }
E/CameraController(  812): handleMessage, lock.lock after
E/CameraController(  812): handleMessage(1) after lock{ when=-2ms what=1 arg1=4 target=com.sec.android.smartface.CameraController$EventHandler }
E/CameraController(  812): isCameraAllowed: true
E/CameraController(  812): open() as 100
D/STATUSBAR-IconMerger( 1055): checkOverflow(144), More:true, Req:true Child:8
E/CameraController(  812): open() x
E/CameraController(  812): Preview need to be rotated counter clock-wise 90 degree.
E/CameraController(  812): setCamreaParameter with mode: 1 service_type: 100
E/CameraController(  812): Preview Size Is Not Supported (maybe auto-mode). Auto-Select
E/CameraController(  812): Front Camera Support 320, 240 preview
E/CameraController(  812): StartPreview()
E/CameraController(  812): StartPreview() X
E/CameraController(  812): handleMessage signal: 1
E/CameraController(  812): handleMessage(1) before let go!{ when=-1s91ms what=1 arg1=4 target=com.sec.android.smartface.CameraController$EventHandler }
E/CameraController(  812): handleMessage(1) after let go!{ when=-1s91ms what=1 arg1=4 target=com.sec.android.smartface.CameraController$EventHandler }
E/CameraController(  812): handleMessage, lock.unlock before
E/CameraController(  812): handleMessage(1) after unlock{ when=-1s91ms what=1 arg1=4 target=com.sec.android.smartface.CameraController$EventHandler }
E/CameraController(  812): waitForMillis, 1000ms time out.
E/CameraController(  812): waitHere, 1090ms
E/CameraController(  812): Wait for 1 DONE!
E/CameraController(  812): sendMessageAndWait, lock.unlock before
E/CameraController(  812): sendMessageAndWait, lock.unlock after
E/CameraController(  812): openCamera E
E/SmartFaceService(  812): Orientation: 0
E/SmartFaceService(  812): Calling onPreviewFrame: Thread[Stay/Rotation Worker,5,main]/196842787
D/Stay/Rotation Worker(  812): handleMessage: 1
E/SmartFaceService(  812): Orientation: 0
E/SmartFaceService(  812): Calling onPreviewFrame: Thread[Stay/Rotation Worker,5,main]/196842873
D/STATUSBAR-NetworkController( 1055): refreshSignalCluster - setNWBoosterIndicators(false)
D/STATUSBAR-NetworkController( 1055): refreshSignalCluster: data=0 bt=false
D/STATUSBAR-IconMerger( 1055): checkOverflow(144), More:true, Req:true Child:8
E/SmartFaceService(  812): Orientation: 0
E/SmartFaceService(  812): Calling onPreviewFrame: Thread[Stay/Rotation Worker,5,main]/196842980
E/Stay/Rotation Worker(  812): processSmartStay[263ms], ret: -1 needToStay: 0 mFrameCount: 0 mFixed: false
D/Stay/Rotation Worker(  812): handleMessage: 1
E/SmartFaceService(  812): Orientation: 0
E/SmartFaceService(  812): Calling onPreviewFrame: Thread[Stay/Rotation Worker,5,main]/196843112
E/Stay/Rotation Worker(  812): processSmartStay[173ms], ret: -1 needToStay: 0 mFrameCount: 1 mFixed: false
D/Stay/Rotation Worker(  812): handleMessage: 1
E/SmartFaceService(  812): unregister:196843225
E/SmartFaceService(  812): unregister
E/SmartFaceService(  812): unregister client found. pid 812 servicetype: 100 AppName: system
E/SmartFaceService(  812): send LastServiecTypeFromClient to scroll pause worker: 0
E/SmartFaceService(  812): mLightIntensityEnough: true mLux: 0.0
D/Stay/Rotation Worker(  812): updateClientsDone. def. do nothing.
E/SmartFaceService(  812): Service Type to Worker: 0
E/SmartFaceService(  812): Last Active clients:1 Current Active clients: 0
E/SmartFaceService(  812): Last Smart Pause clients: 0 Current Smart Pause clients: 0
E/SmartFaceService(  812): No active clients. close camera
E/CameraController(  812): closeCamera S
E/CameraController(  812): sendMessageAndWait, lock.lock before
E/CameraController(  812): sendMessageAndWait, lock.lock after
E/CameraController(  812): Wait for 0
E/CameraController(  812): handleMessage(0) before lock{ when=0 what=0 target=com.sec.android.smartface.CameraController$EventHandler }
E/CameraController(  812): waitHere, condition var. will be used. related lock release and re-acquired after await done.
E/CameraController(  812): handleMessage, lock.lock after
E/SmartFaceService(  812): Orientation: 0
E/SmartFaceService(  812): Calling onPreviewFrame: Thread[Stay/Rotation Worker,5,main]/196843231
E/CameraController(  812): handleMessage(0) after lock{ when=-1ms what=0 target=com.sec.android.smartface.CameraController$EventHandler }
E/Stay/Rotation Worker(  812): processSmartStay[170ms], ret: -1 needToStay: 0 mFrameCount: 2 mFixed: false
E/SmartFaceService(  812): Clear worker messages
E/CameraController(  812): handleMessage signal: 0
E/CameraController(  812): handleMessage(0) before let go!{ when=-575ms what=0 target=com.sec.android.smartface.CameraController$EventHandler }
E/CameraController(  812): handleMessage(0) after let go!{ when=-576ms what=0 target=com.sec.android.smartface.CameraController$EventHandler }
E/CameraController(  812): handleMessage, lock.unlock before
E/CameraController(  812): waitHere, 576ms
E/CameraController(  812): Wait for 0 DONE!
E/CameraController(  812): sendMessageAndWait, lock.unlock before
E/CameraController(  812): sendMessageAndWait, lock.unlock after
E/CameraController(  812): closeCamera E
D/SmartFaceIndicator(  812): no icon
E/SmartFaceService(  812): mWakeLock.release() in FD
D/PowerManagerService(  812): [smart stay] faceDetect : bFaceDetected : false
D/PowerManagerService(  812): [smart stay] handleSmartStay : mFaceDetected : false
E/CameraController(  812): handleMessage(0) after unlock{ when=-587ms what=0 target=com.sec.android.smartface.CameraController$EventHandler }
D/STATUSBAR-IconMerger( 1055): checkOverflow(180), More:true, Req:true Child:8
D/STATUSBAR-NetworkController( 1055): refreshSignalCluster - setNWBoosterIndicators(false)
D/STATUSBAR-NetworkController( 1055): refreshSignalCluster: data=0 bt=false
D/STATUSBAR-IconMerger( 1055): checkOverflow(180), More:true, Req:true Child:8
D/PowerManagerService(  812): [s] UserActivityState : 1 -> 2
D/DisplayPowerController(  812): animation target = 20 (PSM:true, AB limit:(-1 ~ -1) MB Limit:(-1 ~ -1) MAdj:(0, (0, 255)))
D/PowerManagerService(  812): [s] mDisplayPowerControllerCallbacks : onStateChanged()
D/RampAnimator(  812): Light Animator Finished currentValue=20
D/STATUSBAR-NetworkController( 1055): onSignalStrengthsChanged signalStrength=SignalStrength: 99 -1 -1 -1 -1 -1 -1 17 -113 -14 2 -1 2147483647 gsm|lte 0x3 level=3
I/ActivityManager(  812): Killing 31451:com.sec.chaton/u0a79 (adj 15): empty #11
I/ActivityManager(  812): Killing 31677:com.sec.spp.push:RemoteDlcProcess/u0a32 (adj 15): empty #12
I/ActivityManager(  812): Killing 31628:com.sec.android.widgetapp.activeapplicationwidget/u0a149 (adj 15): empty #13
I/ActivityManager(  812): Killing 31659:com.sec.android.widgetapp.dualclockdigital/u0a91 (adj 15): empty #14
D/BatteryService(  812): level:100, scale:100, status:5, health:2, present:true, voltage: 4322, temperature: 228, technology: Li-ion, AC powered:false, USB powered:true, Wireless powered:false, icon:17303558, invalid charger:0, online:4, current avg:0, charge type:0, power sharing:false
D/BatteryService(  812): Sending ACTION_BATTERY_CHANGED.
D/STATUSBAR-NetworkController( 1055): refreshSignalCluster - setNWBoosterIndicators(false)
D/STATUSBAR-NetworkController( 1055): refreshSignalCluster: data=0 bt=false
I/ActivityManager(  812): Killing 31796:com.android.chrome/u0a81 (adj 15): empty #8
D/STATUSBAR-IconMerger( 1055): checkOverflow(180), More:true, Req:true Child:8
I/ActivityManager(  812): Killing 31746:com.google.android.gm/u0a101 (adj 15): empty #9
I/ActivityManager(  812): Killing 31416:com.google.android.googlequicksearchbox:search/u0a52 (adj 15): empty #10
D/STATUSBAR-PhoneStatusBar( 1055):  mBrightnessEnablebySettings = true mBrightnessEnablebyBattery = true mBrightnessEnablebyDisableFlag = true mPmsBrightnessEnablebySettings = true
D/BatteryMeterView( 1055): ACTION_BATTERY_CHANGED : level:100 status:5 health:2
D/SSRMv2:SIOP(  812): SIOP:: AP = 320, Delta = -20
D/STATUSBAR-IconMerger( 1055): checkOverflow(180), More:true, Req:true Child:8
D/STATUSBAR-NetworkController( 1055): refreshSignalCluster - setNWBoosterIndicators(false)
D/STATUSBAR-NetworkController( 1055): refreshSignalCluster: data=0 bt=false
D/STATUSBAR-IconMerger( 1055): checkOverflow(180), More:true, Req:true Child:8
D/STATUSBAR-NetworkController( 1055): onSignalStrengthsChanged signalStrength=SignalStrength: 99 -1 -1 -1 -1 -1 -1 17 -114 -14 -14 -1 2147483647 gsm|lte 0x3 level=3
D/STATUSBAR-NetworkController( 1055): refreshSignalCluster - setNWBoosterIndicators(false)
D/STATUSBAR-NetworkController( 1055): refreshSignalCluster: data=0 bt=false
D/STATUSBAR-IconMerger( 1055): checkOverflow(180), More:true, Req:true Child:8
D/PowerManagerService(  812): [s] UserActivityState : 2 -> 0
I/PowerManagerService(  812): !@[ps] Screen__Off(2) : timeout (0x4)
I/PowerManagerService(  812): Going to sleep due to screen timeout...
D/PowerManagerService(  812): [s] WAKEFULNESS_ASLEEP
D/DisplayPowerController(  812): !@ElectronBeam entry
D/PowerManagerService(  812): blankAllDisplays() is called.
D/PowerManagerService(  812): [s] mDisplayPowerControllerCallbacks : onStateChanged()
D/PowerManagerService(  812): [PWL] sb acquire: PowerManagerService.Broadcasts
D/PowerManagerService(  812): [PWL] sb release: PowerManagerService.Display
D/StatusBarManagerService(  812): tr p:29991,o:f
D/PowerManagerService(  812): Excessive delay in nativeSetInteractive(false): 194ms
D/PowerManagerService(  812): !@[s] blankAllDisplays() : blankAllDisplaysFromPowerManage
V/AlarmManager(  812): waitForAlarm result :4
V/AlarmManager(  812): trigger ELAPSED_REALTIME_WAKEUP or RTC_WAKEUP
D/LightsService(  812): [api] [SvcLED] setFlashing :: id = 3, color = 0, mode = 14, onMS = 0, offMS = 0,  (uid: 1000 pid: 812) 
D/LightsService(  812): [SvcLED] setSvcLedStateLocked:: SvcLEDState : 0x0 -> 0x40 | SvcLED(id=3) set On
D/BatteryService(  812): turn on LED for fully charged
D/VibratorService(  812): JNI vibratorOff()
D/LightsService(  812): [SvcLED] Lux failed to be updated in 0ms. -> handleForcedSvcLEDTasK
D/LightsService(  812): [SvcLED]  setSvcLedLightLocked :: Current SvcLED(id=3) maintains its priority right
D/STATUSBAR-NotificationService(  812): ACTION_SCREEN_OFF
D/STATUSBAR-NotificationService(  812): Pickup - Missed event found
D/MotionRecognitionService(  812):  ssp status : false
D/MotionRecognitionService(  812): enableAccINT 
D/MotionRecognitionService(  812): enableAccINT Complete!!
D/MotionRecognitionService(  812):  open api 0
D/MotionRecognitionService(  812):   .registerCallback : 1, motion_sensors=0, client= 
D/MotionRecognitionService(  812):   .isMotionEngineEnabled : true
D/MotionRecognitionService(  812):   .initializeMotionEngine
D/MotionRecognitionService(  812): SERVICETYPE_MOTION Condition changed : MOTION_STARTSTOP
D/MotionRecognitionService(  812): SERVICETYPE_MOTION can't start : SETTING
D/MotionRecognitionService(  812): SERVICETYPE_MOTION can't start : REGISTER_LISTENER
D/MotionRecognitionService(  812): Acquire sensors : Settings = 1101001000010000000100
D/MotionRecognitionService(  812): Acquired sensors for motion : 0
D/STATUSBAR-NotificationService(  812): Pickup - registerListener
D/STATUSBAR-NotificationService(  812): updateLightsLocked() : Set default flashing notification light
D/LightsService(  812): [api] [SvcLED] setFlashing :: id = 4, color = ffffffff, mode = 12, onMS = 500, offMS = 2000,  (uid: 1000 pid: 812) 
D/LightsService(  812): [SvcLED] setSvcLedStateLocked:: SvcLEDState : 0x40 -> 0x42 | SvcLED(id=4) set On
D/LightsService(  812): [SvcLED] Lux failed to be updated in 0ms. -> handleForcedSvcLEDTasK
D/LightsService(  812): [SvcLED]  setSvcLedLightLocked :: priority changed! SvcLED(id=3) OUT; SvcLED(id=4) IN
V/AlarmManager(  812):  next == MAX_VALUE
I/MotionRecognitionService(  812): mReactiveAlert_Wakelock++  
D/MotionRecognitionService(  812): SERVICETYPE_MOTION Condition changed = MOTION_STARTSTOP
D/MotionRecognitionService(  812):   .finalizeMotionEngine
D/STATUSBAR-PhoneStatusBar( 1055):      ACTION_SCREEN_OFF is received!!!! 
D/STATUSBAR-PhoneStatusBar( 1055): makeExpandedInvisible
D/STATUSBAR-PhoneStatusBar( 1055):      ACTION_SCREEN_OFF is finished!!!! 
D/PowerManagerService(  812): Excessive delay in mDisplayManagerService.blankAllDisplaysFromPowerManager(): 223ms
D/PowerManagerService(  812): SecHardwareInterface.setBatteryADC : false
I/PowerManagerService(  812): [PWL] Off : 0s ago
I/PowerManagerService(  812): [PWL]   PowerManagerService.WakeLocks: ref count=1
I/PowerManagerService(  812): [PWL]     mWakeLockSummary : 0x1
I/PowerManagerService(  812): [PWL]       PARTIAL_WAKE_LOCK              'AlarmManager' (uid=1000, pid=812, ws=WorkSource{10181}) (elapsedTime=155)
I/PowerManagerService(  812): [PWL]       PARTIAL_WAKE_LOCK              'reactive_alert' (uid=1000, pid=812, ws=null) (elapsedTime=29)
I/PowerManagerService(  812): [PWL]       PARTIAL_WAKE_LOCK              'RILJ1' (uid=1001, pid=1243, ws=null) (elapsedTime=8)
I/PowerManagerService(  812): [PWL]   PowerManagerService.Broadcasts: ref count=1
D/STATUSBAR-NetworkController( 1055): onSignalStrengthsChanged signalStrength=SignalStrength: 99 -1 -1 -1 -1 -1 -1 17 -114 -14 -14 -1 2147483647 gsm|lte 0x3 level=3
D/SSRMv2:SIOP(  812): SIOP:: AP = 310, Delta = -10
I/MotionRecognitionService(  812): mReactiveAlert_Wakelock--  
I/MotionRecognitionService(  812): poll_accint++  
D/PowerManagerService(  812): [PWL] sb release: PowerManagerService.Broadcasts
V/AlarmManager(  812): waitForAlarm result :4
V/AlarmManager(  812): trigger ELAPSED_REALTIME_WAKEUP or RTC_WAKEUP
I/PowerManagerService(  812): [PWL] Off : 5s ago
I/PowerManagerService(  812): [PWL]   PowerManagerService.WakeLocks: ref count=1
I/PowerManagerService(  812): [PWL]     mWakeLockSummary : 0x1
I/PowerManagerService(  812): [PWL]       PARTIAL_WAKE_LOCK              'show keyguard' (uid=10018, pid=1055, ws=null) (elapsedTime=233)
D/STATUSBAR-StatusBarManagerService(  812): manageDisableList what=0x1000000 pkg=com.android.keyguard
D/PowerManagerService(  812): [api] [s] userActivity : event: 3 flags: 0 (uid: 10018 pid: 1055) eventTime = 196856533
V/KeyguardDisplayManager( 1055): show
D/STATUSBAR-StatusBarManagerService(  812): manageDisableList what=0x2600000 pkg=WindowManager.LayoutParams
D/PowerManagerService(  812): [api] setUserActivityTimeoutOverrideFromWindowManagerInternal: timeoutMillis: 3000
D/PowerManagerService(  812): [api] setScreenDimDurationOverrideFromWindowManagerInternal: timeoutMillis: 0
D/PowerManagerService(  812): [api] setButtonTimeoutOverrideFromWindowManagerInternal: timeoutMillis: 3000
D/STATUSBAR-AirplaneModeQuickSettingButton( 1055): onReceive : android.intent.action.CLOSE_SYSTEM_DIALOGS
D/StatusBarManagerService(  812): semi p:1055,o:f
D/StatusBarManagerService(  812): tr p:1055,o:f
D/PhoneStatusBar( 1055): disable(): knoxCustomManager = android.app.enterprise.knoxcustom.KnoxCustomManager@42264e40
V/AlarmManager(  812): waitForAlarm result :8
V/AlarmManager(  812): ClockReceiver onReceive() ACTION_TIME_TICK
D/STATUSBAR-IconMerger( 1055): checkOverflow(180), More:true, Req:true Child:8
V/AlarmManager(  812): waitForAlarm result :4
V/AlarmManager(  812): trigger ELAPSED_REALTIME_WAKEUP or RTC_WAKEUP
V/AlarmManager(  812): waitForAlarm result :4
V/AlarmManager(  812): trigger ELAPSED_REALTIME_WAKEUP or RTC_WAKEUP
D/SSRMv2:SIOP(  812): SIOP:: AP = 310, Delta = 0
V/AlarmManager(  812): waitForAlarm result :4
V/AlarmManager(  812): trigger ELAPSED_REALTIME_WAKEUP or RTC_WAKEUP
I/PowerManagerService(  812): [PWL] Off : 15s ago
D/ConnectivityService(  812): handleInetConditionHoldEnd: net=1, condition=0, published condition=100
D/STATUSBAR-NetworkController( 1055): onReceive() - CONNECTIVITY_ACTION, INET_CONDITION_ACTION
D/STATUSBAR-NetworkController( 1055): getUpdateDataNetType() - mDataNetType:13
D/StatusBar.NetworkController( 1055): updateDataNet R -false
D/STATUSBAR-NetworkController( 1055): Nothing, mRoamingIconId = 0
E/Watchdog(  812): !@Sync 6532
V/AlarmManager(  812): waitForAlarm result :4
V/AlarmManager(  812): trigger ELAPSED_REALTIME_WAKEUP or RTC_WAKEUP
D/ConnectivityService(  812): handleInetConditionHoldEnd: net=1, condition=100, published condition=0
D/STATUSBAR-NetworkController( 1055): onReceive() - CONNECTIVITY_ACTION, INET_CONDITION_ACTION
D/STATUSBAR-NetworkController( 1055): getUpdateDataNetType() - mDataNetType:13
D/StatusBar.NetworkController( 1055): updateDataNet R -false
D/STATUSBAR-NetworkController( 1055): Nothing, mRoamingIconId = 0
D/SSRMv2:SIOP(  812): SIOP:: AP = 300, Delta = -10
I/PowerManagerService(  812): [PWL] Off : 30s ago
V/AlarmManager(  812): waitForAlarm result :4
V/AlarmManager(  812): trigger ELAPSED_REALTIME_WAKEUP or RTC_WAKEUP
D/BatteryService(  812): level:100, scale:100, status:5, health:2, present:true, voltage: 4323, temperature: 227, technology: Li-ion, AC powered:false, USB powered:true, Wireless powered:false, icon:17303558, invalid charger:0, online:4, current avg:0, charge type:0, power sharing:false
D/BatteryService(  812): Sending ACTION_BATTERY_CHANGED.
D/BatteryService(  812): stay LED for fully charged
D/STATUSBAR-PhoneStatusBar( 1055):  mBrightnessEnablebySettings = true mBrightnessEnablebyBattery = true mBrightnessEnablebyDisableFlag = true mPmsBrightnessEnablebySettings = true
D/BatteryMeterView( 1055): ACTION_BATTERY_CHANGED : level:100 status:5 health:2
D/SSRMv2:SIOP(  812): SIOP:: AP = 300, Delta = 0
D/STATUSBAR-IconMerger( 1055): checkOverflow(180), More:true, Req:true Child:8
D/SSRMv2:SIOP(  812): SIOP:: AP = 300, Delta = 0
E/Watchdog(  812): !@Sync 6533
I/PowerManagerService(  812): [PWL] Off : 50s ago
D/SSRMv2:SIOP(  812): SIOP:: AP = 300, Delta = 0
D/BatteryService(  812): level:100, scale:100, status:5, health:2, present:true, voltage: 4322, temperature: 226, technology: Li-ion, AC powered:false, USB powered:true, Wireless powered:false, icon:17303558, invalid charger:0, online:4, current avg:0, charge type:0, power sharing:false
D/BatteryService(  812): Sending ACTION_BATTERY_CHANGED.
D/BatteryService(  812): stay LED for fully charged
D/STATUSBAR-PhoneStatusBar( 1055):  mBrightnessEnablebySettings = true mBrightnessEnablebyBattery = true mBrightnessEnablebyDisableFlag = true mPmsBrightnessEnablebySettings = true
D/BatteryMeterView( 1055): ACTION_BATTERY_CHANGED : level:100 status:5 health:2
D/STATUSBAR-IconMerger( 1055): checkOverflow(180), More:true, Req:true Child:8
D/SSRMv2:SIOP(  812): SIOP:: AP = 300, Delta = 0
V/AlarmManager(  812): waitForAlarm result :8
V/AlarmManager(  812): ClockReceiver onReceive() ACTION_TIME_TICK
D/STATUSBAR-IconMerger( 1055): checkOverflow(180), More:true, Req:true Child:8
W/WifiP2pStateTracker(  812): WifiP2pStateReceiver : android.net.wifi.LINK_CONFIGURATION_CHANGED
D/SmartBondingService(  812): SmartBondingReceiver: onReceive action=android.net.wifi.LINK_CONFIGURATION_CHANGED
D/SmartBondingService(  812): EVENT_UPDATE_SB_STATE called / mDisableBySIOP false
W/WifiP2pStateTracker(  812): WifiP2pStateReceiver : android.net.wifi.LINK_CONFIGURATION_CHANGED
D/SmartBondingService(  812): SmartBondingReceiver: onReceive action=android.net.wifi.LINK_CONFIGURATION_CHANGED
D/SmartBondingService(  812): EVENT_UPDATE_SB_STATE called / mDisableBySIOP false
D/ConnectivityService(  812): handleConnectivityChange: address are the same reset per doReset linkProperty[1]: resetMask=0
D/ConnectivityService(  812): handleConnectivityChange: setting default proxy info 
D/ConnectivityService(  812): updateSourceRoutes : no source routing conditions
D/ConnectivityService(  812): handleConnectivityChange: address are the same reset per doReset linkProperty[1]: resetMask=0
D/ConnectivityService(  812): handleConnectivityChange: setting default proxy info 
D/ConnectivityService(  812): updateSourceRoutes : no source routing conditions
D/SSRMv2:SIOP(  812): SIOP:: AP = 300, Delta = 0
I/PowerManagerService(  812): [PWL] Off : 75s ago
E/Watchdog(  812): !@Sync 6534
D/SSRMv2:SIOP(  812): SIOP:: AP = 300, Delta = 0
V/PackageManager(  812): Install from ADB
D/PackageManager(  812): START_PACKAGE_INSTALL: observer{1139195464}
D/PackageManager(  812):           PackageURI{file:///data/local/tmp/Package.apk}
D/PackageManager(  812): [MSG] INIT_COPY: observer{1139195464}
D/PackageManager(  812):           idx{0}
D/PackageManager(  812):           for_user{UserHandle{-1}}
D/PackageManager(  812): Trying to bind to DefaultContainerService
D/PackageManager(  812): onServiceConnected
D/PackageManager(  812): [MSG] MCS_BOUND
D/PackageManager(  812): [MSG] MCS_BOUND: observer{1139195464}
D/PackageManager(  812):           for_user{UserHandle{-1}}
D/PackageManager(  812): Found 2 verifiers for intent Intent { act=android.intent.action.PACKAGE_NEEDS_VERIFICATION dat=file:///data/local/tmp/Package.apk typ=application/vnd.android.package-archive flg=0x1 } with 0 optional verifiers
I/PackageManager(  812): remove MCS_UNBIND message and Posting MCS_UNBIND 10 secs later
D/BatteryService(  812): level:100, scale:100, status:5, health:2, present:true, voltage: 4325, temperature: 226, technology: Li-ion, AC powered:false, USB powered:true, Wireless powered:false, icon:17303558, invalid charger:0, online:4, current avg:0, charge type:0, power sharing:false
D/BatteryService(  812): stay LED for fully charged
D/BatteryService(  812): Sending ACTION_BATTERY_CHANGED.
D/STATUSBAR-PhoneStatusBar( 1055):  mBrightnessEnablebySettings = true mBrightnessEnablebyBattery = true mBrightnessEnablebyDisableFlag = true mPmsBrightnessEnablebySettings = true
D/BatteryMeterView( 1055): ACTION_BATTERY_CHANGED : level:100 status:5 health:2
D/STATUSBAR-IconMerger( 1055): checkOverflow(180), More:true, Req:true Child:8
D/SSRMv2:SIOP(  812): SIOP:: AP = 300, Delta = 0
D/PackageManager(  812): [MSG] MCS_UNBIND
D/PackageManager(  812): [MSG] CHECK_PENDING_VERIFICATION
D/PackageManager(  812): CHECK_PENDING_VERIFICATION: observer{1139195464}
D/PackageManager(  812):           verificationId{25}
D/PackageManager(  812): copyApk
D/MountService(  812):  :::: getSecureContainerList
D/MountService(  812):  :::: createSecureContainer :: id = smdl2tmp1, sizeMb = 91, fstype = ext4, ownerUid = 10005, external = true
D/Vold    (  223): VolumeManager::createAsec -> id(smdl2tmp1), numSectors(186368) fstype(ext4) isExternal(1)
E/Vold    (  223): Couldn't find ASEC name (smdl2tmp1)
D/SSRMv2:SIOP(  812): SIOP:: AP = 300, Delta = 0
I/PowerManagerService(  812): [PWL] Off : 105s ago
I/Vold    (  223): Filesystem (ext4) formatted OK
D/MountService(  812):  :::: getSecureContainerPath :: id = smdl2tmp1
E/Watchdog(  812): !@Sync 6535
D/SSRMv2:SIOP(  812): SIOP:: AP = 300, Delta = 0
D/TimaService(  812): TIMA: TimaService scheduler is intialized. 
D/TimaService(  812): TIMA: checkEvent, operation: 50000 subject: 10000
D/TimaService(  812): TimaServiceHandler.handleMessage what =1
D/TimaService(  812): TIMA MEASUREMENT Result: TIMA_STATUS=0;MSG=Kernel Verification Success;
D/TimaService(  812): TIMA MEASUREMENT success status: TIMA_STATUS=0;MSG=Kernel Verification Success;
D/BatteryService(  812): level:100, scale:100, status:5, health:2, present:true, voltage: 4322, temperature: 226, technology: Li-ion, AC powered:false, USB powered:true, Wireless powered:false, icon:17303558, invalid charger:0, online:4, current avg:0, charge type:0, power sharing:false
D/BatteryService(  812): stay LED for fully charged
D/BatteryService(  812): Sending ACTION_BATTERY_CHANGED.
D/STATUSBAR-PhoneStatusBar( 1055):  mBrightnessEnablebySettings = true mBrightnessEnablebyBattery = true mBrightnessEnablebyDisableFlag = true mPmsBrightnessEnablebySettings = true
D/BatteryMeterView( 1055): ACTION_BATTERY_CHANGED : level:100 status:5 health:2
D/STATUSBAR-IconMerger( 1055): checkOverflow(180), More:true, Req:true Child:8
D/SSRMv2:SIOP(  812): SIOP:: AP = 300, Delta = 0
D/MountService(  812):  :::: finalizeSecureContainer :: id = smdl2tmp1
V/AlarmManager(  812): waitForAlarm result :8
V/AlarmManager(  812): ClockReceiver onReceive() ACTION_TIME_TICK
D/STATUSBAR-IconMerger( 1055): checkOverflow(180), More:true, Req:true Child:8
D/MountService(  812):  :::: isSecureContainerMounted :: id = smdl2tmp1, ret = true
D/MountService(  812):  :::: unmountSecureContainer :: id = smdl2tmp1, force = true
D/PackageManager(  812): remove MCS_UNBIND and Posting MCS_UNBIND
W/PackageManager(  812): Invalid verification token 25 received
D/PackageManager(  812): [MSG] PROCESS_PENDING_INSTALL: observer{1139195464}
D/MountService(  812):  :::: isSecureContainerMounted :: id = smdl2tmp1, ret = false
D/MountService(  812):  :::: mountSecureContainer :: id = smdl2tmp1, ownerUid = 1000
D/Vold    (  223): ASEC smdl2tmp1 mounted (ext)
D/MountService(  812):  :::: getSecureContainerPath :: id = smdl2tmp1
D/PackageManager(  812): installPackageLI
D/SSRMv2:SIOP(  812): SIOP:: AP = 300, Delta = 0
E/Watchdog(  812): !@Sync 6536
I/PowerManagerService(  812): [PWL] Off : 140s ago
D/SSRMv2:SIOP(  812): SIOP:: AP = 300, Delta = 0
D/PackageManager(  812): Time to collect certificates: 16.493 seconds
W/PackageManager(  812): verifying app can be installed or not
D/MountService(  812):  :::: isSecureContainerMounted :: id = smdl2tmp1, ret = true
D/MountService(  812):  :::: unmountSecureContainer :: id = smdl2tmp1, force = true
D/MountService(  812):  :::: renameSecureContainer :: oldId = smdl2tmp1, newId = com.snackfortgames.lazyangus_android-1
D/PackageManager(  812): doRename cid: 
D/MountService(  812):  :::: isSecureContainerMounted :: id = com.snackfortgames.lazyangus_android-1, ret = false
W/PackageManager(  812): Mounting container com.snackfortgames.lazyangus_android-1
D/MountService(  812):  :::: mountSecureContainer :: id = com.snackfortgames.lazyangus_android-1, ownerUid = 1000
D/Vold    (  223): ASEC com.snackfortgames.lazyangus_android-1 mounted (ext)
D/MountService(  812):  :::: getSecureContainerPath :: id = com.snackfortgames.lazyangus_android-1
D/PackageManager(  812): installNewPackageLI: 
D/PackageManager(  812): Time to dexopt: 3.311 seconds
D/PackageManager(  812): Sending to user 0: act=android.intent.action.EXTERNAL_APPLICATIONS_UNAVAILABLE flg=0x4000000 Bundle[{android.intent.extra.changed_package_list=[Ljava.lang.String;@44511928, android.intent.extra.REPLACING=true, android.intent.extra.user_handle=0, android.intent.extra.changed_uid_list=[I@4451c578}]
D/BatteryService(  812): level:100, scale:100, status:5, health:2, present:true, voltage: 4323, temperature: 226, technology: Li-ion, AC powered:false, USB powered:true, Wireless powered:false, icon:17303558, invalid charger:0, online:4, current avg:0, charge type:0, power sharing:false
D/BatteryService(  812): stay LED for fully charged
D/BatteryService(  812): Sending ACTION_BATTERY_CHANGED.
D/PackageManager(  812): !@killApplicatoin: 10229, update pkg
D/PackageManager(  812): Time to scan apk: 3.451 seconds
D/PackageManager(  812): updateSettingsLI: 
D/SSRMv2:SIOP(  812): SIOP:: AP = 300, Delta = 0
D/PackageManager(  812): New package installed in 
D/STATUSBAR-PhoneStatusBar( 1055):  mBrightnessEnablebySettings = true mBrightnessEnablebyBattery = true mBrightnessEnablebyDisableFlag = true mPmsBrightnessEnablebySettings = true
D/BatteryMeterView( 1055): ACTION_BATTERY_CHANGED : level:100 status:5 health:2
D/STATUSBAR-IconMerger( 1055): checkOverflow(180), More:true, Req:true Child:8
D/PackageManager(  812): doPostInstall: 
D/MountService(  812):  :::: fixPermissionsSecureContainer :: id = com.snackfortgames.lazyangus_android-1, gid = -1, filename = null
D/MountService(  812):  :::: isSecureContainerMounted :: id = com.snackfortgames.lazyangus_android-1, ret = true
D/PackageManager(  812): + starting rerstore round-trip 26
D/PackageManager(  812): No resotre for backup - queue post-install for 26
I/PackageManager(  812): Adding preferred activity ComponentInfo{com.android.mms/com.android.mms.ui.ConversationComposer} for user 0 :
I/PackageManager(  812): Adding preferred activity ComponentInfo{com.android.mms/com.android.mms.ui.ConversationComposer} for user 0 :
I/PackageManager(  812): Adding preferred activity ComponentInfo{com.android.mms/com.android.mms.ui.ConversationComposer} for user 0 :
I/PackageManager(  812): Adding preferred activity ComponentInfo{com.android.mms/com.android.mms.ui.ConversationComposer} for user 0 :
D/PackageManager(  812): [MSG] MCS_UNBIND
I/PackageManager(  812): calling disconnectService()
D/PackageManager(  812): Trying to unbind to DefaultContainerService
D/PackageManager(  812): [MSG] POST_INSTALL: observer{1139195464}
D/PackageManager(  812):           Handling post-install for 26
D/PackageManager(  812): Sending to user 0: act=android.intent.action.PACKAGE_ADDED dat=package:com.snackfortgames.lazyangus_android flg=0x4000000 Bundle[{android.intent.extra.UID=10229, android.intent.extra.user_handle=0}]
D/PackageManager(  812): return install result to caller: 1139195464
D/PackageManager(  812): returnCode: 1
I/PackageManager(  812): Adding preferred activity ComponentInfo{com.android.mms/com.android.mms.ui.ConversationComposer} for user 0 :
I/PackageManager(  812): Adding preferred activity ComponentInfo{com.android.mms/com.android.mms.ui.ConversationComposer} for user 0 :
I/PackageManager(  812): Adding preferred activity ComponentInfo{com.android.mms/com.android.mms.ui.ConversationComposer} for user 0 :
I/PackageManager(  812): Adding preferred activity ComponentInfo{com.android.mms/com.android.mms.ui.ConversationComposer} for user 0 :
I/PackageManager(  812): Adding preferred activity ComponentInfo{com.android.mms/com.android.mms.ui.ConversationComposer} for user 0 :
I/PackageManager(  812): Adding preferred activity ComponentInfo{com.android.mms/com.android.mms.ui.ConversationComposer} for user 0 :
I/PackageManager(  812): Adding preferred activity ComponentInfo{com.android.mms/com.android.mms.ui.ConversationComposer} for user 0 :
I/PackageManager(  812): Adding preferred activity ComponentInfo{com.android.mms/com.android.mms.ui.ConversationComposer} for user 0 :
D/BackupManagerService(  812): Received broadcast Intent { act=android.intent.action.EXTERNAL_APPLICATIONS_UNAVAILABLE flg=0x4000010 (has extras) }
V/BackupManagerService(  812): removePackageParticipantsLocked: uid=0 #1
I/ActivityManager(  812): Killing 31584:com.facebook.orca/u0a195 (adj 15): empty #9
I/ActivityManager(  812): Killing 31851:com.google.android.videos/u0a167 (adj 15): empty #10
I/ActivityManager(  812): Killing 31833:flipboard.app/u0a98 (adj 15): empty #11
D/BackupManagerService(  812): Received broadcast Intent { act=android.intent.action.PACKAGE_ADDED dat=package:com.snackfortgames.lazyangus_android flg=0x4000010 (has extras) }
V/BackupManagerService(  812): addPackageParticipantsLocked: #1
W/ActivityManager(  812): mDVFSHelper.acquire()
W/ActivityThread(32543): Application com.snackfortgames.lazyangus_android can be debugged on port 8100...
W/ContextImpl(32583): Calling a method in the system process without a qualified user: android.app.ContextImpl.startService:1857 android.content.ContextWrapper.startService:506 android.content.ContextWrapper.startService:506 com.samsung.android.app.assistantmenu.AssistantMenuReceiver.onReceive:153 android.app.ActivityThread.handleReceiver:2696 
W/ContextImpl(32612): Calling a method in the system process without a qualified user: android.app.ContextImpl.startService:1857 android.content.ContextWrapper.startService:506 android.content.ContextWrapper.startService:506 com.samsung.android.app.filterinstaller.PackageIntentReceiver.onReceive:55 android.app.ActivityThread.handleReceiver:2696 
I/ActivityManager(  812): Process com.samsung.android.app.filterinstaller (pid 32612) (adj 0) has died.
D/BarController.StatusBar(  812): mState: WINDOW_STATE_HIDDEN
W/ContextImpl(  812): Calling a method in the system process without a qualified user: android.app.ContextImpl.sendBroadcast:1501 com.android.internal.policy.impl.PhoneWindowManager.notifyToSSRM:6311 com.android.internal.policy.impl.PhoneWindowManager.access$200:195 com.android.internal.policy.impl.PhoneWindowManager$PolicyHandler.handleMessage:770 android.os.Handler.dispatchMessage:102 
D/SSRMv2:TSP:AirViewOnOff(  812): SettingsAirViewInfo:: 000000000
D/STATUSBAR-StatusBarManagerService(  812): manageDisableList what=0x0 pkg=WindowManager.LayoutParams
D/PowerManagerService(  812): [api] setUserActivityTimeoutOverrideFromWindowManagerInternal: timeoutMillis: 5226
D/PowerManagerService(  812): [api] setButtonTimeoutOverrideFromWindowManagerInternal: timeoutMillis: -1
D/STATUSBAR-StatusBarManagerService(  812): manageDisableList what=0x0 pkg=com.android.keyguard
D/StatusBarManagerService(  812): semi p:1055,o:f
D/StatusBarManagerService(  812): tr p:1055,o:f
D/LightsService(  812): [api] [SvcLED] turnOff:: id = 4 (uid: 1000 pid: 812) 
D/LightsService(  812): [SvcLED] setSvcLedStateLocked:: SvcLEDState : 0x42 -> 0x40 | SvcLED(id=4) set Off
D/LightsService(  812): [SvcLED] Lux failed to be updated in 0ms. -> handleForcedSvcLEDTasK
E/MotionRecognitionService(  812):   mReceiver.onReceive : ACTION_USER_PRESENT  :: UNLOCK SCREEN
D/SSRMv2:TSP:AirViewOnOff(  812): SettingsAirViewInfo:: 000000000
D/LightsService(  812): [SvcLED]  setSvcLedLightLocked :: priority changed! SvcLED(id=4) OUT; SvcLED(id=3) IN
D/STATUSBAR-StatusBarManagerService(  812): manageDisableList what=0x0 pkg=com.android.keyguard
D/StatusBarManagerService(  812): semi p:1055,o:f
D/StatusBarManagerService(  812): tr p:1055,o:f
D/LightsService(  812): [api] [SvcLED] turnOff:: id = 4 (uid: 1000 pid: 812) 
D/LightsService(  812): [SvcLED] setSvcLedStateLocked:: SvcLEDState : 0x40 -> 0x40 | SvcLED(id=4) set Off
E/MotionRecognitionService(  812):   mReceiver.onReceive : ACTION_USER_PRESENT  :: UNLOCK SCREEN
D/LightsService(  812): [SvcLED] Lux failed to be updated in 0ms. -> handleForcedSvcLEDTasK
D/LightsService(  812): [SvcLED]  setSvcLedLightLocked :: Current SvcLED(id=3) maintains its priority right
D/SSRMv2:TSP:AirViewOnOff(  812): SettingsAirViewInfo:: 000000000
D/PowerManagerService(  812): [api] setUserActivityTimeoutOverrideFromWindowManagerInternal: timeoutMillis: -1
D/PowerManagerService(  812): [api] setScreenDimDurationOverrideFromWindowManagerInternal: timeoutMillis: -1
D/STATUSBAR-StatusBarManagerService(  812): manageDisableList what=0x0 pkg=com.android.keyguard
D/StatusBarManagerService(  812): semi p:1055,o:f
D/StatusBarManagerService(  812): tr p:1055,o:f
D/LightsService(  812): [api] [SvcLED] turnOff:: id = 4 (uid: 1000 pid: 812) 
D/LightsService(  812): [SvcLED] setSvcLedStateLocked:: SvcLEDState : 0x40 -> 0x40 | SvcLED(id=4) set Off
D/LightsService(  812): [SvcLED] Lux failed to be updated in 0ms. -> handleForcedSvcLEDTasK
D/LightsService(  812): [SvcLED]  setSvcLedLightLocked :: Current SvcLED(id=3) maintains its priority right
W/ContextImpl(  812): Calling a method in the system process without a qualified user: android.app.ContextImpl.sendBroadcast:1501 com.android.server.InputMethodManagerService$4.run:2728 java.lang.Thread.run:841 <bottom of call stack> <bottom of call stack> 
E/MotionRecognitionService(  812):   mReceiver.onReceive : ACTION_USER_PRESENT  :: UNLOCK SCREEN
D/SSRMv2:TSP:AirViewOnOff(  812): SettingsAirViewInfo:: 000000000
W/ActivityManager(  812): mDVFSHelper.release()
D/PowerManagerService(  812): [api] [s] wakeUp (uid: 1000 pid: 812) eventTime = 197008566
I/PowerManagerService(  812): !@[ps] Screen__On :  wakeUp:  (uid: 1000 pid: 812)
I/PowerManagerService(  812): Waking up from sleep...
D/PowerManagerService(  812): Screen Readiness Inspection requested: mNestCount=1
D/PowerManagerService(  812): [PWL] sb acquire: PowerManagerService.Broadcasts
D/PowerManagerService(  812): [s] WAKEFULNESS_AWAKE
D/PowerManagerService(  812): [s] UserActivityState : 0 -> 1
D/PowerManagerService(  812): [PWL] sb acquire: PowerManagerService.Display
D/DisplayPowerController(  812): animation target = 231 (PSM:true, AB limit:(-1 ~ -1) MB Limit:(-1 ~ -1) MAdj:(0, (0, 255)))
D/PhoneStatusBar( 1055): disable(): knoxCustomManager = android.app.enterprise.knoxcustom.KnoxCustomManager@42264e40
D/PowerManagerService(  812): [api] [s] userActivity : event: 0 flags: 0 (uid: 10018 pid: 1055) eventTime = 197008603
D/PowerManagerService(  812): Excessive delay in LCD_Task is start: 35ms
D/PowerManagerService(  812): unblankAllDisplays() is called.
D/PowerManagerService(  812): !@[s] unblankAllDisplays() : unblankAllDisplaysFromPowerManager
D/RampAnimator(  812): Light Animator Finished currentValue=231
D/PowerManagerService(  812): Excessive delay in mDisplayManagerService.unblankAllDisplaysFromPowerManager(): 347ms
D/STATUSBAR-StatusBarManagerService(  812): manageDisableList what=0x0 pkg=com.android.keyguard
D/StatusBarManagerService(  812): semi p:1055,o:f
D/StatusBarManagerService(  812): tr p:1055,o:f
D/StatusBarManagerService(  812): semi p:1055,o:f
D/StatusBarManagerService(  812): tr p:1055,o:f
V/KeyguardViewManager( 1055): send wm null token: not showing
I/WindowManager(  812): No lock screen! windowToken=null
D/LightsService(  812): [api] [SvcLED] turnOff:: id = 4 (uid: 1000 pid: 812) 
D/LightsService(  812): [SvcLED] setSvcLedStateLocked:: SvcLEDState : 0x40 -> 0x40 | SvcLED(id=4) set Off
D/LightsService(  812): [SvcLED] Lux failed to be updated in 0ms. -> handleForcedSvcLEDTasK
D/LightsService(  812): [SvcLED]  setSvcLedLightLocked :: Current SvcLED(id=3) maintains its priority right
E/MotionRecognitionService(  812):   mReceiver.onReceive : ACTION_USER_PRESENT  :: UNLOCK SCREEN
D/SSRMv2:TSP:AirViewOnOff(  812): SettingsAirViewInfo:: 000000000
D/PowerManagerNotifier(  812): [api] WindowManagerPolicy.ScreenOnListener : Received onScreenOn().
D/PowerManagerService(  812): Screen Readiness Inspection completed: mNestCount=0
D/DisplayPowerController(  812): animation target = 231 (PSM:true, AB limit:(-1 ~ -1) MB Limit:(-1 ~ -1) MAdj:(0, (0, 255)))
D/DisplayPowerController(  812): !@ElectronBeam exit
D/DisplayPowerController(  812): animation target = 231 (PSM:true, AB limit:(-1 ~ -1) MB Limit:(-1 ~ -1) MAdj:(0, (0, 255)))
D/PowerManagerService(  812): [s] mDisplayPowerControllerCallbacks : onStateChanged()
V/KeyguardDisplayManager( 1055): hide
D/StatusBarManagerService(  812): semi p:32543,o:f
I/ActivityManager(  812): Killing 31313:com.google.android.gms/u0a12 (adj 15): empty #17
I/ActivityManager(  812): Killing 32162:com.sec.android.widgetapp.activeapplicationwidget/u0a149 (adj 15): empty #18
I/ActivityManager(  812): Killing 31721:com.google.android.music:main/u0a122 (adj 15): empty #19
I/ActivityManager(  812): Killing 31958:com.google.android.apps.books/u0a75 (adj 15): empty #20
D/PowerManagerService(  812): [api] acquire WakeLock flags=0x2000000a tag=WindowManager uid=1000 pid=812
D/PowerManagerService(  812): Excessive delay in nativeSetInteractive(true): 274ms
D/PowerManagerService(  812): SecHardwareInterface.setBatteryADC : true
D/LightsService(  812): [api] [SvcLED] turnOff:: id = 3 (uid: 1000 pid: 812) 
D/LightsService(  812): [SvcLED] setSvcLedStateLocked:: SvcLEDState : 0x40 -> 0x0 | SvcLED(id=3) set Off
D/BatteryService(  812): turn off LED
D/LightsService(  812): [SvcLED] Lux failed to be updated in 0ms. -> handleForcedSvcLEDTasK
D/LightsService(  812): [SvcLED]  setSvcLedLightLocked :: Current SvcLED(id=3) maintains its priority right
D/STATUSBAR-NotificationService(  812): ACTION_SCREEN_ON
D/MotionRecognitionService(  812):  ssp status : false
D/MotionRecognitionService(  812):   .isMotionEngineEnabled : true
E/MotionRecognitionService(  812):  disable reactive alert mode 
D/MotionRecognitionService(  812): disableAccINT 
D/MotionRecognitionService(  812): disableAccINT Complete!!
D/MotionRecognitionService(  812):  open api 0
D/MotionRecognitionService(  812):   .unregisterCallback : 0, client= 
D/STATUSBAR-NotificationService(  812): Pickup - unregisterListener
D/LightsService(  812): [api] [SvcLED] turnOff:: id = 4 (uid: 1000 pid: 812) 
D/LightsService(  812): [SvcLED] setSvcLedStateLocked:: SvcLEDState : 0x0 -> 0x0 | SvcLED(id=4) set Off
D/LightsService(  812): [SvcLED] Lux failed to be updated in 0ms. -> handleForcedSvcLEDTasK
D/LightsService(  812): [SvcLED]  setSvcLedLightLocked :: Current SvcLED(id=3) maintains its priority right
I/MotionRecognitionService(  812): poll_accint--  
I/MotionRecognitionService(  812): mReactiveAlert_Wakelock++  
I/MotionRecognitionService(  812): mReactiveAlert_Wakelock--  
D/STATUSBAR-IconMerger( 1055): checkOverflow(180), More:true, Req:true Child:8
D/STATUSBAR-NetworkController( 1055): onSignalStrengthsChanged signalStrength=SignalStrength: 99 -1 -1 -1 -1 -1 -1 17 -112 -14 -14 -1 2147483647 gsm|lte 0x3 level=3
D/STATUSBAR-NetworkController( 1055): onSignalStrengthsChanged signalStrength=SignalStrength: 99 -1 -1 -1 -1 -1 -1 17 -112 -14 -14 -1 2147483647 gsm|lte 0x3 level=3
D/SSRMv2:SIOP(  812): SIOP:: AP = 310, Delta = 10
D/WifiService(  812): startScan by pid=1220, uid=10012
D/PowerManagerService(  812): [PWL] sb release: PowerManagerService.Broadcasts
--------- beginning of /dev/log/main
D/dalvikvm(32729): DexOpt: unable to opt direct call 0x3b51 at 0x30 in Lefj;.a
D/dalvikvm(32729): DexOpt: unable to opt direct call 0x0a18 at 0x13 in Lefj;.a
D/STATUSBAR-NetworkController( 1055): refreshSignalCluster - setNWBoosterIndicators(false)
D/STATUSBAR-NetworkController( 1055): refreshSignalCluster: data=0 bt=false
D/STATUSBAR-IconMerger( 1055): checkOverflow(180), More:true, Req:true Child:8
D/Unity   (32543): [SHA1] ed9813132770b56693932176ff28c299faaf71d0   20904397 bytes ~ lib/armeabi-v7a/libunity.so
I/dalvikvm(32729): Could not find method android.app.Notification$Builder.setLocalOnly, referenced from method eer.a
W/dalvikvm(32729): VFY: unable to resolve virtual method 2532: Landroid/app/Notification$Builder;.setLocalOnly (Z)Landroid/app/Notification$Builder;
D/dalvikvm(32729): VFY: replacing opcode 0x6e at 0x023c
I/dalvikvm(32729): Could not find method android.content.pm.PackageManager.getPackageInstaller, referenced from method eer.a
W/dalvikvm(32729): VFY: unable to resolve virtual method 2906: Landroid/content/pm/PackageManager;.getPackageInstaller ()Landroid/content/pm/PackageInstaller;
D/dalvikvm(32729): VFY: replacing opcode 0x6e at 0x000f
I/dalvikvm(32729): Could not find method android.app.Notification$Builder.setLocalOnly, referenced from method eer.c
W/dalvikvm(32729): VFY: unable to resolve virtual method 2532: Landroid/app/Notification$Builder;.setLocalOnly (Z)Landroid/app/Notification$Builder;
D/dalvikvm(32729): VFY: replacing opcode 0x6e at 0x0207
D/dalvikvm(32729): Trying to load lib /data/app-lib/com.google.android.apps.plus-7/libcrashreporterer.so 0x420a14d0
D/dalvikvm(32729): Added shared lib /data/app-lib/com.google.android.apps.plus-7/libcrashreporterer.so 0x420a14d0
D/VisualEffectParticleEffect( 1055): releaseSound
I/SELinux (32751): Function: selinux_android_load_priority [0], There is no sepolicy file.
I/SELinux (32751):  
D/dalvikvm(  242): GC_EXPLICIT freed 47K, 60% free 6836K/16784K, paused 2ms+3ms, total 27ms
D/dalvikvm(  242): GC_EXPLICIT freed <1K, 60% free 6836K/16784K, paused 2ms+3ms, total 23ms
D/SSRMv2:TSP:AirViewOnOff(  812): SettingsAirViewInfo:: 000000000
I/SELinux (32751): Function: selinux_android_load_priority , spota verifySig and checkHash pass. priority version is VE=SEPF_SM-G386T_4.4.2_0046
I/SELinux (32751):  
I/SELinux (32751):  
E/dalvikvm(32751): >>>>> Normal User
E/dalvikvm(32751): >>>>> com.google.android.apps.docs [ userId:0 | appId:10088 ]
D/dalvikvm(32751): Late-enabling CheckJNI
D/dalvikvm(  242): GC_EXPLICIT freed <1K, 60% free 6836K/16784K, paused 2ms+3ms, total 23ms
D/TimaKeyStoreProvider(32751): in addTimaSignatureService
D/TimaKeyStoreProvider(32751): Cannot add TimaSignature Service, License check Failed
D/ActivityThread(32751): Added TimaKesytore provider
I/NetworkEventSource( 1387): onSignalStrengthsChanged
D/WfcPhoneStateListener( 1199): onSignalStrengthsChanged(): signal strength did not change
D/STATUSBAR-NetworkController( 1055): onSignalStrengthsChanged signalStrength=SignalStrength: 99 -1 -1 -1 -1 -1 -1 18 -112 -14 -68 -1 2147483647 gsm|lte 0x3 level=3
D/STATUSBAR-NetworkController( 1055): refreshSignalCluster - setNWBoosterIndicators(false)
D/STATUSBAR-NetworkController( 1055): refreshSignalCluster: data=0 bt=false
D/STATUSBAR-IconMerger( 1055): checkOverflow(180), More:true, Req:true Child:8
D/dalvikvm(  812): GC_EXPLICIT freed 4750K, 29% free 45531K/63244K, paused 8ms+33ms, total 390ms
I/dalvikvm(32751): Could not find method android.content.pm.PackageManager.getPackageInstaller, referenced from method gqa.a
W/dalvikvm(32751): VFY: unable to resolve virtual method 1798: Landroid/content/pm/PackageManager;.getPackageInstaller ()Landroid/content/pm/PackageInstaller;
D/dalvikvm(32751): VFY: replacing opcode 0x6e at 0x000f
I/GAv4    (32751): Google Analytics 8.1.15 is starting up. To enable debug logging on a device run:
I/GAv4    (32751):   adb shell setprop log.tag.GAv4 DEBUG
