E/ActivityThread(30395): 	at android.app.LoadedApk.getReceiverDispatcher(LoadedApk.java:610)
E/ActivityThread(30395): 	at android.app.ContextImpl.registerReceiverInternal(ContextImpl.java:1808)
E/ActivityThread(30395): 	at android.app.ContextImpl.registerReceiver(ContextImpl.java:1788)
E/ActivityThread(30395): 	at android.content.ContextWrapper.registerReceiver(ContextWrapper.java:486)
E/ActivityThread(30395): 	at com.facebook.rti.mqtt.common.d.s.<init>(WakingExecutorService.java:90)
E/ActivityThread(30395): 	at com.facebook.rti.mqtt.f.an.a(MqttPushServiceBootstrap.java:311)
E/ActivityThread(30395): 	at com.facebook.rti.push.service.s.a(FbnsServiceBootstrap.java:65)
E/ActivityThread(30395): 	at com.facebook.mqttlite.MqttService.f(MqttService.java:489)
E/ActivityThread(30395): 	at com.facebook.rti.mqtt.f.af.c(MqttPushService.java:211)
E/ActivityThread(30395): 	at com.facebook.rti.mqtt.f.g.a(MqttBackgroundService.java:145)
E/ActivityThread(30395): 	at com.facebook.rti.mqtt.f.h.handleMessage(MqttBackgroundService.java:46)
E/ActivityThread(30395): 	at android.os.Handler.dispatchMessage(Handler.java:102)
E/ActivityThread(30395): 	at android.os.Looper.loop(Looper.java:146)
E/ActivityThread(30395): 	at android.os.HandlerThread.run(HandlerThread.java:61)
E/ActivityThread(30395): Service com.facebook.mqttlite.MqttService has leaked IntentReceiver com.facebook.rti.mqtt.e.i@42595468 that was originally registered here. Are you missing a call to unregisterReceiver()?
E/ActivityThread(30395): android.app.IntentReceiverLeaked: Service com.facebook.mqttlite.MqttService has leaked IntentReceiver com.facebook.rti.mqtt.e.i@42595468 that was originally registered here. Are you missing a call to unregisterReceiver()?
E/ActivityThread(30395): 	at android.app.LoadedApk$ReceiverDispatcher.<init>(LoadedApk.java:809)
E/ActivityThread(30395): 	at android.app.LoadedApk.getReceiverDispatcher(LoadedApk.java:610)
E/ActivityThread(30395): 	at android.app.ContextImpl.registerReceiverInternal(ContextImpl.java:1808)
E/ActivityThread(30395): 	at android.app.ContextImpl.registerReceiver(ContextImpl.java:1788)
E/ActivityThread(30395): 	at android.content.ContextWrapper.registerReceiver(ContextWrapper.java:486)
E/ActivityThread(30395): 	at com.facebook.rti.mqtt.e.g.a(KeepaliveManager.java:170)
E/ActivityThread(30395): 	at com.facebook.rti.mqtt.f.i.<init>(MqttConnectionManager.java:192)
E/ActivityThread(30395): 	at com.facebook.rti.mqtt.f.an.a(MqttPushServiceBootstrap.java:482)
E/ActivityThread(30395): 	at com.facebook.rti.push.service.s.a(FbnsServiceBootstrap.java:65)
E/ActivityThread(30395): 	at com.facebook.mqttlite.MqttService.f(MqttService.java:489)
E/ActivityThread(30395): 	at com.facebook.rti.mqtt.f.af.c(MqttPushService.java:211)
E/ActivityThread(30395): 	at com.facebook.rti.mqtt.f.g.a(MqttBackgroundService.java:145)
E/ActivityThread(30395): 	at com.facebook.rti.mqtt.f.h.handleMessage(MqttBackgroundService.java:46)
E/ActivityThread(30395): 	at android.os.Handler.dispatchMessage(Handler.java:102)
E/ActivityThread(30395): 	at android.os.Looper.loop(Looper.java:146)
E/ActivityThread(30395): 	at android.os.HandlerThread.run(HandlerThread.java:61)
D/STATUSBAR-NetworkController( 1055): refreshSignalCluster - setNWBoosterIndicators(false)
D/STATUSBAR-NetworkController( 1055): refreshSignalCluster: data=0 bt=false
D/STATUSBAR-IconMerger( 1055): checkOverflow(180), More:true, Req:true Child:8
V/AlarmManager(  812): waitForAlarm result :4
V/AlarmManager(  812): trigger ELAPSED_REALTIME_WAKEUP or RTC_WAKEUP
D/STATUSBAR-NetworkController( 1055): refreshSignalCluster - setNWBoosterIndicators(false)
D/STATUSBAR-NetworkController( 1055): refreshSignalCluster: data=0 bt=false
D/STATUSBAR-IconMerger( 1055): checkOverflow(180), More:true, Req:true Child:8
D/STATUSBAR-NetworkController( 1055): onSignalStrengthsChanged signalStrength=SignalStrength: 99 -1 -1 -1 -1 -1 -1 18 -110 -12 -2 -1 2147483647 gsm|lte 0x3 level=3
E/Watchdog(  812): !@Sync 6529
D/STATUSBAR-NetworkController( 1055): onSignalStrengthsChanged signalStrength=SignalStrength: 99 -1 -1 -1 -1 -1 -1 19 -111 -12 -8 -1 2147483647 gsm|lte 0x3 level=3
D/STATUSBAR-NetworkController( 1055): refreshSignalCluster - setNWBoosterIndicators(false)
D/STATUSBAR-NetworkController( 1055): refreshSignalCluster: data=0 bt=false
D/STATUSBAR-IconMerger( 1055): checkOverflow(180), More:true, Req:true Child:8
W/ProcessCpuTracker(  812): Skipping unknown process pid 30640
W/ProcessCpuTracker(  812): Skipping unknown process pid 30643
D/STATUSBAR-NetworkController( 1055): refreshSignalCluster - setNWBoosterIndicators(false)
D/STATUSBAR-NetworkController( 1055): refreshSignalCluster: data=0 bt=false
D/STATUSBAR-IconMerger( 1055): checkOverflow(180), More:true, Req:true Child:8
D/STATUSBAR-NetworkController( 1055): onSignalStrengthsChanged signalStrength=SignalStrength: 99 -1 -1 -1 -1 -1 -1 17 -111 -12 30 -1 2147483647 gsm|lte 0x3 level=3
D/SSRMv2:SIOP(  812): SIOP:: AP = 330, Delta = 0
D/BatteryService(  812): level:100, scale:100, status:5, health:2, present:true, voltage: 4317, temperature: 226, technology: Li-ion, AC powered:false, USB powered:true, Wireless powered:false, icon:17303558, invalid charger:0, online:4, current avg:0, charge type:0, power sharing:false
D/BatteryService(  812): Sending ACTION_BATTERY_CHANGED.
D/STATUSBAR-PhoneStatusBar( 1055):  mBrightnessEnablebySettings = true mBrightnessEnablebyBattery = true mBrightnessEnablebyDisableFlag = true mPmsBrightnessEnablebySettings = true
D/BatteryMeterView( 1055): ACTION_BATTERY_CHANGED : level:100 status:5 health:2
D/STATUSBAR-IconMerger( 1055): checkOverflow(180), More:true, Req:true Child:8
D/STATUSBAR-NetworkController( 1055): onSignalStrengthsChanged signalStrength=SignalStrength: 99 -1 -1 -1 -1 -1 -1 17 -111 -13 0 -1 2147483647 gsm|lte 0x3 level=3
D/STATUSBAR-NetworkController( 1055): onSignalStrengthsChanged signalStrength=SignalStrength: 99 -1 -1 -1 -1 -1 -1 17 -111 -13 -8 -1 2147483647 gsm|lte 0x3 level=3
D/STATUSBAR-NetworkController( 1055): refreshSignalCluster - setNWBoosterIndicators(false)
D/STATUSBAR-NetworkController( 1055): refreshSignalCluster: data=0 bt=false
D/STATUSBAR-IconMerger( 1055): checkOverflow(180), More:true, Req:true Child:8
D/STATUSBAR-NetworkController( 1055): onSignalStrengthsChanged signalStrength=SignalStrength: 99 -1 -1 -1 -1 -1 -1 16 -111 -13 -42 -1 2147483647 gsm|lte 0x3 level=3
D/RecentTasksLoader( 1055): preloadRecentTasksList
D/STATUSBAR-RecentTasksLoader( 1055): loadTasksInBackground() mstate:CANCELLED
D/STATUSBAR-RecentTasksLoader( 1055): loadThumbnailsAndIconsInBackground()
D/STATUSBAR-RecentTasksLoader( 1055): loadTasksInBackground -doInBackground()
D/STATUSBAR-RecentTasksLoader( 1055): loadThumbnailsAndIconsInBackground-doInBackground()
D/STATUSBAR-RecentTasksLoader( 1055):     recentTasks.size():5
D/VoIPInterfaceManager(  812): isVoIPRinging()...
D/VoIPInterfaceManager(  812): isVoIPRunningAndDeregi()...
D/VoIPInterfaceManager(  812): Not exist call session
D/RecentTasksLoader( 1055): cancelPreloadingRecentTasksList
D/STATUSBAR-RecentTasksLoader( 1055): cancelLoadingThumbnailsAndIcons()
D/STATUSBAR-RecentTasksLoader( 1055): mTaskLoader.cancel()
D/STATUSBAR-RecentTasksLoader( 1055): mThumbnailLoader.cancel()
D/STATUSBAR-RecentTasksLoader( 1055):     isCancelled - break
I/WindowManager(  812): startDockOrHome
D/PowerManagerService(  812): [api] [s] userActivity : event: 0 flags: 0 (uid: 1000 pid: 812) eventTime = 196795834
D/STATUSBAR-AirplaneModeQuickSettingButton( 1055): onReceive : android.intent.action.CLOSE_SYSTEM_DIALOGS
W/ActivityManager(  812): mDVFSHelper.acquire()
W/ContextImpl(  812): Calling a method in the system process without a qualified user: android.app.ContextImpl.sendBroadcast:1501 com.android.internal.policy.impl.PhoneWindowManager.notifyToSSRM:6311 com.android.internal.policy.impl.PhoneWindowManager.access$200:195 com.android.internal.policy.impl.PhoneWindowManager$PolicyHandler.handleMessage:770 android.os.Handler.dispatchMessage:102 
D/SSRMv2:TSP:AirViewOnOff(  812): SettingsAirViewInfo:: 000000000
D/StatusBarManagerService(  812): semi p:29991,o:f
D/StatusBarManagerService(  812): tr p:29991,o:f
D/StatusBarManagerService(  812): semi p:29991,o:f
W/ActivityManager(  812): mDVFSHelper.release()
I/ActivityManager(  812): Killing 30456:com.android.providers.calendar/u0a35 (adj 15): empty #13
I/ActivityManager(  812): Killing 30350:cc.bacc.believe/u0a188 (adj 15): empty #14
I/ActivityManager(  812): Killing 30136:com.sec.android.app.sbrowser/u0a138 (adj 15): empty #15
I/ActivityManager(  812): Killing 30308:flipboard.app/u0a98 (adj 15): empty #16
D/STATUSBAR-StatusBarManagerService(  812): manageDisableList what=0x0 pkg=WindowManager.LayoutParams
D/SSRMv2:SIOP(  812): SIOP:: AP = 330, Delta = 0
D/RecentTasksLoader( 1055): preloadRecentTasksList
D/STATUSBAR-RecentTasksLoader( 1055): loadTasksInBackground() mstate:CANCELLED
D/STATUSBAR-RecentTasksLoader( 1055): loadThumbnailsAndIconsInBackground()
D/STATUSBAR-RecentTasksLoader( 1055): loadTasksInBackground -doInBackground()
D/STATUSBAR-RecentTasksLoader( 1055): loadThumbnailsAndIconsInBackground-doInBackground()
D/STATUSBAR-RecentTasksLoader( 1055):     recentTasks.size():6
D/STATUSBAR-RecentTasksLoader( 1055): loadThumbnailsAndIconsInBackground-onProgressUpdate()
D/STATUSBAR-RecentTasksLoader( 1055):     !isCancelled()
D/STATUSBAR-RecentTasksLoader( 1055): loadThumbnailsAndIconsInBackground-onProgressUpdate()
D/STATUSBAR-RecentTasksLoader( 1055):     !isCancelled()
D/STATUSBAR-RecentTasksLoader( 1055): loadTasksInBackground-onProgressUpdate()
D/STATUSBAR-RecentTasksLoader( 1055):  error - mRecentsPanel == null
D/STATUSBAR-RecentTasksLoader( 1055): loadTasksInBackground-onProgressUpdate()
D/STATUSBAR-RecentTasksLoader( 1055):  error - mRecentsPanel == null
D/STATUSBAR-RecentTasksLoader( 1055): loadThumbnailsAndIconsInBackground-onProgressUpdate()
D/STATUSBAR-RecentTasksLoader( 1055):     !isCancelled()
D/STATUSBAR-RecentTasksLoader( 1055): loadThumbnailsAndIconsInBackground-onProgressUpdate()
D/STATUSBAR-RecentTasksLoader( 1055):     !isCancelled()
D/STATUSBAR-RecentTasksLoader( 1055): loadThumbnailsAndIconsInBackground-onProgressUpdate()
D/STATUSBAR-RecentTasksLoader( 1055):     !isCancelled()
D/STATUSBAR-RecentTasksLoader( 1055): mState = State.LOADED
D/VoIPInterfaceManager(  812): isVoIPRinging()...
D/VoIPInterfaceManager(  812): isVoIPRunningAndDeregi()...
D/VoIPInterfaceManager(  812): Not exist call session
D/RecentTasksLoader( 1055): cancelPreloadingRecentTasksList
D/STATUSBAR-RecentTasksLoader( 1055): cancelLoadingThumbnailsAndIcons()
D/STATUSBAR-RecentTasksLoader( 1055): mTaskLoader.cancel()
D/STATUSBAR-RecentTasksLoader( 1055): mThumbnailLoader.cancel()
D/StatusBarManagerService(  812): tr p:29991,o:f
D/StatusBarManagerService(  812): semi p:29991,o:f
D/BarController.StatusBar(  812): mState: WINDOW_STATE_SHOWING
D/STATUSBAR-StatusBarManagerService(  812): manageDisableList what=0x0 pkg=WindowManager.LayoutParams
W/ContextImpl(  812): Calling a method in the system process without a qualified user: android.app.ContextImpl.sendBroadcast:1501 com.android.server.InputMethodManagerService$4.run:2728 java.lang.Thread.run:841 <bottom of call stack> <bottom of call stack> 
I/WindowManager(  812): startDockOrHome
D/PowerManagerService(  812): [api] [s] userActivity : event: 0 flags: 0 (uid: 1000 pid: 812) eventTime = 196797346
D/STATUSBAR-AirplaneModeQuickSettingButton( 1055): onReceive : android.intent.action.CLOSE_SYSTEM_DIALOGS
W/ActivityManager(  812): mDVFSHelper.acquire()
D/StatusBarManagerService(  812): tr p:29991,o:f
W/ContextImpl(  812): Calling a method in the system process without a qualified user: android.app.ContextImpl.sendBroadcast:1501 com.android.server.InputMethodManagerService$4.run:2728 java.lang.Thread.run:841 <bottom of call stack> <bottom of call stack> 
D/StatusBarManagerService(  812): semi p:29991,o:f
D/StatusBarManagerService(  812): tr p:29991,o:f
D/StatusBarManagerService(  812): semi p:29991,o:f
I/ActivityManager(  812): Killing 30528:com.google.android.apps.plus/u0a130 (adj 15): empty #10
I/ActivityManager(  812): Killing 30513:com.sec.knox.bridge/1000 (adj 15): empty #11
I/ActivityManager(  812): Killing 30500:com.sec.android.app.FileShareServer/u0a68 (adj 15): empty #12
I/ActivityManager(  812): Killing 30479:com.android.settings/1000 (adj 15): empty #13
D/STATUSBAR-NetworkController( 1055): onSignalStrengthsChanged signalStrength=SignalStrength: 99 -1 -1 -1 -1 -1 -1 16 -112 -13 -12 -1 2147483647 gsm|lte 0x3 level=3
V/AlarmManager(  812): waitForAlarm result :8
V/AlarmManager(  812): ClockReceiver onReceive() ACTION_TIME_TICK
D/STATUSBAR-IconMerger( 1055): checkOverflow(180), More:true, Req:true Child:8
W/ActivityManager(  812): mDVFSHelper.release()
D/STATUSBAR-NetworkController( 1055): refreshSignalCluster - setNWBoosterIndicators(false)
D/STATUSBAR-NetworkController( 1055): refreshSignalCluster: data=0 bt=false
D/STATUSBAR-IconMerger( 1055): checkOverflow(180), More:true, Req:true Child:8
D/MotionRecognitionService(  812):  ssp status : false
D/STATUSBAR-NetworkController( 1055): refreshSignalCluster - setNWBoosterIndicators(false)
D/STATUSBAR-NetworkController( 1055): refreshSignalCluster: data=0 bt=false
D/STATUSBAR-IconMerger( 1055): checkOverflow(180), More:true, Req:true Child:8
D/STATUSBAR-NetworkController( 1055): refreshSignalCluster - setNWBoosterIndicators(false)
D/STATUSBAR-NetworkController( 1055): refreshSignalCluster: data=0 bt=false
D/STATUSBAR-IconMerger( 1055): checkOverflow(180), More:true, Req:true Child:8
D/STATUSBAR-NetworkController( 1055): refreshSignalCluster - setNWBoosterIndicators(false)
D/STATUSBAR-NetworkController( 1055): refreshSignalCluster: data=0 bt=false
D/STATUSBAR-IconMerger( 1055): checkOverflow(180), More:true, Req:true Child:8
D/STATUSBAR-NetworkController( 1055): refreshSignalCluster - setNWBoosterIndicators(false)
D/STATUSBAR-NetworkController( 1055): refreshSignalCluster: data=0 bt=false
D/STATUSBAR-IconMerger( 1055): checkOverflow(180), More:true, Req:true Child:8
V/AlarmManager(  812): waitForAlarm result :4
V/AlarmManager(  812): trigger ELAPSED_REALTIME_WAKEUP or RTC_WAKEUP
V/AlarmManager(  812): trigger ELAPSED_REALTIME_WAKEUP or RTC_WAKEUP
D/STATUSBAR-NetworkController( 1055): refreshSignalCluster - setNWBoosterIndicators(false)
D/STATUSBAR-NetworkController( 1055): refreshSignalCluster: data=0 bt=false
D/STATUSBAR-IconMerger( 1055): checkOverflow(180), More:true, Req:true Child:8
D/SSRMv2:SIOP(  812): SIOP:: AP = 330, Delta = 0
E/Watchdog(  812): !@Sync 6530
D/RecentTasksLoader( 1055): preloadRecentTasksList
D/STATUSBAR-RecentTasksLoader( 1055): loadTasksInBackground() mstate:CANCELLED
D/STATUSBAR-RecentTasksLoader( 1055): loadThumbnailsAndIconsInBackground()
D/STATUSBAR-RecentTasksLoader( 1055): loadTasksInBackground -doInBackground()
D/STATUSBAR-RecentTasksLoader( 1055): loadThumbnailsAndIconsInBackground-doInBackground()
D/STATUSBAR-RecentTasksLoader( 1055):     recentTasks.size():6
D/STATUSBAR-RecentTasksLoader( 1055): loadThumbnailsAndIconsInBackground-onProgressUpdate()
D/STATUSBAR-RecentTasksLoader( 1055):     !isCancelled()
W/ActivityManager(  812): mDVFSHelper.acquire()
D/StatusBarManagerService(  812): tr p:29991,o:f
D/STATUSBAR-AirplaneModeQuickSettingButton( 1055): onReceive : android.intent.action.CLOSE_SYSTEM_DIALOGS
D/STATUSBAR-RecentTasksLoader( 1055): loadTasksInBackground-onProgressUpdate()
D/STATUSBAR-RecentTasksLoader( 1055):  error - mRecentsPanel == null
D/STATUSBAR-RecentTasksLoader( 1055): loadTasksInBackground-onProgressUpdate()
D/STATUSBAR-RecentTasksLoader( 1055):  error - mRecentsPanel == null
D/STATUSBAR-RecentTasksLoader( 1055): loadThumbnailsAndIconsInBackground-onProgressUpdate()
D/STATUSBAR-RecentTasksLoader( 1055):     !isCancelled()
V/WindowManager(  812): rotationForOrientationLw(orient=-1, last=0); user=0 USER_ROTATION_LOCKED sensorRotation=-1 mLidState=-1 mDockMode=0 mHdmiPlugged=false mAccelerometerDefault=false gripRotationLock=false
D/STATUSBAR-RecentsPanel( 1055): onCreate()
D/StatusBarManagerService(  812): tr p:1055,o:f
D/STATUSBAR-RecentsPanelView( 1055): onFinishInflate()
D/STATUSBAR-RecentsPanel( 1055): PrivateMode  initState(false)
D/STATUSBAR-RecentsPanel( 1055): handleIntent(): com.android.systemui.recent.action.TOGGLE_RECENTS
D/STATUSBAR-RecentsPanelView( 1055): refreshRecentTasksList()
D/STATUSBAR-RecentsPanelView( 1055): onTasksLoaded()
D/RecentsPanelView( 1055): show: true
D/STATUSBAR-RecentsPanel( 1055): onStart()
D/STATUSBAR-RecentsPanelView( 1055): refreshRecentTasksList()
D/STATUSBAR-RecentTasksLoader( 1055): loadTasksInBackground() mstate:LOADING
D/STATUSBAR-RecentTasksLoader( 1055):     return (mState != State.CANCELLED)
D/STATUSBAR-RecentsPanelView( 1055): updateUiElements items:4 Showing:true
D/RecentsPanelView( 1055): show: true
D/STATUSBAR-RecentsPanel( 1055): onResume()
D/StatusBarManagerService(  812): semi p:1055,o:f
D/STATUSBAR-RecentTasksLoader( 1055): loadThumbnailsAndIconsInBackground-onProgressUpdate()
D/STATUSBAR-RecentTasksLoader( 1055):     !isCancelled()
D/STATUSBAR-RecentsPanelView( 1055): onTaskThumbnailLoaded()
D/RecentsPanelView( 1055): show: true
D/STATUSBAR-RecentTasksLoader( 1055): loadThumbnailsAndIconsInBackground-onProgressUpdate()
D/STATUSBAR-RecentTasksLoader( 1055):     !isCancelled()
D/STATUSBAR-RecentsPanelView( 1055): onTaskThumbnailLoaded()
D/RecentsPanelView( 1055): show: true
D/STATUSBAR-RecentTasksLoader( 1055): loadThumbnailsAndIconsInBackground-onProgressUpdate()
D/STATUSBAR-RecentTasksLoader( 1055):     !isCancelled()
D/STATUSBAR-RecentTasksLoader( 1055): mState = State.LOADED
D/STATUSBAR-AirplaneModeQuickSettingButton( 1055): onReceive : android.intent.action.CLOSE_SYSTEM_DIALOGS
D/STATUSBAR-StatusBarManagerService(  812): manageDisableList what=0x0 pkg=WindowManager.LayoutParams
D/STATUSBAR-AirplaneModeQuickSettingButton( 1055): onReceive : android.intent.action.CLOSE_SYSTEM_DIALOGS
D/STATUSBAR-RecentsPanel( 1055): onReceive(Intent { act=android.intent.action.CLOSE_SYSTEM_DIALOGS flg=0x50000010 (has extras) })
D/RecentsPanel( 1055): reason : recentapps
D/STATUSBAR-AirplaneModeQuickSettingButton( 1055): onReceive : android.intent.action.CLOSE_SYSTEM_DIALOGS
D/STATUSBAR-RecentsPanel( 1055): onReceive(Intent { act=android.intent.action.CLOSE_SYSTEM_DIALOGS flg=0x50000010 (has extras) })
D/RecentsPanel( 1055): reason : recentapps
D/STATUSBAR-AirplaneModeQuickSettingButton( 1055): onReceive : android.intent.action.CLOSE_SYSTEM_DIALOGS
D/STATUSBAR-RecentsPanel( 1055): onReceive(Intent { act=android.intent.action.CLOSE_SYSTEM_DIALOGS flg=0x50000010 (has extras) })
D/RecentsPanel( 1055): reason : recentapps
W/ContextImpl(  812): Calling a method in the system process without a qualified user: android.app.ContextImpl.sendBroadcast:1501 com.android.server.InputMethodManagerService$4.run:2728 java.lang.Thread.run:841 <bottom of call stack> <bottom of call stack> 
D/BarController.StatusBar(  812): mState: WINDOW_STATE_HIDING
D/STATUSBAR-StatusBarManagerService(  812): manageDisableList what=0x0 pkg=WindowManager.LayoutParams
W/ContextImpl(  812): Calling a method in the system process without a qualified user: android.app.ContextImpl.sendBroadcast:1501 com.android.internal.policy.impl.PhoneWindowManager.notifyToSSRM:6311 com.android.internal.policy.impl.PhoneWindowManager.access$200:195 com.android.internal.policy.impl.PhoneWindowManager$PolicyHandler.handleMessage:770 android.os.Handler.dispatchMessage:102 
D/SSRMv2:TSP:AirViewOnOff(  812): SettingsAirViewInfo:: 000000000
W/ActivityManager(  812): mDVFSHelper.release()
D/BarController.StatusBar(  812): mState: WINDOW_STATE_HIDDEN
D/STATUSBAR-NetworkController( 1055): onSignalStrengthsChanged signalStrength=SignalStrength: 99 -1 -1 -1 -1 -1 -1 15 -113 -13 20 -1 2147483647 gsm|lte 0x3 level=3
D/STATUSBAR-NetworkController( 1055): refreshSignalCluster - setNWBoosterIndicators(false)
D/STATUSBAR-NetworkController( 1055): refreshSignalCluster: data=0 bt=false
D/STATUSBAR-IconMerger( 1055): checkOverflow(180), More:true, Req:true Child:8
I/ActivityManager(  812): Killing 29920:com.sec.chaton/u0a79 (adj 15): empty #13
I/ActivityManager(  812): Killing 30196:com.snackfortgames.lazyangus_android/u0a228 (adj 9): remove task
I/WindowState(  812): WIN DEATH: Window{42d69ec0 u0 com.snackfortgames.lazyangus_android/com.unity3d.player.UnityPlayerActivity}
W/WindowManager(  812): Force-removing child win Window{43520fe0 u0 SurfaceView} from container Window{42d69ec0 u0 com.snackfortgames.lazyangus_android/com.unity3d.player.UnityPlayerActivity}
W/WindowManager(  812): Failed looking up window
W/WindowManager(  812): java.lang.IllegalArgumentException: Requested window android.os.BinderProxy@43af73b0 does not exist
W/WindowManager(  812): 	at com.android.server.wm.WindowManagerService.windowForClientLocked(WindowManagerService.java:10187)
W/WindowManager(  812): 	at com.android.server.wm.WindowManagerService.windowForClientLocked(WindowManagerService.java:10178)
W/WindowManager(  812): 	at com.android.server.wm.WindowState$DeathRecipient.binderDied(WindowState.java:1522)
W/WindowManager(  812): 	at android.os.BinderProxy.sendDeathNotice(Binder.java:493)
W/WindowManager(  812): 	at dalvik.system.NativeStart.run(Native Method)
I/WindowState(  812): WIN DEATH: null
D/RecentTasksLoader( 1055): preloadRecentTasksList
D/STATUSBAR-RecentTasksLoader( 1055): loadTasksInBackground() mstate:LOADED
D/STATUSBAR-RecentTasksLoader( 1055):     return (mState != State.CANCELLED)
D/VoIPInterfaceManager(  812): isVoIPRinging()...
D/VoIPInterfaceManager(  812): isVoIPRunningAndDeregi()...
D/VoIPInterfaceManager(  812): Not exist call session
D/RecentTasksLoader( 1055): cancelPreloadingRecentTasksList
D/STATUSBAR-RecentTasksLoader( 1055): cancelLoadingThumbnailsAndIcons()
D/STATUSBAR-RecentTasksLoader( 1055): RecentsPanel is Showing : return)
D/STATUSBAR-NetworkController( 1055): refreshSignalCluster - setNWBoosterIndicators(false)
D/STATUSBAR-NetworkController( 1055): refreshSignalCluster: data=0 bt=false
D/STATUSBAR-IconMerger( 1055): checkOverflow(180), More:true, Req:true Child:8
D/STATUSBAR-NetworkController( 1055): onSignalStrengthsChanged signalStrength=SignalStrength: 99 -1 -1 -1 -1 -1 -1 15 -114 -13 -24 -1 2147483647 gsm|lte 0x3 level=3
I/WindowManager(  812): startDockOrHome
D/PowerManagerService(  812): [api] [s] userActivity : event: 0 flags: 0 (uid: 1000 pid: 812) eventTime = 196812964
D/STATUSBAR-AirplaneModeQuickSettingButton( 1055): onReceive : android.intent.action.CLOSE_SYSTEM_DIALOGS
D/STATUSBAR-RecentsPanel( 1055): onReceive(Intent { act=android.intent.action.CLOSE_SYSTEM_DIALOGS flg=0x50000010 (has extras) })
D/RecentsPanel( 1055): reason : homekey
D/STATUSBAR-RecentsPanel( 1055): dismissAndGoHome()
D/RecentsPanelView( 1055): show: false
D/STATUSBAR-RecentsPanel( 1055): onPause()
W/ActivityManager(  812): mDVFSHelper.acquire()
V/WindowManager(  812): rotationForOrientationLw(orient=1, last=0); user=0 USER_ROTATION_LOCKED sensorRotation=-1 mLidState=-1 mDockMode=0 mHdmiPlugged=false mAccelerometerDefault=false gripRotationLock=false
W/ContextImpl(  812): Calling a method in the system process without a qualified user: android.app.ContextImpl.sendBroadcast:1501 com.android.internal.policy.impl.PhoneWindowManager.notifyToSSRM:6311 com.android.internal.policy.impl.PhoneWindowManager.access$200:195 com.android.internal.policy.impl.PhoneWindowManager$PolicyHandler.handleMessage:770 android.os.Handler.dispatchMessage:102 
D/SSRMv2:TSP:AirViewOnOff(  812): SettingsAirViewInfo:: 000000000
D/StatusBarManagerService(  812): semi p:29991,o:f
D/StatusBarManagerService(  812): tr p:29991,o:f
D/StatusBarManagerService(  812): semi p:29991,o:f
D/STATUSBAR-StatusBarManagerService(  812): manageDisableList what=0x0 pkg=WindowManager.LayoutParams
D/StatusBarManagerService(  812): tr p:29991,o:f
D/StatusBarManagerService(  812): semi p:29991,o:f
W/ContextImpl(  812): Calling a method in the system process without a qualified user: android.app.ContextImpl.sendBroadcast:1501 com.android.server.InputMethodManagerService$4.run:2728 java.lang.Thread.run:841 <bottom of call stack> <bottom of call stack> 
D/BarController.StatusBar(  812): mState: WINDOW_STATE_SHOWING
D/STATUSBAR-StatusBarManagerService(  812): manageDisableList what=0x0 pkg=WindowManager.LayoutParams
W/ActivityManager(  812): mDVFSHelper.release()
D/STATUSBAR-RecentsPanel( 1055): onStop()
D/STATUSBAR-RecentsPanelView( 1055): onUiHidden() - mShowing:false, mRecentTaskDescriptions != null:true
D/STATUSBAR-RecentsPanelView( 1055): clearRecentTasksList()
D/STATUSBAR-RecentTasksLoader( 1055): cancelLoadingThumbnailsAndIcons()
D/STATUSBAR-RecentTasksLoader( 1055): mTaskLoader.cancel()
D/STATUSBAR-RecentTasksLoader( 1055): mThumbnailLoader.cancel()
D/STATUSBAR-RecentTasksLoader( 1055):  - mRecentsPanel.onTaskLoadingCancelled()
D/STATUSBAR-RecentsPanelView( 1055): onTaskLoadingCancelled()
D/STATUSBAR-RecentTasksLoader( 1055):  - mRecentsPanel.dismiss()
D/RecentsPanelView( 1055): show: false
D/STATUSBAR-RecentsPanelView( 1055): onTaskLoadingCancelled()
D/STATUSBAR-RecentsPanel( 1055): onDestroy()
D/STATUSBAR-NetworkController( 1055): onSignalStrengthsChanged signalStrength=SignalStrength: 99 -1 -1 -1 -1 -1 -1 15 -114 -13 28 -1 2147483647 gsm|lte 0x3 level=3
W/ContextImpl(  812): Calling a method in the system process without a qualified user: android.app.ContextImpl.sendBroadcast:1515 com.android.server.StatusBarManagerService.sendNotification:987 com.android.server.StatusBarManagerService.updateNotification:696 com.android.server.NotificationManagerService$7.run:2140 android.os.Handler.handleCallback:733 
D/STATUSBAR-StatusBarManagerService(  812): sendNotification(2) - 23
D/STATUSBAR-IconMerger( 1055): checkOverflow(180), More:true, Req:true Child:8
V/VibratorService(  812): vibrate - package: com.sec.android.app.launcher, ms: 35, token: android.os.BinderProxy@43e3f2e8
D/VibratorService(  812): JNI vibratorOff()
D/VibratorService(  812): JNI vibratorOn() : 35
V/VibratorService(  812): hasVibrator - useVibetonz: false
D/VibratorService(  812): JNI vibratorOff()
D/SSRMv2:SIOP(  812): SIOP:: AP = 330, Delta = 0
D/BatteryService(  812): level:100, scale:100, status:5, health:2, present:true, voltage: 4300, temperature: 227, technology: Li-ion, AC powered:false, USB powered:true, Wireless powered:false, icon:17303558, invalid charger:0, online:4, current avg:0, charge type:0, power sharing:false
D/BatteryService(  812): Sending ACTION_BATTERY_CHANGED.
D/STATUSBAR-PhoneStatusBar( 1055):  mBrightnessEnablebySettings = true mBrightnessEnablebyBattery = true mBrightnessEnablebyDisableFlag = true mPmsBrightnessEnablebySettings = true
D/BatteryMeterView( 1055): ACTION_BATTERY_CHANGED : level:100 status:5 health:2
D/STATUSBAR-IconMerger( 1055): checkOverflow(180), More:true, Req:true Child:8
D/PowerManagerService(  812): [api] userActivityFromNative : 10 (event: 2 flags: 0) eventTime = 196817658
V/WindowManager(  812): rotationForOrientationLw(orient=1, last=0); user=0 USER_ROTATION_LOCKED sensorRotation=-1 mLidState=-1 mDockMode=0 mHdmiPlugged=false mAccelerometerDefault=false gripRotationLock=false
W/WindowManager(  812): Drag is in progress but there is no drag window handle.
D/STATUSBAR-StatusBarManagerService(  812): manageDisableList what=0x0 pkg=WindowManager.LayoutParams
D/STATUSBAR-NetworkController( 1055): onSignalStrengthsChanged signalStrength=SignalStrength: 99 -1 -1 -1 -1 -1 -1 15 -115 -13 -34 -1 2147483647 gsm|lte 0x2 level=2
D/STATUSBAR-NetworkController( 1055): refreshSignalCluster - setNWBoosterIndicators(false)
D/STATUSBAR-NetworkController( 1055): refreshSignalCluster: data=0 bt=false
D/STATUSBAR-IconMerger( 1055): checkOverflow(180), More:true, Req:true Child:8
D/PackageManager(  812): START PACKAGE DELETE: observer{null}
D/PackageManager(  812): pkg{<packageName>}
D/PackageManager(  812): user{0}
D/PackageManager(  812): deletePackageAsUser : uid = 10009 userId = 0
D/STATUSBAR-StatusBarManagerService(  812): manageDisableList what=0x0 pkg=WindowManager.LayoutParams
D/PackageManager(  812): [MSG] DELETE_PACKAGE_AS_USER
D/StatusBarManagerService(  812): tr p:29991,o:f
D/StatusBarManagerService(  812): semi p:29991,o:f
W/InputMethodManagerService(  812): Window already focused, ignoring focus gain of: com.android.internal.view.IInputMethodClient$Stub$Proxy@44d8de20 attribute=android.view.inputmethod.EditorInfo@44d8dee8, token = android.os.BinderProxy@4452d3a0
D/PackageManager(  812): !@killApplicatoin: 10228, uninstall pkg
W/PackageManager(  812): Couldn't delete native library directory /data/app-lib/com.snackfortgames.lazyangus_android
D/STATUSBAR-NetworkController( 1055): onReceive() - RSSI_CHANGED_ACTION, WIFI_STATE, NETWORK_STATE
D/STATUSBAR-NetworkController( 1055): refreshSignalCluster - setNWBoosterIndicators(false)
D/STATUSBAR-NetworkController( 1055): refreshSignalCluster: data=0 bt=false
D/VoIPInterfaceManager(  812): isVoIPRinging()...
D/VoIPInterfaceManager(  812): isVoIPRunningAndDeregi()...
D/VoIPInterfaceManager(  812): Not exist call session
D/RecentTasksLoader( 1055): preloadRecentTasksList
D/STATUSBAR-IconMerger( 1055): checkOverflow(180), More:true, Req:true Child:8
D/STATUSBAR-RecentTasksLoader( 1055): loadTasksInBackground() mstate:CANCELLED
D/STATUSBAR-RecentTasksLoader( 1055): loadThumbnailsAndIconsInBackground()
D/STATUSBAR-RecentTasksLoader( 1055): loadTasksInBackground -doInBackground()
D/STATUSBAR-RecentTasksLoader( 1055): loadThumbnailsAndIconsInBackground-doInBackground()
D/STATUSBAR-RecentTasksLoader( 1055):     recentTasks.size():5
D/PackageManager(  812): Sending to user 0: act=android.intent.action.PACKAGE_REMOVED dat=package:com.snackfortgames.lazyangus_android flg=0x4000000 Bundle[{android.intent.extra.REMOVED_FOR_ALL_USERS=true, android.intent.extra.UID=10228, android.intent.extra.DATA_REMOVED=true, android.intent.extra.user_handle=0}]
D/STATUSBAR-RecentTasksLoader( 1055): loadTasksInBackground-onProgressUpdate()
D/STATUSBAR-RecentTasksLoader( 1055):  error - mRecentsPanel == null
D/STATUSBAR-RecentTasksLoader( 1055): loadTasksInBackground-onProgressUpdate()
D/STATUSBAR-RecentTasksLoader( 1055):  error - mRecentsPanel == null
D/PackageManager(  812): Sending to user 0: act=android.intent.action.PACKAGE_FULLY_REMOVED dat=package:com.snackfortgames.lazyangus_android flg=0x4000000 Bundle[{android.intent.extra.REMOVED_FOR_ALL_USERS=true, android.intent.extra.UID=10228, android.intent.extra.DATA_REMOVED=true, android.intent.extra.user_handle=0}]
I/PackageManager(  812): Adding preferred activity ComponentInfo{com.android.mms/com.android.mms.ui.ConversationComposer} for user 0 :
D/RecentTasksLoader( 1055): cancelPreloadingRecentTasksList
D/STATUSBAR-RecentTasksLoader( 1055): cancelLoadingThumbnailsAndIcons()
D/STATUSBAR-RecentTasksLoader( 1055): mTaskLoader.cancel()
D/STATUSBAR-RecentTasksLoader( 1055): mThumbnailLoader.cancel()
D/PackageManager(  812): Sending to user 0: act=android.intent.action.UID_REMOVED flg=0x4000000 Bundle[{android.intent.extra.REMOVED_FOR_ALL_USERS=true, android.intent.extra.UID=10228, android.intent.extra.DATA_REMOVED=true, android.intent.extra.user_handle=0}]
I/PackageManager(  812): Adding preferred activity ComponentInfo{com.android.mms/com.android.mms.ui.ConversationComposer} for user 0 :
I/PackageManager(  812): Adding preferred activity ComponentInfo{com.android.mms/com.android.mms.ui.ConversationComposer} for user 0 :
I/PackageManager(  812): Adding preferred activity ComponentInfo{com.android.mms/com.android.mms.ui.ConversationComposer} for user 0 :
I/PackageManager(  812): Adding preferred activity ComponentInfo{com.android.mms/com.android.mms.ui.ConversationComposer} for user 0 :
V/NetworkStats(  812): removeUidsLocked() for UIDs [10228]
V/NetworkStats(  812): performPollLocked(flags=0x3)
I/WindowManager(  812): startDockOrHome
D/PowerManagerService(  812): [api] [s] userActivity : event: 0 flags: 0 (uid: 1000 pid: 812) eventTime = 196820334
D/STATUSBAR-AirplaneModeQuickSettingButton( 1055): onReceive : android.intent.action.CLOSE_SYSTEM_DIALOGS
I/PackageManager(  812): Adding preferred activity ComponentInfo{com.android.mms/com.android.mms.ui.ConversationComposer} for user 0 :
I/PackageManager(  812): Adding preferred activity ComponentInfo{com.android.mms/com.android.mms.ui.ConversationComposer} for user 0 :
I/PackageManager(  812): Adding preferred activity ComponentInfo{com.android.mms/com.android.mms.ui.ConversationComposer} for user 0 :
W/ActivityManager(  812): mDVFSHelper.acquire()
V/NetworkStats(  812): performPollLocked() took 269ms
D/STATUSBAR-NetworkController( 1055): onReceive() - RSSI_CHANGED_ACTION, WIFI_STATE, NETWORK_STATE
D/STATUSBAR-NetworkController( 1055): refreshSignalCluster - setNWBoosterIndicators(false)
D/STATUSBAR-NetworkController( 1055): refreshSignalCluster: data=0 bt=false
D/STATUSBAR-IconMerger( 1055): checkOverflow(180), More:true, Req:true Child:8
D/StatusBarManagerService(  812): tr p:29991,o:f
W/ActivityManager(  812): mDVFSHelper.release()
D/StatusBarManagerService(  812): semi p:29991,o:f
W/ContextImpl(  812): Calling a method in the system process without a qualified user: android.app.ContextImpl.sendBroadcast:1501 com.android.server.InputMethodManagerService$4.run:2728 java.lang.Thread.run:841 <bottom of call stack> <bottom of call stack> 
D/StatusBarManagerService(  812): tr p:29991,o:f
D/StatusBarManagerService(  812): semi p:29991,o:f
D/MountService(  812):  :::: isSecureContainerMounted :: id = com.snackfortgames.lazyangus_android-7, ret = true
D/MountService(  812):  :::: unmountSecureContainer :: id = com.snackfortgames.lazyangus_android-7, force = true
D/BackupManagerService(  812): Received broadcast Intent { act=android.intent.action.PACKAGE_REMOVED dat=package:com.snackfortgames.lazyangus_android flg=0x4000010 (has extras) }
V/BackupManagerService(  812): removePackageParticipantsLocked: uid=10228 #1
D/UsbSettingsManager(  812): clearDefaults: com.snackfortgames.lazyangus_android
D/MobileDataStateTracker(  812): default: setPolicyDataEnable(enabled=true)
W/NetworkStats(  812): getDevSummary: NetworkStats: elapsedRealtime=0
W/NetworkStats(  812): getXtSummary: NetworkStats: elapsedRealtime=925765260
W/NetworkStats(  812):   [0] iface=null uid=-1 set=ALL tag=0x0 rxBytes=59460450 rxPackets=103966 txBytes=18158293 txPackets=106983 operations=0
I/PackageManager(  812): cleanUp
D/MountService(  812):  :::: destroySecureContainer :: id = com.snackfortgames.lazyangus_android-7, force = true
I/ActivityManager(  812): Killing 30575:com.sec.android.widgetapp.SPlannerAppWidget/u0a141 (adj 15): empty #14
I/ActivityManager(  812): Killing 30556:com.android.calendar/u0a140 (adj 15): empty #15
I/ActivityManager(  812): Killing 29135:com.google.android.gms/u0a12 (adj 15): empty #16
D/STATUSBAR-NetworkController( 1055): onSignalStrengthsChanged signalStrength=SignalStrength: 99 -1 -1 -1 -1 -1 -1 17 -115 -13 -30 -1 2147483647 gsm|lte 0x2 level=2
W/ContextImpl(31053): Calling a method in the system process without a qualified user: android.app.ContextImpl.startService:1857 android.content.ContextWrapper.startService:506 android.content.ContextWrapper.startService:506 com.samsung.android.app.assistantmenu.AssistantMenuReceiver.onReceive:165 android.app.ActivityThread.handleReceiver:2696 
I/PackageManager(  812): Adding preferred activity ComponentInfo{com.android.mms/com.android.mms.ui.ConversationComposer} for user 0 :
I/PackageManager(  812): Adding preferred activity ComponentInfo{com.android.mms/com.android.mms.ui.ConversationComposer} for user 0 :
I/PackageManager(  812): Adding preferred activity ComponentInfo{com.android.mms/com.android.mms.ui.ConversationComposer} for user 0 :
W/ContextImpl(31093): Calling a method in the system process without a qualified user: android.app.ContextImpl.startService:1857 android.content.ContextWrapper.startService:506 android.content.ContextWrapper.startService:506 com.samsung.android.app.filterinstaller.PackageIntentReceiver.onReceive:55 android.app.ActivityThread.handleReceiver:2696 
I/PackageManager(  812): Adding preferred activity ComponentInfo{com.android.mms/com.android.mms.ui.ConversationComposer} for user 0 :
I/ActivityManager(  812): Killing 30734:com.sec.android.app.sbrowser/u0a138 (adj 15): empty #15
I/ActivityManager(  812): Killing 30760:flipboard.app/u0a98 (adj 15): empty #16
I/ActivityManager(  812): Killing 29528:com.android.vending/u0a27 (adj 15): empty #17
D/PackageManager(  812): [MSG] START_CLEANING_PACKAGE
W/ContextImpl(31093): Calling a method in the system process without a qualified user: android.app.ContextImpl.sendBroadcast:1501 android.content.ContextWrapper.sendBroadcast:377 com.samsung.android.app.filterinstaller.FilterUninstaller.uninstallFilters:44 com.samsung.android.app.filterinstaller.FilterPackageService$ServiceHandler.handleMessage:134 android.os.Handler.dispatchMessage:102 
I/ActivityManager(  812): Process com.samsung.android.app.filterinstaller (pid 31093) (adj 0) has died.
W/ContextImpl(31181): Calling a method in the system process without a qualified user: android.app.ContextImpl.startService:1857 android.content.ContextWrapper.startService:506 android.content.ContextWrapper.startService:506 com.android.keychain.KeyChainBroadcastReceiver.onReceive:12 android.app.ActivityThread.handleReceiver:2696 
D/STATUSBAR-NetworkController( 1055): onSignalStrengthsChanged signalStrength=SignalStrength: 99 -1 -1 -1 -1 -1 -1 16 -115 -13 -46 -1 2147483647 gsm|lte 0x2 level=2
I/ActivityManager(  812): Killing 30705:com.sec.android.widgetapp.dualclockdigital/u0a91 (adj 15): empty #20
I/ActivityManager(  812): Killing 30693:com.sec.android.widgetapp.digitalclock/u0a85 (adj 15): empty #21
I/ActivityManager(  812): Killing 29898:com.google.android.googlequicksearchbox:search/u0a52 (adj 15): empty #22
I/ActivityManager(  812): Killing 30722:com.sec.android.widgetapp.activeapplicationwidget/u0a149 (adj 15): empty #20
D/STATUSBAR-NetworkController( 1055): refreshSignalCluster - setNWBoosterIndicators(false)
D/STATUSBAR-NetworkController( 1055): refreshSignalCluster: data=0 bt=false
D/STATUSBAR-IconMerger( 1055): checkOverflow(180), More:true, Req:true Child:8
D/SSRMv2:SIOP(  812): SIOP:: AP = 330, Delta = 0
D/STATUSBAR-NetworkController( 1055): onSignalStrengthsChanged signalStrength=SignalStrength: 99 -1 -1 -1 -1 -1 -1 17 -115 -13 6 -1 2147483647 gsm|lte 0x2 level=2
I/ActivityManager(  812): Killing 30980:com.android.musicfx/u0a21 (adj 15): empty #21
I/ActivityManager(  812): Killing 30966:com.sec.esdk.elm/u0a92 (adj 15): empty #22
I/ActivityManager(  812): Killing 30395:com.facebook.orca/u0a195 (adj 15): empty #23
I/ActivityManager(  812): Killing 31026:com.samsung.android.intelligenceservice/u0a4 (adj 15): empty #17
I/ActivityManager(  812): Killing 31012:com.android.settings/1000 (adj 15): empty #18
I/ActivityManager(  812): Killing 30994:com.samsung.android.app.galaxyfinder/u0a30 (adj 15): empty #19
D/STATUSBAR-NetworkController( 1055): refreshSignalCluster - setNWBoosterIndicators(false)
D/STATUSBAR-NetworkController( 1055): refreshSignalCluster: data=0 bt=false
D/STATUSBAR-IconMerger( 1055): checkOverflow(180), More:true, Req:true Child:8
V/AlarmManager(  812): waitForAlarm result :4
V/AlarmManager(  812): trigger ELAPSED_REALTIME_WAKEUP or RTC_WAKEUP
D/STATUSBAR-NetworkController( 1055): onSignalStrengthsChanged signalStrength=SignalStrength: 99 -1 -1 -1 -1 -1 -1 17 -114 -13 6 -1 2147483647 gsm|lte 0x3 level=3
D/STATUSBAR-NetworkController( 1055): refreshSignalCluster - setNWBoosterIndicators(false)
D/STATUSBAR-NetworkController( 1055): refreshSignalCluster: data=0 bt=false
D/STATUSBAR-IconMerger( 1055): checkOverflow(180), More:true, Req:true Child:8
W/ActivityManager(  812): Unable to start service Intent { act=com.sec.chaton.push.PUSH_CLIENT_SERVICE_ACTION } U=0: not found
D/STATUSBAR-NetworkController( 1055): refreshSignalCluster - setNWBoosterIndicators(false)
D/STATUSBAR-NetworkController( 1055): refreshSignalCluster: data=0 bt=false
D/STATUSBAR-IconMerger( 1055): checkOverflow(180), More:true, Req:true Child:8
D/STATUSBAR-NetworkController( 1055): onSignalStrengthsChanged signalStrength=SignalStrength: 99 -1 -1 -1 -1 -1 -1 17 -114 -14 -20 -1 2147483647 gsm|lte 0x3 level=3
I/ActivityManager(  812): Killing 31069:com.sec.knox.bridge/1000 (adj 15): empty #19
I/ActivityManager(  812): Killing 31053:com.samsung.android.app.assistantmenu/1000 (adj 15): empty #20
I/ActivityManager(  812): Killing 31038:com.osp.app.signin/u0a34 (adj 15): empty #21
I/ActivityManager(  812): Killing 31110:com.samsung.android.provider.filterprovider/u0a96 (adj 15): empty #19
I/ActivityManager(  812): Killing 31106:com.samsung.android.app.watchmanagerstub/u0a100 (adj 15): empty #20
I/ActivityManager(  812): Killing 31081:com.sec.android.service.cm/u0a77 (adj 15): empty #21
W/WifiP2pStateTracker(  812): WifiP2pStateReceiver : android.net.wifi.LINK_CONFIGURATION_CHANGED
D/SmartBondingService(  812): SmartBondingReceiver: onReceive action=android.net.wifi.LINK_CONFIGURATION_CHANGED
D/SmartBondingService(  812): EVENT_UPDATE_SB_STATE called / mDisableBySIOP false
W/WifiP2pStateTracker(  812): WifiP2pStateReceiver : android.net.wifi.LINK_CONFIGURATION_CHANGED
D/SmartBondingService(  812): SmartBondingReceiver: onReceive action=android.net.wifi.LINK_CONFIGURATION_CHANGED
D/SmartBondingService(  812): EVENT_UPDATE_SB_STATE called / mDisableBySIOP false
D/ConnectivityService(  812): handleConnectivityChange: address are the same reset per doReset linkProperty[1]: resetMask=0
D/ConnectivityService(  812): handleConnectivityChange: setting default proxy info 
D/ConnectivityService(  812): updateSourceRoutes : no source routing conditions
D/ConnectivityService(  812): handleConnectivityChange: address are the same reset per doReset linkProperty[1]: resetMask=0
D/ConnectivityService(  812): handleConnectivityChange: setting default proxy info 
D/ConnectivityService(  812): updateSourceRoutes : no source routing conditions
D/STATUSBAR-NetworkController( 1055): refreshSignalCluster - setNWBoosterIndicators(false)
D/STATUSBAR-NetworkController( 1055): refreshSignalCluster: data=0 bt=false
D/STATUSBAR-IconMerger( 1055): checkOverflow(180), More:true, Req:true Child:8
I/ActivityManager(  812): Killing 31163:com.samsung.helphub/1000 (adj 15): empty #19
I/ActivityManager(  812): Killing 31147:com.samsung.android.magazine.service/u0a105 (adj 15): empty #20
I/ActivityManager(  812): Killing 31114:com.android.defcontainer/u0a5 (adj 15): empty #21
W/ActivityThread(31721): ClassLoader.loadClass: The class loader returned by Thread.getContextClassLoader() may fail for processes that host multiple applications. You should explicitly specify a context class loader. For example: Thread.setContextClassLoader(getClass().getClassLoader());
D/STATUSBAR-NetworkController( 1055): onSignalStrengthsChanged signalStrength=SignalStrength: 99 -1 -1 -1 -1 -1 -1 17 -113 -14 8 -1 2147483647 gsm|lte 0x3 level=3
I/ActivityManager(  812): Killing 31219:com.sec.spp.push:RemoteNotiProcess/u0a32 (adj 15): empty #16
I/ActivityManager(  812): Killing 31196:com.sec.spp.push/u0a32 (adj 15): empty #17
I/ActivityManager(  812): Killing 31181:com.android.keychain/1000 (adj 15): empty #18
D/WifiDisplayAdapter(  812): getWifiDisplayStatusLocked: result=WifiDisplayStatus{featureState=2, scanState=0, activeDisplayState=0, activeDisplay=null, displays=[], sessionInfo=WifiDisplaySessionInfo: Client/Owner: Client GroupId:  Passphrase:  SessionId: 0 IP Address: , connectedState=-1, networkQoS=0}
D/WifiDisplayAdapter(  812): getWifiDisplayStatusLocked: result=WifiDisplayStatus{featureState=2, scanState=0, activeDisplayState=0, activeDisplay=null, displays=[], sessionInfo=WifiDisplaySessionInfo: Client/Owner: Client GroupId:  Passphrase:  SessionId: 0 IP Address: , connectedState=-1, networkQoS=0}
D/ActivityThread(31746): Loading provider com.google.android.gmail.provider;com.android.mail.notifier;com.google.android.gm.email.provider;com.google.android.gm.email.notifier: com.android.email.provider.EmailProvider
D/WifiDisplayAdapter(  812): getWifiDisplayStatusLocked: result=WifiDisplayStatus{featureState=2, scanState=0, activeDisplayState=0, activeDisplay=null, displays=[], sessionInfo=WifiDisplaySessionInfo: Client/Owner: Client GroupId:  Passphrase:  SessionId: 0 IP Address: , connectedState=-1, networkQoS=0}
D/STATUSBAR-NetworkController( 1055): refreshSignalCluster - setNWBoosterIndicators(false)
D/STATUSBAR-NetworkController( 1055): refreshSignalCluster: data=0 bt=false
D/STATUSBAR-IconMerger( 1055): checkOverflow(180), More:true, Req:true Child:8
W/ActivityManager(  812): Unable to start service Intent { act=com.google.android.gm.email.EXCHANGE_INTENT pkg=com.google.android.gm.exchange } U=0: not found
W/ActivityManager(  812): Unable to start service Intent { cmp=com.google.android.gm/com.android.email.service.AttachmentService } U=0: not found
I/ActivityManager(  812): Killing 31363:com.google.android.apps.docs/u0a88 (adj 15): empty #15
I/ActivityManager(  812): Killing 31309:com.google.android.apps.plus/u0a130 (adj 15): empty #16
I/ActivityManager(  812): Killing 31251:com.android.vending/u0a27 (adj 15): empty #17
I/ActivityManager(  812): Killing 31225:flipboard.app/u0a98 (adj 15): empty #18
W/ActivityManager(  812): Unable to start service Intent { act=com.google.android.gm.email.EXCHANGE_INTENT pkg=com.google.android.gm.exchange } U=0: not found
I/ActivityManager(  812): Killing 31548:com.android.externalstorage/u0a10 (adj 15): empty #11
I/ActivityManager(  812): Killing 31527:com.android.documentsui/u0a87 (adj 15): empty #12
I/ActivityManager(  812): Killing 31487:com.google.android.partnersetup/u0a14 (adj 15): empty #13
D/STATUSBAR-NetworkController( 1055): onSignalStrengthsChanged signalStrength=SignalStrength: 99 -1 -1 -1 -1 -1 -1 17 -113 -14 -38 -1 2147483647 gsm|lte 0x3 level=3
D/STATUSBAR-NetworkController( 1055): refreshSignalCluster - setNWBoosterIndicators(false)
D/STATUSBAR-NetworkController( 1055): refreshSignalCluster: data=0 bt=false
D/STATUSBAR-IconMerger( 1055): checkOverflow(180), More:true, Req:true Child:8
E/ActivityThread(31584): Service com.facebook.mqttlite.MqttService has leaked IntentReceiver com.facebook.rti.mqtt.common.b.e@4252ad80 that was originally registered here. Are you missing a call to unregisterReceiver()?
E/ActivityThread(31584): android.app.IntentReceiverLeaked: Service com.facebook.mqttlite.MqttService has leaked IntentReceiver com.facebook.rti.mqtt.common.b.e@4252ad80 that was originally registered here. Are you missing a call to unregisterReceiver()?
E/ActivityThread(31584): 	at android.app.LoadedApk$ReceiverDispatcher.<init>(LoadedApk.java:809)
E/ActivityThread(31584): 	at android.app.LoadedApk.getReceiverDispatcher(LoadedApk.java:610)
E/ActivityThread(31584): 	at android.app.ContextImpl.registerReceiverInternal(ContextImpl.java:1808)
E/ActivityThread(31584): 	at android.app.ContextImpl.registerReceiver(ContextImpl.java:1788)
E/ActivityThread(31584): 	at android.app.ContextImpl.registerReceiver(ContextImpl.java:1782)
E/ActivityThread(31584): 	at android.content.ContextWrapper.registerReceiver(ContextWrapper.java:479)
E/ActivityThread(31584): 	at com.facebook.rti.mqtt.common.b.d.j(MqttNetworkManager.java:67)
E/ActivityThread(31584): 	at com.facebook.rti.mqtt.common.b.d.<init>(MqttNetworkManager.java:54)
E/ActivityThread(31584): 	at com.facebook.rti.mqtt.f.an.a(MqttPushServiceBootstrap.java:178)
E/ActivityThread(31584): 	at com.facebook.rti.push.service.s.a(FbnsServiceBootstrap.java:65)
E/ActivityThread(31584): 	at com.facebook.mqttlite.MqttService.f(MqttService.java:489)
E/ActivityThread(31584): 	at com.facebook.rti.mqtt.f.af.c(MqttPushService.java:211)
E/ActivityThread(31584): 	at com.facebook.rti.mqtt.f.g.a(MqttBackgroundService.java:145)
E/ActivityThread(31584): 	at com.facebook.rti.mqtt.f.h.handleMessage(MqttBackgroundService.java:46)
E/ActivityThread(31584): 	at android.os.Handler.dispatchMessage(Handler.java:102)
E/ActivityThread(31584): 	at android.os.Looper.loop(Looper.java:146)
E/ActivityThread(31584): 	at android.os.HandlerThread.run(HandlerThread.java:61)
E/ActivityThread(31584): Service com.facebook.mqttlite.MqttService has leaked IntentReceiver com.facebook.rti.mqtt.common.d.t@42554fb0 that was originally registered here. Are you missing a call to unregisterReceiver()?
E/ActivityThread(31584): android.app.IntentReceiverLeaked: Service com.facebook.mqttlite.MqttService has leaked IntentReceiver com.facebook.rti.mqtt.common.d.t@42554fb0 that was originally registered here. Are you missing a call to unregisterReceiver()?
E/ActivityThread(31584): 	at android.app.LoadedApk$ReceiverDispatcher.<init>(LoadedApk.java:809)
E/ActivityThread(31584): 	at android.app.LoadedApk.getReceiverDispatcher(LoadedApk.java:610)
E/ActivityThread(31584): 	at android.app.ContextImpl.registerReceiverInternal(ContextImpl.java:1808)
E/ActivityThread(31584): 	at android.app.ContextImpl.registerReceiver(ContextImpl.java:1788)
E/ActivityThread(31584): 	at android.content.ContextWrapper.registerReceiver(ContextWrapper.java:486)
E/ActivityThread(31584): 	at com.facebook.rti.mqtt.common.d.s.<init>(WakingExecutorService.java:90)
E/ActivityThread(31584): 	at com.facebook.rti.mqtt.f.an.a(MqttPushServiceBootstrap.java:311)
E/ActivityThread(31584): 	at com.facebook.rti.push.service.s.a(FbnsServiceBootstrap.java:65)
E/ActivityThread(31584): 	at com.facebook.mqttlite.MqttService.f(MqttService.java:489)
E/ActivityThread(31584): 	at com.facebook.rti.mqtt.f.af.c(MqttPushService.java:211)
E/ActivityThread(31584): 	at com.facebook.rti.mqtt.f.g.a(MqttBackgroundService.java:145)
E/ActivityThread(31584): 	at com.facebook.rti.mqtt.f.h.handleMessage(MqttBackgroundService.java:46)
E/ActivityThread(31584): 	at android.os.Handler.dispatchMessage(Handler.java:102)
