I/GAv4    (32751):   adb logcat -s GAv4
W/GAv4    (32751): AnalyticsReceiver is not registered or is disabled. Register the receiver for reliable dispatching on non-Google Play devices. See http://goo.gl/8Rd3yj for instructions.
I/dalvikvm(32751): Could not find method android.content.Context.checkSelfPermission, referenced from method asa.a
W/dalvikvm(32751): VFY: unable to resolve virtual method 1616: Landroid/content/Context;.checkSelfPermission (Ljava/lang/String;)I
D/dalvikvm(32751): VFY: replacing opcode 0x6e at 0x001b
W/GAv4    (32751): CampaignTrackingReceiver is not registered, not exported or is disabled. Installation campaign tracking is not possible. See http://goo.gl/8Rd3yj for instructions.
W/AnalyticsTrackerProxyImpl(32751): Analytics setup for ID UA-21125203-2, app name Drive, version 2.3.474.23.33, sample rate 1.0
I/wpa_supplicant( 8886): nl80211: Received scan results (13 BSSes)
V/audio_hw_primary(  244): out_standby: enter: usecase(1: low-latency-playback)
D/CommonIMSInterface( 1387): IMSEventListenerForNetwork: Interface Changed is ::  wlan0 link up
E/wpa_supplicant( 8886): Cmd 35609 not handled
D/Tethering(  812): interfaceLinkStateChanged wlan0, true
D/Tethering(  812): interfaceStatusChanged wlan0, true
I/dalvikvm(32751): Could not find method android.provider.DocumentsContract.getTreeDocumentId, referenced from method edw.a
W/dalvikvm(32751): VFY: unable to resolve static method 2986: Landroid/provider/DocumentsContract;.getTreeDocumentId (Landroid/net/Uri;)Ljava/lang/String;
D/dalvikvm(32751): VFY: replacing opcode 0x71 at 0x0075
V/audio_hw_primary(  244): stop_output_stream: enter: usecase(1: low-latency-playback)
V/audio_hw_primary(  244): disable_audio_route: enter: usecase(1)
V/audio_hw_primary(  244): disable_audio_route: reset mixer path: low-latency-playback
D/audio_route(  244): ++++ audio_route_update_mixer ==============
D/audio_route(  244): Setting mixer control: SLIMBUS_0_RX Audio Mixer MultiMedia5, value: 0
D/audio_route(  244): ------ audio_route_update_mixer ==============
V/audio_hw_primary(  244): disable_audio_route: exit
V/audio_hw_primary(  244): disable_snd_device: snd_device(2: speaker)
D/audio_route(  244): ++++ audio_route_update_mixer ==============
D/audio_route(  244): Setting mixer control: RX4 Digital Volume, value: 84
D/audio_route(  244): Setting mixer control: SPK DRV Volume, value: 8
D/audio_route(  244): Setting mixer control: RX4 MIX1 INP1, value: 0
D/audio_route(  244): Setting mixer control: SPK DAC Switch, value: 0
D/audio_route(  244): Setting mixer control: SLIM RX2 MUX, value: 0
D/audio_route(  244): ------ audio_route_update_mixer ==============
V/audio_hw_primary(  244): stop_output_stream: exit: status(0)
V/audio_hw_primary(  244): out_standby: exit
W/GAv4    (32751): AnalyticsService not registered in the app manifest. Hits might not be delivered reliably. See http://goo.gl/8Rd3yj for instructions.
D/Unity   (32543): [SHA1] c7da4c414b20b751d749d756c128ac2bd8506674   24308511 bytes ~ lib/x86/libunity.so
D/LocationManagerService(  812): Not screening locations
E/LocSvc_flp(  812): I/===> int flp_inject_location(FlpLocation*) line 194 
E/LocSvc_api_v02(  812): I/---> locClientSendReq line 2332 QMI_LOC_INJECT_POSITION_REQ_V02
E/LocSvc_ApiV02(  812): I/<--- void globalRespCb(locClientHandleType, uint32_t, locClientRespIndUnionType, void*) line 113 QMI_LOC_INJECT_POSITION_REQ_V02
E/SMD     (  235): DCD ON
D/Unity   (32543): Mono path[0] = '/mnt/asec/com.snackfortgames.lazyangus_android-1/pkg.apk/assets/bin/Data/Managed'
D/Unity   (32543): Mono config path = 'assets/bin/Data/Managed'
D/dalvikvm( 1220): GC_EXPLICIT freed 2037K, 32% free 13635K/19916K, paused 12ms+12ms, total 196ms
I/SELinux (  314): Function: selinux_android_load_priority [0], There is no sepolicy file.
I/SELinux (  314):  
D/LocationFilter( 1220): Forcing stable location. Original location:Location[fused 37.474090,-122.227232 acc=19 et=+9d7h53m55s725ms {Bundle[{wifiScan=[B@42a04dd0, noGPSLocation=Location[fused 37.474090,-122.227232 acc=19 et=+9d7h53m55s725ms {Bundle[mParcelledData.dataSize=208]}], locationType=3}]}] because connected WiFi network is the same, bssid=cc:35:40:51:b7:01
I/SELinux (  314): Function: selinux_android_load_priority , spota verifySig and checkHash pass. priority version is VE=SEPF_SM-G386T_4.4.2_0046
I/SELinux (  314):  
I/SELinux (  314):  
E/dalvikvm(  314): >>>>> Normal User
E/dalvikvm(  314): >>>>> com.google.android.gms [ userId:0 | appId:10012 ]
D/dalvikvm(  314): Late-enabling CheckJNI
D/TimaKeyStoreProvider(  314): in addTimaSignatureService
D/TimaKeyStoreProvider(  314): Cannot add TimaSignature Service, License check Failed
D/ActivityThread(  314): Added TimaKesytore provider
W/ctxmgr  ( 1220): [ContextSpecificAclFactory]LocationConsent failed, ULR opt-in status is: false, account=account#-975528105#
W/ctxmgr  ( 1220): [AclManager]checkPermissionTypeStatus: no write permission for { uid=10012, packageName=com.google.android.gms }. Returned permission was: USER_CONSENT_REQUIRED for context name=USER_LOCATION, account=account#-975528105#
D/Unity   (32543): PlayerConnection initialized from /mnt/asec/com.snackfortgames.lazyangus_android-1/pkg.apk/assets/bin/Data (debug = 0)
D/Unity   (32543): PlayerConnection initialized network socket : 0.0.0.0 55026
D/Unity   (32543): PlayerConnection initialized unix socket : Unity-com.snackfortgames.lazyangus_android
D/Unity   (32543): Multi-casting "[IP] 10.0.0.12 [Port] 55026 [Flags] 2 [Guid] 1092531208 [EditorId] 3351207258 [Version] 1048832 [Id] AndroidPlayer(samsung_SM-G386T@10.0.0.12) [Debug] 0" to [225.0.0.222:54997]...
W/dalvikvm(  314): VFY: unable to resolve static field 560 (PR_SET_DUMPABLE) in Landroid/system/OsConstants;
D/dalvikvm(  314): VFY: replacing opcode 0x60 at 0x000b
D/dalvikvm(32751): DexOpt: couldn't find static field Landroid/os/Build;.SUPPORTED_ABIS
W/dalvikvm(32751): VFY: unable to resolve static field 120 (SUPPORTED_ABIS) in Landroid/os/Build;
D/dalvikvm(32751): VFY: replacing opcode 0x62 at 0x000a
D/dalvikvm(32751): DexOpt: couldn't find field Landroid/content/pm/ApplicationInfo;.splitSourceDirs
W/dalvikvm(32751): VFY: unable to resolve instance field 36
D/dalvikvm(32751): VFY: replacing opcode 0x54 at 0x005f
D/dalvikvm(32751): DexOpt: couldn't find static field Landroid/os/Build;.SUPPORTED_ABIS
W/dalvikvm(32751): VFY: unable to resolve static field 120 (SUPPORTED_ABIS) in Landroid/os/Build;
D/dalvikvm(32751): VFY: replacing opcode 0x62 at 0x0047
I/dalvikvm(  314): Could not find method com.google.android.gms.common.app.GmsApplication.getSystemService, referenced from method com.google.android.gms.common.app.GmsApplication.onCreate
W/dalvikvm(  314): VFY: unable to resolve virtual method 11562: Lcom/google/android/gms/common/app/GmsApplication;.getSystemService (Ljava/lang/Class;)Ljava/lang/Object;
D/dalvikvm(  314): VFY: replacing opcode 0x6e at 0x00cd
D/dalvikvm(32751): DexOpt: couldn't find field Landroid/content/pm/ApplicationInfo;.splitSourceDirs
I/dalvikvm(32751): DexOpt: unable to optimize instance field ref 0x0024 at 0x63 in Lcom/google/android/gms/common/util/ay;.b
D/dalvikvm(32751): Trying to load lib /data/app-lib/com.google.android.gms-20/libgmscore.so 0x42433c78
I/MultiDex(  314): VM with version 1.6.0 does not have multidex support
I/MultiDex(  314): install
D/dalvikvm(32751): Added shared lib /data/app-lib/com.google.android.gms-20/libgmscore.so 0x42433c78
D/dalvikvm(32751): No JNI_OnLoad found in /data/app-lib/com.google.android.gms-20/libgmscore.so 0x42433c78, skipping init
D/dalvikvm(32751): Trying to load lib /data/app-lib/com.google.android.gms-20/libconscrypt_gmscore_jni.so 0x42433c78
I/MultiDex(  314): MultiDexExtractor.load(/data/app/com.google.android.gms-20.apk, false)
D/dalvikvm(32751): Added shared lib /data/app-lib/com.google.android.gms-20/libconscrypt_gmscore_jni.so 0x42433c78
V/JNIHelp (32751): Registering com/google/android/gms/org/conscrypt/NativeCrypto's 254 native methods...
I/MultiDex(  314): loading existing secondary dex files
I/MultiDex(  314): load found 3 secondary dex files
I/MultiDex(  314): install done
D/dalvikvm(32751): Trying to load lib /data/app-lib/com.google.android.gms-20/libgmscore.so 0x42433c78
D/dalvikvm(32751): Shared lib '/data/app-lib/com.google.android.gms-20/libgmscore.so' already loaded in same CL 0x42433c78
D/dalvikvm(32751): Trying to load lib /data/app-lib/com.google.android.gms-20/libconscrypt_gmscore_jni.so 0x42433c78
D/dalvikvm(32751): Shared lib '/data/app-lib/com.google.android.gms-20/libconscrypt_gmscore_jni.so' already loaded in same CL 0x42433c78
I/ProviderInstaller(32751): Installed default security provider GmsCore_OpenSSL
D/dalvikvm(  314): DexOpt: couldn't find static field Landroid/os/Build;.SUPPORTED_ABIS
W/dalvikvm(  314): VFY: unable to resolve static field 120 (SUPPORTED_ABIS) in Landroid/os/Build;
D/dalvikvm(  314): VFY: replacing opcode 0x62 at 0x000a
D/dalvikvm(  314): DexOpt: couldn't find field Landroid/content/pm/ApplicationInfo;.splitSourceDirs
W/dalvikvm(  314): VFY: unable to resolve instance field 36
D/dalvikvm(  314): VFY: replacing opcode 0x54 at 0x005f
D/dalvikvm(  314): DexOpt: couldn't find static field Landroid/os/Build;.SUPPORTED_ABIS
W/dalvikvm(  314): VFY: unable to resolve static field 120 (SUPPORTED_ABIS) in Landroid/os/Build;
D/dalvikvm(  314): VFY: replacing opcode 0x62 at 0x0047
D/dalvikvm(  314): DexOpt: couldn't find field Landroid/content/pm/ApplicationInfo;.splitSourceDirs
I/dalvikvm(  314): DexOpt: unable to optimize instance field ref 0x0024 at 0x63 in Lcom/google/android/gms/common/util/ay;.b
D/dalvikvm(  314): Trying to load lib /data/app-lib/com.google.android.gms-20/libgmscore.so 0x420a0eb0
D/dalvikvm(  314): Added shared lib /data/app-lib/com.google.android.gms-20/libgmscore.so 0x420a0eb0
D/dalvikvm(  314): No JNI_OnLoad found in /data/app-lib/com.google.android.gms-20/libgmscore.so 0x420a0eb0, skipping init
D/dalvikvm(  314): Trying to load lib /data/app-lib/com.google.android.gms-20/libconscrypt_gmscore_jni.so 0x420a0eb0
D/dalvikvm(  314): Added shared lib /data/app-lib/com.google.android.gms-20/libconscrypt_gmscore_jni.so 0x420a0eb0
V/JNIHelp (  314): Registering com/google/android/gms/org/conscrypt/NativeCrypto's 254 native methods...
D/dalvikvm(  314): Trying to load lib /data/app-lib/com.google.android.gms-20/libgmscore.so 0x420a0eb0
D/dalvikvm(  314): Shared lib '/data/app-lib/com.google.android.gms-20/libgmscore.so' already loaded in same CL 0x420a0eb0
D/dalvikvm(  314): Trying to load lib /data/app-lib/com.google.android.gms-20/libconscrypt_gmscore_jni.so 0x420a0eb0
D/dalvikvm(  314): Shared lib '/data/app-lib/com.google.android.gms-20/libconscrypt_gmscore_jni.so' already loaded in same CL 0x420a0eb0
I/ProviderInstaller(  314): Installed default security provider GmsCore_OpenSSL
D/PackageBroadcastService(  314): Received broadcast action=android.intent.action.PACKAGE_ADDED and uri=com.snackfortgames.lazyangus_android
D/ChimeraCfgMgr(  314): Reading stored module config
I/dalvikvm(  314): Could not find method android.app.admin.DevicePolicyManager.getProfileOwner, referenced from method com.google.android.gms.auth.WorkAccountAuthenticatorInitializer.a
W/dalvikvm(  314): VFY: unable to resolve virtual method 174: Landroid/app/admin/DevicePolicyManager;.getProfileOwner ()Landroid/content/ComponentName;
D/dalvikvm(  314): VFY: replacing opcode 0x6e at 0x0053
D/ChimeraCfgMgr(  314): Loading module com.google.android.gms.games from APK com.google.android.play.games
D/ChimeraModuleLdr(  314): Loading module APK com.google.android.play.games
I/dalvikvm(  314): Could not find method android.os.UserManager.getUserProfiles, referenced from method com.google.android.gms.wearable.service.n.a
W/dalvikvm(  314): VFY: unable to resolve virtual method 1203: Landroid/os/UserManager;.getUserProfiles ()Ljava/util/List;
D/dalvikvm(  314): VFY: replacing opcode 0x6e at 0x003e
I/dalvikvm(  314): Failed resolving Lcom/google/android/gms/common/permission/PermissionUtils$1; interface 96 'Landroid/content/pm/PackageManager$OnPermissionsChangedListener;'
W/dalvikvm(  314): Link of class 'Lcom/google/android/gms/common/permission/PermissionUtils$1;' failed
E/dalvikvm(  314): Could not find class 'com.google.android.gms.common.permission.PermissionUtils$1', referenced from method com.google.android.gms.chimera.GmsModuleInitializer.initializeModuleV0
W/dalvikvm(  314): VFY: unable to resolve new-instance 2374 (Lcom/google/android/gms/common/permission/PermissionUtils$1;) in Lcom/google/android/gms/chimera/GmsModuleInitializer;
D/dalvikvm(  314): VFY: replacing opcode 0x22 at 0x001a
I/dalvikvm(  314): Failed resolving Lcom/google/android/gms/common/permission/PermissionUtils$1; interface 96 'Landroid/content/pm/PackageManager$OnPermissionsChangedListener;'
W/dalvikvm(  314): Link of class 'Lcom/google/android/gms/common/permission/PermissionUtils$1;' failed
D/dalvikvm(  314): DexOpt: unable to opt direct call 0x338d at 0x1c in Lcom/google/android/gms/chimera/GmsModuleInitializer;.initializeModuleV0
I/dalvikvm(  314): Could not find method android.os.UserHandle.isOwner, referenced from method com.google.android.gms.icing.service.w.a
W/dalvikvm(  314): VFY: unable to resolve virtual method 1199: Landroid/os/UserHandle;.isOwner ()Z
D/dalvikvm(  314): VFY: replacing opcode 0x6e at 0x002b
D/ChimeraCfgMgr(  314): Loading module com.google.android.gms.games from APK com.google.android.play.games
D/ChimeraModuleLdr(  314): Module APK com.google.android.play.games already loaded
D/dalvikvm(  314): Trying to load lib /data/app-lib/com.google.android.gms-20/libAppDataSearch.so 0x420a0eb0
I/dalvikvm(  314): Could not find method android.content.pm.PackageManager.getPackageInstaller, referenced from method com.google.android.gms.common.nb.a
W/dalvikvm(  314): VFY: unable to resolve virtual method 424: Landroid/content/pm/PackageManager;.getPackageInstaller ()Landroid/content/pm/PackageInstaller;
D/dalvikvm(  314): VFY: replacing opcode 0x6e at 0x000d
D/dalvikvm(  314): Added shared lib /data/app-lib/com.google.android.gms-20/libAppDataSearch.so 0x420a0eb0
D/dalvikvm(  314): No JNI_OnLoad found in /data/app-lib/com.google.android.gms-20/libAppDataSearch.so 0x420a0eb0, skipping init
D/ChimeraCfgMgr(  314): Loading module com.google.android.gms.gass from APK com.google.android.gms
I/dalvikvm(  314): Could not find method android.app.AlarmManager.setExactAndAllowWhileIdle, referenced from method com.google.android.gms.common.stats.b.a
W/dalvikvm(  314): VFY: unable to resolve virtual method 69: Landroid/app/AlarmManager;.setExactAndAllowWhileIdle (IJLandroid/app/PendingIntent;)V
D/dalvikvm(  314): VFY: replacing opcode 0x6e at 0x0010
D/AsyncTaskServiceImpl(  314): Submit a task: k
I/dalvikvm(  314): Could not find method android.app.Notification$Builder.setLocalOnly, referenced from method com.google.android.gms.common.mz.b
W/dalvikvm(  314): VFY: unable to resolve virtual method 141: Landroid/app/Notification$Builder;.setLocalOnly (Z)Landroid/app/Notification$Builder;
D/dalvikvm(  314): VFY: replacing opcode 0x6e at 0x00ce
D/ChimeraCfgMgr(  314): Loading module com.google.android.gms.gass from APK com.google.android.gms
D/NativeLibraryUtils(  314): Install completed successfully. count=14 extracted=0
D/ChimeraCfgMgr(  314): Loading module com.google.android.gms.vision from APK com.google.android.gms
D/k       (  314): Processing package: com.snackfortgames.lazyangus_android
W/BaseAppContext(  314): Using Auth Proxy for data requests.
I/SELinux (  354): Function: selinux_android_load_priority [0], There is no sepolicy file.
I/SELinux (  354):  
D/GassUtils(  314): Found app info for package com.snackfortgames.lazyangus_android:4. Hash: d8d115757e7ed0eba9363d17784635faa4c1494bb8db3706f7534398ab7900ba
D/k       (  314): Found info for package com.snackfortgames.lazyangus_android in db.
I/SELinux (  354): Function: selinux_android_load_priority , spota verifySig and checkHash pass. priority version is VE=SEPF_SM-G386T_4.4.2_0046
I/SELinux (  354):  
I/SELinux (  354):  
E/dalvikvm(  354): >>>>> Normal User
E/dalvikvm(  354): >>>>> com.sec.android.app.samsungapps [ userId:0 | appId:10033 ]
D/dalvikvm(  354): Late-enabling CheckJNI
W/dalvikvm(  314): VFY: unable to find class referenced in signature (Landroid/net/Network;)
W/dalvikvm(  314): VFY: unable to find class referenced in signature (Landroid/net/Network;)
D/TimaKeyStoreProvider(  354): in addTimaSignatureService
D/TimaKeyStoreProvider(  354): Cannot add TimaSignature Service, License check Failed
D/ActivityThread(  354): Added TimaKesytore provider
W/dalvikvm(  314): VFY: unable to find class referenced in signature (Landroid/net/Network;)
I/dalvikvm(  314): Could not find method android.net.Network.openConnection, referenced from method com.google.android.gms.http.g.a
W/dalvikvm(  314): VFY: unable to resolve virtual method 1007: Landroid/net/Network;.openConnection (Ljava/net/URL;)Ljava/net/URLConnection;
D/dalvikvm(  314): VFY: replacing opcode 0x6e at 0x00bb
I/dalvikvm(  314): Failed resolving Lcom/google/android/gms/common/j/c; interface 122 'Landroid/content/pm/PackageManager$OnPermissionsChangedListener;'
W/dalvikvm(  314): Link of class 'Lcom/google/android/gms/common/j/c;' failed
E/dalvikvm(  314): Could not find class 'com.google.android.gms.common.j.c', referenced from method com.google.android.gms.common.j.b.a
W/dalvikvm(  314): VFY: unable to resolve new-instance 2797 (Lcom/google/android/gms/common/j/c;) in Lcom/google/android/gms/common/j/b;
D/dalvikvm(  314): VFY: replacing opcode 0x22 at 0x0000
I/dalvikvm(  314): Could not find method android.content.Context.checkSelfPermission, referenced from method com.google.android.gms.common.j.b.b
W/dalvikvm(  314): VFY: unable to resolve virtual method 274: Landroid/content/Context;.checkSelfPermission (Ljava/lang/String;)I
D/dalvikvm(  314): VFY: replacing opcode 0x6e at 0x0036
I/dalvikvm(  314): Failed resolving Lcom/google/android/gms/common/j/c; interface 122 'Landroid/content/pm/PackageManager$OnPermissionsChangedListener;'
W/dalvikvm(  314): Link of class 'Lcom/google/android/gms/common/j/c;' failed
D/dalvikvm(  314): DexOpt: unable to opt direct call 0x32c7 at 0x02 in Lcom/google/android/gms/common/j/b;.a
W/dalvikvm(  314): VFY: unable to find class referenced in signature (Landroid/app/SharedElementCallback;)
I/dalvikvm(  314): Could not find method android.app.Activity.setEnterSharedElementCallback, referenced from method android.support.v4.app.w.setEnterSharedElementCallback
W/dalvikvm(  314): VFY: unable to resolve virtual method 53: Landroid/app/Activity;.setEnterSharedElementCallback (Landroid/app/SharedElementCallback;)V
D/dalvikvm(  314): VFY: replacing opcode 0x6e at 0x000e
W/dalvikvm(  314): VFY: unable to find class referenced in signature (Landroid/app/SharedElementCallback;)
I/dalvikvm(  314): Could not find method android.app.Activity.setExitSharedElementCallback, referenced from method android.support.v4.app.w.setExitSharedElementCallback
W/dalvikvm(  314): VFY: unable to resolve virtual method 54: Landroid/app/Activity;.setExitSharedElementCallback (Landroid/app/SharedElementCallback;)V
D/dalvikvm(  314): VFY: replacing opcode 0x6e at 0x000e
I/dalvikvm(  314): Could not find method android.app.Activity.finishAfterTransition, referenced from method android.support.v4.app.w.supportFinishAfterTransition
W/dalvikvm(  314): VFY: unable to resolve virtual method 31: Landroid/app/Activity;.finishAfterTransition ()V
D/dalvikvm(  314): VFY: replacing opcode 0x6e at 0x0006
I/dalvikvm(  314): Could not find method android.app.Activity.postponeEnterTransition, referenced from method android.support.v4.app.w.supportPostponeEnterTransition
W/dalvikvm(  314): VFY: unable to resolve virtual method 49: Landroid/app/Activity;.postponeEnterTransition ()V
D/dalvikvm(  314): VFY: replacing opcode 0x6e at 0x0006
I/dalvikvm(  314): Could not find method android.app.Activity.startPostponedEnterTransition, referenced from method android.support.v4.app.w.supportStartPostponedEnterTransition
W/dalvikvm(  314): VFY: unable to resolve virtual method 61: Landroid/app/Activity;.startPostponedEnterTransition ()V
D/dalvikvm(  314): VFY: replacing opcode 0x6e at 0x0006
E/BaseAppContext(  314): Tried to stop global GMSCore RequestQueue. This is likely unintended, so ignoring.
D/Unity   (32543): InitializeMonoFromMain OK (79381ee0)
W/BaseAppContext(  314): Using Auth Proxy for data requests.
I/NetworkEventSource( 1387): onSignalStrengthsChanged
D/WfcPhoneStateListener( 1199): onSignalStrengthsChanged(): signal strength did not change
D/STATUSBAR-NetworkController( 1055): onSignalStrengthsChanged signalStrength=SignalStrength: 99 -1 -1 -1 -1 -1 -1 17 -113 -14 -20 -1 2147483647 gsm|lte 0x3 level=3
D/Unity   (32543): PlayerConnection already initialized - listening to [10.0.0.12:55026]
I/PeopleDatabaseHelper(  314): cleanUpNonGplusAccounts done.
W/BaseAppContext(  314): Using Auth Proxy for data requests.
W/ContextImpl(  354): Implicit intents with startService are not safe: Intent { act=com.sec.knox.containeragent.service.containermanager.ContainerManagerService } android.content.ContextWrapper.bindService:529 com.sec.knox.containeragent.ContainerManager.<init>:49 com.sec.android.app.samsungapps.vlibrary2.knoxmode.KNOXAPI.<init>:20 
W/ActivityManager(  812): Unable to start service Intent { act=com.sec.knox.containeragent.service.containermanager.ContainerManagerService } U=0: not found
I/SELinux (  433): Function: selinux_android_load_priority [0], There is no sepolicy file.
I/SELinux (  433):  
W/BaseAppContext(  314): Using Auth Proxy for data requests.
W/BaseAppContext(  314): Using Auth Proxy for data requests.
W/BaseAppContext(  314): Using Auth Proxy for data requests.
I/Icing   (  314): Storage manager: low false usage 5.41MB avail 8.22GB capacity 11.75GB
W/BaseAppContext(  314): Using Auth Proxy for data requests.
I/SELinux (  433): Function: selinux_android_load_priority , spota verifySig and checkHash pass. priority version is VE=SEPF_SM-G386T_4.4.2_0046
I/SELinux (  433):  
I/SELinux (  433):  
E/dalvikvm(  433): >>>>> Normal User
E/dalvikvm(  433): >>>>> com.google.android.googlequicksearchbox:search [ userId:0 | appId:10052 ]
D/dalvikvm(  433): Late-enabling CheckJNI
D/TimaKeyStoreProvider(  433): in addTimaSignatureService
D/TimaKeyStoreProvider(  433): Cannot add TimaSignature Service, License check Failed
D/ActivityThread(  433): Added TimaKesytore provider
D/dalvikvm(  433): DexOpt: couldn't find static field Landroid/os/Build;.SUPPORTED_ABIS
W/dalvikvm(  433): VFY: unable to resolve static field 214 (SUPPORTED_ABIS) in Landroid/os/Build;
D/dalvikvm(  433): VFY: replacing opcode 0x62 at 0x0095
D/STATUSBAR-NetworkController( 1055): refreshSignalCluster - setNWBoosterIndicators(false)
D/STATUSBAR-NetworkController( 1055): refreshSignalCluster: data=0 bt=false
D/STATUSBAR-IconMerger( 1055): checkOverflow(180), More:true, Req:true Child:8
I/dalvikvm(  314): Could not find method android.os.UserHandle.isOwner, referenced from method com.google.android.gms.icing.b.g.a
W/dalvikvm(  314): VFY: unable to resolve virtual method 1199: Landroid/os/UserHandle;.isOwner ()Z
D/dalvikvm(  314): VFY: replacing opcode 0x6e at 0x0029
W/dalvikvm(  433): Unable to resolve superclass of Lcom/google/android/apps/gsa/assist/GsaVoiceInteractionSession; (464)
W/dalvikvm(  433): Link of class 'Lcom/google/android/apps/gsa/assist/GsaVoiceInteractionSession;' failed
E/dalvikvm(  433): Could not find class 'com.google.android.apps.gsa.assist.GsaVoiceInteractionSession', referenced from method com.google.android.apps.gsa.assist.GsaVoiceInteractionSession_MembersInjector.al
W/dalvikvm(  433): VFY: unable to resolve check-cast 2157 (Lcom/google/android/apps/gsa/assist/GsaVoiceInteractionSession;) in Lcom/google/android/apps/gsa/assist/GsaVoiceInteractionSession_MembersInjector;
D/dalvikvm(  433): VFY: replacing opcode 0x1f at 0x0000
W/dalvikvm(  433): Unable to resolve superclass of Lcom/google/android/apps/gsa/assist/GsaVoiceInteractionSession; (464)
W/dalvikvm(  433): Link of class 'Lcom/google/android/apps/gsa/assist/GsaVoiceInteractionSession;' failed
W/dalvikvm(  433): VFY: unable to find class referenced in signature (Lcom/google/android/apps/gsa/assist/GsaVoiceInteractionSession;)
W/dalvikvm(  433): Unable to resolve superclass of Lcom/google/android/apps/gsa/assist/GsaVoiceInteractionSession; (464)
W/dalvikvm(  433): Link of class 'Lcom/google/android/apps/gsa/assist/GsaVoiceInteractionSession;' failed
W/dalvikvm(  433): VFY: unable to resolve instance field 6459
D/dalvikvm(  433): VFY: replacing opcode 0x5b at 0x0012
W/dalvikvm(  433): Unable to resolve superclass of Lcom/google/android/apps/gsa/assist/GsaVoiceInteractionSession; (464)
W/dalvikvm(  433): Link of class 'Lcom/google/android/apps/gsa/assist/GsaVoiceInteractionSession;' failed
I/dalvikvm(  433): DexOpt: unable to optimize instance field ref 0x1920 at 0x1c in Lcom/google/android/apps/gsa/assist/GsaVoiceInteractionSession_MembersInjector;.j
W/dalvikvm(  433): Unable to resolve superclass of Lcom/google/android/apps/gsa/assist/GsaVoiceInteractionSession; (464)
W/dalvikvm(  433): Link of class 'Lcom/google/android/apps/gsa/assist/GsaVoiceInteractionSession;' failed
I/dalvikvm(  433): DexOpt: unable to optimize instance field ref 0x1921 at 0x24 in Lcom/google/android/apps/gsa/assist/GsaVoiceInteractionSession_MembersInjector;.j
W/dalvikvm(  433): Unable to resolve superclass of Lcom/google/android/apps/gsa/assist/GsaVoiceInteractionSession; (464)
W/dalvikvm(  433): Link of class 'Lcom/google/android/apps/gsa/assist/GsaVoiceInteractionSession;' failed
I/dalvikvm(  433): DexOpt: unable to optimize instance field ref 0x1922 at 0x2c in Lcom/google/android/apps/gsa/assist/GsaVoiceInteractionSession_MembersInjector;.j
W/dalvikvm(  433): Unable to resolve superclass of Lcom/google/android/apps/gsa/assist/GsaVoiceInteractionSession; (464)
W/dalvikvm(  433): Link of class 'Lcom/google/android/apps/gsa/assist/GsaVoiceInteractionSession;' failed
I/dalvikvm(  433): DexOpt: unable to optimize instance field ref 0x191d at 0x36 in Lcom/google/android/apps/gsa/assist/GsaVoiceInteractionSession_MembersInjector;.j
W/dalvikvm(  433): Unable to resolve superclass of Lcom/google/android/apps/gsa/assist/GsaVoiceInteractionSession; (464)
W/dalvikvm(  433): Link of class 'Lcom/google/android/apps/gsa/assist/GsaVoiceInteractionSession;' failed
I/dalvikvm(  433): DexOpt: unable to optimize instance field ref 0x1923 at 0x3e in Lcom/google/android/apps/gsa/assist/GsaVoiceInteractionSession_MembersInjector;.j
W/dalvikvm(  433): Unable to resolve superclass of Lcom/google/android/apps/gsa/assist/GsaVoiceInteractionSession; (464)
W/dalvikvm(  433): Link of class 'Lcom/google/android/apps/gsa/assist/GsaVoiceInteractionSession;' failed
I/dalvikvm(  433): DexOpt: unable to optimize instance field ref 0x1924 at 0x46 in Lcom/google/android/apps/gsa/assist/GsaVoiceInteractionSession_MembersInjector;.j
W/dalvikvm(  433): Unable to resolve superclass of Lcom/google/android/apps/gsa/assist/GsaVoiceInteractionSession; (464)
W/dalvikvm(  433): Link of class 'Lcom/google/android/apps/gsa/assist/GsaVoiceInteractionSession;' failed
I/dalvikvm(  433): DexOpt: unable to optimize instance field ref 0x1925 at 0x4e in Lcom/google/android/apps/gsa/assist/GsaVoiceInteractionSession_MembersInjector;.j
W/dalvikvm(  433): Unable to resolve superclass of Lcom/google/android/apps/gsa/assist/GsaVoiceInteractionSession; (464)
W/dalvikvm(  433): Link of class 'Lcom/google/android/apps/gsa/assist/GsaVoiceInteractionSession;' failed
I/dalvikvm(  433): DexOpt: unable to optimize instance field ref 0x1926 at 0x56 in Lcom/google/android/apps/gsa/assist/GsaVoiceInteractionSession_MembersInjector;.j
W/dalvikvm(  433): Unable to resolve superclass of Lcom/google/android/apps/gsa/assist/GsaVoiceInteractionSession; (464)
W/dalvikvm(  433): Link of class 'Lcom/google/android/apps/gsa/assist/GsaVoiceInteractionSession;' failed
I/dalvikvm(  433): DexOpt: unable to optimize instance field ref 0x1927 at 0x60 in Lcom/google/android/apps/gsa/assist/GsaVoiceInteractionSession_MembersInjector;.j
E/SMD     (  235): DCD ON
I/SELinux (  450): Function: selinux_android_load_priority [0], There is no sepolicy file.
I/SELinux (  450):  
W/dalvikvm(  433): Exception Ljava/lang/RuntimeException; thrown while initializing Lcom/google/common/util/concurrent/k;
I/SELinux (  450): Function: selinux_android_load_priority , spota verifySig and checkHash pass. priority version is VE=SEPF_SM-G386T_4.4.2_0046
I/SELinux (  450):  
I/SELinux (  450):  
E/dalvikvm(  450): >>>>> Normal User
E/dalvikvm(  450): >>>>> com.sec.chaton [ userId:0 | appId:10079 ]
D/dalvikvm(  450): Late-enabling CheckJNI
D/TimaKeyStoreProvider(  450): in addTimaSignatureService
D/TimaKeyStoreProvider(  450): Cannot add TimaSignature Service, License check Failed
D/ActivityThread(  450): Added TimaKesytore provider
D/dalvikvm(  433): DexOpt: couldn't find static field Landroid/os/Build;.SUPPORTED_ABIS
W/dalvikvm(  433): VFY: unable to resolve static field 214 (SUPPORTED_ABIS) in Landroid/os/Build;
D/dalvikvm(  433): VFY: replacing opcode 0x62 at 0x0053
D/TP/SpamMmsSmsProvider(  450): set contact matching CLI digits:0
W/TelephonyProvider(  450): onCreate: confFile=/system/etc/apns-conf.xml oldCheckSum=-1
D/PackageManager(  812): [MSG] WRITE_PACKAGE_RESTRICTIONS
I/dalvikvm(  433): Could not find method android.content.pm.PackageManager.getPackageInstaller, referenced from method com.google.android.gms.common.e.K
W/dalvikvm(  433): VFY: unable to resolve virtual method 1040: Landroid/content/pm/PackageManager;.getPackageInstaller ()Landroid/content/pm/PackageInstaller;
D/dalvikvm(  433): VFY: replacing opcode 0x6e at 0x000e
I/dalvikvm(  433): Could not find method android.app.Notification$Builder.setLocalOnly, referenced from method com.google.android.gms.common.e.g
W/dalvikvm(  433): VFY: unable to resolve virtual method 561: Landroid/app/Notification$Builder;.setLocalOnly (Z)Landroid/app/Notification$Builder;
D/dalvikvm(  433): VFY: replacing opcode 0x6e at 0x0237
I/dalvikvm(  433): Could not find method android.app.Notification$Builder.setLocalOnly, referenced from method com.google.android.gms.common.e.h
W/dalvikvm(  433): VFY: unable to resolve virtual method 561: Landroid/app/Notification$Builder;.setLocalOnly (Z)Landroid/app/Notification$Builder;
D/dalvikvm(  433): VFY: replacing opcode 0x6e at 0x0208
D/PushModule(  450): [PushClientApplication] (main) PushClientApplication.onCreate()
I/PushModule(  450): [PushClientApplication] (main) PushModule version: 0.9.01.12
D/PushModule(  450): [PushClientApplication] (main) Discovered public push client. disable in app push client.
W/dalvikvm(  314): VFY: unable to find class referenced in signature (Landroid/util/Size;)
I/dalvikvm(  433): Could not find method android.app.Activity.requestPermissions, referenced from method com.google.android.apps.gsa.c.b.a
W/dalvikvm(  433): VFY: unable to resolve virtual method 349: Landroid/app/Activity;.requestPermissions ([Ljava/lang/String;I)V
D/dalvikvm(  433): VFY: replacing opcode 0x6e at 0x000c
I/dalvikvm(  433): Could not find method android.content.Context.checkSelfPermission, referenced from method com.google.android.apps.gsa.c.b.f
W/dalvikvm(  433): VFY: unable to resolve virtual method 814: Landroid/content/Context;.checkSelfPermission (Ljava/lang/String;)I
D/dalvikvm(  433): VFY: replacing opcode 0x6e at 0x0006
W/ContextImpl(  450): Implicit intents with startService are not safe: Intent { act=com.sec.chaton.push.PUSH_CLIENT_SERVICE_ACTION } android.content.ContextWrapper.startService:506 com.sec.chaton.global.GlobalApplication.onCreate:279 android.app.Instrumentation.callApplicationOnCreate:1013 
D/ChimeraCfgMgr(  314): Loading module com.google.android.gms.games from APK com.google.android.play.games
D/ChimeraModuleLdr(  314): Module APK com.google.android.play.games already loaded
W/ActivityManager(  812): Unable to start service Intent { act=com.sec.chaton.push.PUSH_CLIENT_SERVICE_ACTION } U=0: not found
D/LocationManagerService(  812): getProviders()=[passive, gps, network]
I/dalvikvm(  433): Could not find method android.os.UserManager.getUserProfiles, referenced from method com.google.android.apps.gsa.shared.util.cp.cB
W/dalvikvm(  433): VFY: unable to resolve virtual method 2165: Landroid/os/UserManager;.getUserProfiles ()Ljava/util/List;
D/dalvikvm(  433): VFY: replacing opcode 0x6e at 0x0017
I/UpdateIcingCorporaServi(  433): Updating corpora: APPS=com.snackfortgames.lazyangus_android, CONTACTS=MAYBE
D/STATUSBAR-NetworkController( 1055): refreshSignalCluster - setNWBoosterIndicators(false)
D/STATUSBAR-NetworkController( 1055): refreshSignalCluster: data=0 bt=false
D/STATUSBAR-IconMerger( 1055): checkOverflow(180), More:true, Req:true Child:8
I/dalvikvm(  450): Could not find method android.provider.DrmStore.addDrmFile, referenced from method com.sec.chaton.smsplugin.h.o.b
W/dalvikvm(  450): VFY: unable to resolve static method 1657: Landroid/provider/DrmStore;.addDrmFile (Landroid/content/ContentResolver;Ljava/io/FileInputStream;Ljava/lang/String;)Landroid/content/Intent;
D/dalvikvm(  450): VFY: replacing opcode 0x71 at 0x003e
I/SELinux (  507): Function: selinux_android_load_priority [0], There is no sepolicy file.
I/SELinux (  507):  
I/SELinux (  507): Function: selinux_android_load_priority , spota verifySig and checkHash pass. priority version is VE=SEPF_SM-G386T_4.4.2_0046
I/SELinux (  507):  
I/SELinux (  507):  
E/dalvikvm(  507): >>>>> Normal User
E/dalvikvm(  507): >>>>> com.ketchapp.slowdown [ userId:0 | appId:10194 ]
D/dalvikvm(  507): Late-enabling CheckJNI
D/TimaKeyStoreProvider(  507): in addTimaSignatureService
D/TimaKeyStoreProvider(  507): Cannot add TimaSignature Service, License check Failed
D/ActivityThread(  507): Added TimaKesytore provider
D/LockPatternUtils( 1055): isPcwEnable = null
I/SELinux (  526): Function: selinux_android_load_priority [0], There is no sepolicy file.
I/SELinux (  526):  
I/SELinux (  526): Function: selinux_android_load_priority , spota verifySig and checkHash pass. priority version is VE=SEPF_SM-G386T_4.4.2_0046
I/SELinux (  526):  
I/SELinux (  526):  
E/dalvikvm(  526): >>>>> Normal User
E/dalvikvm(  526): >>>>> cc.bacc.believe [ userId:0 | appId:10188 ]
D/dalvikvm(  526): Late-enabling CheckJNI
D/TimaKeyStoreProvider(  526): in addTimaSignatureService
D/TimaKeyStoreProvider(  526): Cannot add TimaSignature Service, License check Failed
E/Icing   (  314): Lite index crc check failed: 587985006 vs 483809612
D/ActivityThread(  526): Added TimaKesytore provider
D/dalvikvm(  314): GC_CONCURRENT freed 5448K, 44% free 9508K/16784K, paused 12ms+8ms, total 150ms
D/STATUSBAR-NetworkController( 1055): refreshSignalCluster - setNWBoosterIndicators(false)
D/STATUSBAR-NetworkController( 1055): refreshSignalCluster: data=0 bt=false
D/STATUSBAR-IconMerger( 1055): checkOverflow(180), More:true, Req:true Child:8
I/ActivityManager(  812): Killing 32482:com.samsung.android.app.galaxyfinder/u0a30 (adj 15): empty #19
I/ActivityManager(  812): Killing 32467:com.android.musicfx/u0a21 (adj 15): empty #20
I/ActivityManager(  812): Killing 32446:com.google.android.partnersetup/u0a14 (adj 15): empty #21
I/ActivityManager(  812): Killing 32297:com.android.defcontainer/u0a5 (adj 15): empty #22
I/System.out( 1243): Broadcast completed: result=0
I/ActivityManager(  812): Killing 32547:com.osp.app.signin/u0a34 (adj 15): empty #16
I/ActivityManager(  812): Killing 32516:com.android.settings/1000 (adj 15): empty #17
I/ActivityManager(  812): Killing 32528:flipboard.app/u0a98 (adj 15): empty #18
D/Unity   (32543): PlayerInitEngineNoGraphics OK
D/daemonapp(28861): [MSC_Daemon]>>> WU:262 [0:0] regintype : NA
D/daemonapp(28861): [MSC_Daemon]>>> WU:318 [0:0] cp type is : cp_eng
D/daemonapp(28861): [MSC_Daemon]>>> WCP:1142 [0:0] Provider query : content://apaccuweatherprovider/settings
D/daemonapp(28861): [MSC_Daemon]>>> WCP:1142 [0:0] Provider query : content://apaccuweatherprovider/weatherinfo
I/Adreno-EGL(32543): <qeglDrvAPI_eglInitialize:410>: EGL 1.4 QUALCOMM build:  ()
I/Adreno-EGL(32543): OpenGL ES Shader Compiler Version: E031.24.00.08
I/Adreno-EGL(32543): Build Date: 08/25/14 Mon
I/Adreno-EGL(32543): Local Branch: AU200-20140825-all-patches-au200-863603
I/Adreno-EGL(32543): Remote Branch: 
I/Adreno-EGL(32543): Local Patches: 
I/Adreno-EGL(32543): Reconstruct Branch: 
D/Unity   (32543): [EGL] Request: ES 3.0 RGB0 000 0/0
D/daemonapp(28861): [MSC_Daemon]>>> WDSM:41 [0:0] Act : comsamsungssrmSCREEN_ON, run:true
D/comsamsunglog(28861): [MSC_Daemon]>>> ====================================================================================================================
W/Adreno-EGL(32543): <qeglDrvAPI_eglGetConfigAttrib:632>: EGL_BAD_ATTRIBUTE
W/Adreno-EGL(32543): <qeglDrvAPI_eglGetConfigAttrib:632>: EGL_BAD_ATTRIBUTE
D/comsamsunglog(28861): [MSC_Daemon]>>> daemonapp [Version : 15010801 ] [ 2 ] 
D/Unity   (32543): [EGL] Selected: ID[1] ES 3.0 RGB16 565 0/0
D/comsamsunglog(28861): [MSC_Daemon]>>> Header set to : ===> "daemonapp" <===
D/comsamsunglog(28861): [MSC_Daemon]>>> ====================================================================================================================
D/daemonapp(28861): [MSC_Daemon]>>> WDSM:82 [0:0] c:332009, r:3
D/daemonapp(28861): [MSC_Daemon]>>> WDSM:418 [0:0]  ==> Act: SCREEN_ON or COVER_OPEN <==
D/daemonapp(28861): [MSC_Daemon]>>> WCP:1142 [0:0] Provider query : content://apaccuweatherprovider/settings
D/daemonapp(28861): [MSC_Daemon]>>> WDSM:421 [0:0] [ASO][AUTOREFRESHKEY] --> 3
D/daemonapp(28861): [MSC_Daemon]>>> WDSM:422 [0:0] [ASO][NUT] = 1451714340000
D/daemonapp(28861): [MSC_Daemon]>>> WDSM:423 [0:0] [ASO][CT] = 1451697160083
D/daemonapp(28861): [MSC_Daemon]>>> WCP:1142 [0:0] Provider query : content://apaccuweatherprovider/packagename
D/Unity   (32543): [EGL] Request: ES 3.0 RGB0 000 0/0
D/Unity   (32543): [EGL] Selected: ID[1] ES 3.0 RGB16 565 0/0
D/Unity   (32543): [EGL] Request: ES 3.0 RGBA32 8888 0/0
D/Unity   (32543): [EGL] Selected: ID[5] ES 3.0 RGBA32 8888 0/0 AFBT
D/Unity   (32543): ANativeWindow: (540/960) RequestedResolution: (0/0) EGLSurface: (540/960)
D/Unity   (32543): Renderer: Adreno (TM) 305
D/Unity   (32543): Vendor:   Qualcomm
D/Unity   (32543): Version:  OpenGL ES 3.0 V@66.0 AU@  (CL@)
D/Unity   (32543): GLES:     3
D/Unity   (32543):  GL_AMD_compressed_ATC_texture GL_AMD_performance_monitor GL_AMD_program_binary_Z400 GL_EXT_debug_label GL_EXT_debug_marker GL_EXT_discard_framebuffer GL_EXT_robustness GL_EXT_texture_format_BGRA8888 GL_EXT_texture_type_2_10_10_10_REV GL_NV_fence GL_OES_compressed_ETC1_RGB8_texture GL_OES_depth_texture GL_OES_depth24 GL_OES_EGL_image GL_OES_EGL_image_external GL_OES_element_index_uint GL_OES_fbo_render_mipmap GL_OES_fragment_precision_high GL_OES_get_program_binary GL_OES_packed_depth_stencil GL_OES_depth_texture_cube_map GL_OES_rgb8_rgba8 GL_OES_standard_derivatives GL_OES_texture_3D GL_OES_texture_float GL_OES_texture_half_float GL_OES_texture_half_float_linear GL_OES_texture_npot GL_OES_vertex_half_float GL_OES_vertex_type_10_10_10_2 GL_OES_vertex_array_object GL_QCOM_alpha_test GL_QCOM_binning_control GL_QCOM_driver_control GL_QCOM_perfmon_global_mode GL_QCOM_extended_get GL_QCOM_extended_get2 GL_QCOM_tiled_rendering GL_QCOM_writeonly_rendering GL_EXT_sRGB GL_EXT_sRGB_write_control GL_EXT_texture_sRGB_de
D/Unity   (32543): code GL_EXT_texture_filter_anisotropic GL_EXT_multisampled_render_to_texture GL_EXT_color_buffer_float GL_EXT_color_buffer_half_float GL_EXT_disjoint_timer_query
D/Unity   (32543): OPENGL LOG: Creating OpenGL ES 3.0 graphics device
D/Unity   (32543): InitializeGfxDevice OK
D/Unity   (32543): Initialize engine version: 5.1.1f1 (2046fc06d4d8)
D/dalvikvm(  812): GC_EXPLICIT freed 2066K, 29% free 45207K/63244K, paused 12ms+31ms, total 463ms
D/daemonapp(28861): [MSC_Daemon]>>> WU:1622 [0:0] PakNme size = 2
D/daemonapp(28861): [MSC_Daemon]>>> WU:262 [0:0] regintype : NA
D/daemonapp(28861): [MSC_Daemon]>>> WU:318 [0:0] cp type is : cp_eng
D/daemonapp(28861): [MSC_Daemon]>>> WU:1626 [0:0] CP Name cp_eng
D/daemonapp(28861): [MSC_Daemon]>>> WCP:1142 [0:0] Provider query : content://apaccuweatherprovider/packagename
E/daemonapp(28861): [MSC_Daemon]>>> WU:1606 [0:0] [NameNotFoundException] !!
I/SELinux (  557): Function: selinux_android_load_priority [0], There is no sepolicy file.
I/SELinux (  557):  
I/SELinux (  557): Function: selinux_android_load_priority , spota verifySig and checkHash pass. priority version is VE=SEPF_SM-G386T_4.4.2_0046
I/SELinux (  557):  
I/SELinux (  557):  
E/dalvikvm(  557): >>>>> Normal User
E/dalvikvm(  557): >>>>> com.facebook.orca [ userId:0 | appId:10195 ]
D/dalvikvm(  557): Late-enabling CheckJNI
D/dalvikvm(  314): GC_CONCURRENT freed 2431K, 47% free 9033K/16784K, paused 10ms+7ms, total 105ms
D/TimaKeyStoreProvider(  557): in addTimaSignatureService
D/TimaKeyStoreProvider(  557): Cannot add TimaSignature Service, License check Failed
D/ActivityThread(  557): Added TimaKesytore provider
D/STATUSBAR-NetworkController( 1055): refreshSignalCluster - setNWBoosterIndicators(false)
D/STATUSBAR-NetworkController( 1055): refreshSignalCluster: data=0 bt=false
D/STATUSBAR-IconMerger( 1055): checkOverflow(180), More:true, Req:true Child:8
E/SMD     (  235): DCD ON
W/libc    (32543): pthread_create sched_setscheduler call failed: Operation not permitted
V/AudioPolicyManagerBase(  244): getOutput() device 2, stream 3, samplingRate 0, format 0, channelMask 3, flags 0
V/AudioPolicyManagerBase(  244): getOutputsForDevice device 0002 -> 0002
V/AudioPolicyManagerBase(  244): selectOutput() output 2 outputDesc->mProfile->mFlags 0002 flags 0000
V/AudioPolicyManagerBase(  244): selectOutput() output 3 outputDesc->mProfile->mFlags 0004 flags 0000
V/AudioPolicyManagerBase(  244): getOutput() returns output 2
V/AudioPolicyManagerBase(  244): getOutput() device 2, stream 3, samplingRate 0, format 0, channelMask 3, flags 0
V/AudioPolicyManagerBase(  244): getOutputsForDevice device 0002 -> 0002
V/AudioPolicyManagerBase(  244): selectOutput() output 2 outputDesc->mProfile->mFlags 0002 flags 0000
V/AudioPolicyManagerBase(  244): selectOutput() output 3 outputDesc->mProfile->mFlags 0004 flags 0000
V/AudioPolicyManagerBase(  244): getOutput() returns output 2
V/AudioPolicyManagerBase(  244): getOutput() device 2, stream 3, samplingRate 0, format 0, channelMask 3, flags 0
V/AudioPolicyManagerBase(  244): getOutputsForDevice device 0002 -> 0002
V/AudioPolicyManagerBase(  244): selectOutput() output 2 outputDesc->mProfile->mFlags 0002 flags 0000
V/AudioPolicyManagerBase(  244): selectOutput() output 3 outputDesc->mProfile->mFlags 0004 flags 0000
V/AudioPolicyManagerBase(  244): getOutput() returns output 2
V/AudioPolicyManagerBase(  244): getOutput() device 2, stream 3, samplingRate 0, format 0, channelMask 3, flags 0
V/AudioPolicyManagerBase(  244): getOutputsForDevice device 0002 -> 0002
V/AudioPolicyManagerBase(  244): selectOutput() output 2 outputDesc->mProfile->mFlags 0002 flags 0000
V/AudioPolicyManagerBase(  244): selectOutput() output 3 outputDesc->mProfile->mFlags 0004 flags 0000
V/AudioPolicyManagerBase(  244): getOutput() returns output 2
V/AudioPolicyManagerBase(  244): getOutput() device 2, stream 3, samplingRate 0, format 0, channelMask 3, flags 0
V/AudioPolicyManagerBase(  244): getOutputsForDevice device 0002 -> 0002
V/AudioPolicyManagerBase(  244): selectOutput() output 2 outputDesc->mProfile->mFlags 0002 flags 0000
V/AudioPolicyManagerBase(  244): selectOutput() output 3 outputDesc->mProfile->mFlags 0004 flags 0000
V/AudioPolicyManagerBase(  244): getOutput() returns output 2
V/AudioPolicyManagerBase(  244): getOutput() device 2, stream 3, samplingRate 24000, format 1, channelMask 3, flags 0
V/AudioPolicyManagerBase(  244): getOutputsForDevice device 0002 -> 0002
V/AudioPolicyManagerBase(  244): selectOutput() output 2 outputDesc->mProfile->mFlags 0002 flags 0000
V/AudioPolicyManagerBase(  244): selectOutput() output 3 outputDesc->mProfile->mFlags 0004 flags 0000
V/AudioPolicyManagerBase(  244): getOutput() returns output 2
V/AudioPolicyManagerBase(  244): startOutput() output 2, stream 3, session 4181
V/AudioPolicyManagerBase(  244): changeRefCount() stream 3, count 1
V/AudioPolicyManagerBase(  244): getNewDevice() selected device 2
V/AudioPolicyManagerBase(  244): setOutputDevice() output 2 device 0002 force 0 delayMs 0 
V/AudioPolicyManagerBase(  244): setOutputDevice() prevDevice (0002)
V/AudioPolicyManagerBase(  244): setOutputDevice() setting same device 0002 or null device for output 2
V/AudioPolicyManagerBase(  244): getOutputsForDevice device 0002 -> 0002
V/AudioPolicyManagerBase(  244): getOutputsForDevice device 0002 -> 0002
D/Unity   (32543): Begin MonoManager ReloadAssembly
E/AudioResampler(  244): Unsupported sample format, 1 bits, 2 channels
D/AudioResampler(  244): AudioResamplerOrder1::resample common!!!!!
D/AudioResampler(  244): new common resampler(24000 -> 48000, 2, 2)
D/SoundAliveResampler(  244): [SoundAliveResampler] Init+++
V/audio_hw_primary(  244): start_output_stream: enter: usecase(0: deep-buffer-playback) devices(0x2)
V/audio_hw_primary(  244): select_devices: ENTER
V/audio_hw_primary(  244): select_devices: usecase(normal)
V/audio_hw_primary(  244): select_devices: usecase(PCM_PLAYBACK)
V/msm8974_platform(  244): platform_get_output_snd_device: enter: output devices(0x2)
V/msm8974_platform(  244): get_OUTPUT_snd_device: for Normal Playback
V/msm8974_platform(  244): platform_get_output_snd_device: exit: snd_device(speaker)
D/audio_hw_primary(  244): select_devices: out_snd_device(2: speaker)
D/audio_hw_primary(  244): select_devices: in_snd_device(0: dummy)
D/ACDB-LOADER(  244): ACDB -> send_audio_cal, acdb_id = 15, path =  0
D/ACDB-LOADER(  244): ACDB -> send_adm_topology
D/ACDB-LOADER(  244): ACDB -> ACDB_CMD_GET_AUDPROC_COMMON_TOPOLOGY_ID
D/ACDB-LOADER(  244): ACDB -> send_audtable
D/ACDB-LOADER(  244): ACDB -> ACDB_CMD_GET_AUDPROC_COMMON_TABLE
D/ACDB-LOADER(  244): ACDB -> AUDIO_SET_AUDPROC_CAL
D/ACDB-LOADER(  244): ACDB -> send_audvoltable
D/ACDB-LOADER(  244): ACDB -> ACDB_CMD_GET_AUDPROC_GAIN_DEP_STEP_TABLE
D/ACDB-LOADER(  244): ACDB -> AUDIO_SET_AUDPROC_VOL_CAL
D/ACDB-LOADER(  244): ACDB -> send_afe_cal
D/ACDB-LOADER(  244): ACDB -> ACDB_CMD_GET_AFE_COMMON_TABLE
D/ACDB-LOADER(  244): ACDB -> AUDIO_SET_AFE_CAL
V/audio_hw_primary(  244): enable_snd_device: snd_device(2: speaker, speaker)
D/audio_route(  244): ++++ audio_route_update_mixer ==============
D/audio_route(  244): Setting mixer control: RX4 Digital Volume, value: 80
D/audio_route(  244): Setting mixer control: SPK DRV Volume, value: 7
D/audio_route(  244): Setting mixer control: RX4 MIX1 INP1, value: 6
D/audio_route(  244): Setting mixer control: SPK DAC Switch, value: 1
D/audio_route(  244): Setting mixer control: SLIM RX2 MUX, value: 1
D/audio_route(  244): ------ audio_route_update_mixer ==============
V/audio_hw_primary(  244): enable_audio_route: enter: usecase(0)
V/audio_hw_primary(  244): enable_audio_route: apply mixer path: deep-buffer-playback
D/audio_route(  244): ++++ audio_route_update_mixer ==============
D/audio_route(  244): Setting mixer control: SLIMBUS_0_RX Audio Mixer MultiMedia1, value: 1
D/audio_route(  244): ------ audio_route_update_mixer ==============
V/audio_hw_primary(  244): enable_audio_route: exit
V/audio_hw_primary(  244): start_output_stream: Opening PCM device card_id(0) device_id(0)
V/audio_hw_primary(  244): start_output_stream: exit
I/SELinux (  577): Function: selinux_android_load_priority [0], There is no sepolicy file.
I/SELinux (  577):  
I/SELinux (  577): Function: selinux_android_load_priority , spota verifySig and checkHash pass. priority version is VE=SEPF_SM-G386T_4.4.2_0046
I/SELinux (  577):  
I/SELinux (  577):  
E/dalvikvm(  577): >>>>> Normal User
E/dalvikvm(  577): >>>>> flipboard.app [ userId:0 | appId:10098 ]
D/dalvikvm(  577): Late-enabling CheckJNI
I/Icing   (  314): updateResources: need to parse f{com.google.android.gms}
D/TimaKeyStoreProvider(  577): in addTimaSignatureService
D/TimaKeyStoreProvider(  577): Cannot add TimaSignature Service, License check Failed
D/ActivityThread(  577): Added TimaKesytore provider
D/Unity   (32543): Platform assembly: /mnt/asec/com.snackfortgames.lazyangus_android-1/pkg.apk/assets/bin/Data/Managed/UnityEngine.dll (this message is harmless)
D/Unity   (32543): Loading /mnt/asec/com.snackfortgames.lazyangus_android-1/pkg.apk/assets/bin/Data/Managed/UnityEngine.dll into Unity Child Domain
I/NetworkEventSource( 1387): onSignalStrengthsChanged
D/WfcPhoneStateListener( 1199): onSignalStrengthsChanged(): signal strength did not change
D/STATUSBAR-NetworkController( 1055): onSignalStrengthsChanged signalStrength=SignalStrength: 99 -1 -1 -1 -1 -1 -1 19 -113 -14 -90 -1 2147483647 gsm|lte 0x3 level=3
I/dalvikvm(  577): Could not find method android.webkit.WebView.enableSlowWholeDocumentDraw, referenced from method flipboard.app.FlipboardApplication.onCreate
W/dalvikvm(  577): VFY: unable to resolve static method 12954: Landroid/webkit/WebView;.enableSlowWholeDocumentDraw ()V
D/dalvikvm(  577): VFY: replacing opcode 0x71 at 0x02a2
W/dalvikvm(  557): VFY: unable to resolve static field 729 (a) in Lcom/facebook/messenger/app/cf;
D/dalvikvm(  557): VFY: replacing opcode 0x62 at 0x0006
I/dalvikvm(  557): Failed resolving Lcom/facebook/inject/br; interface 379 'Lcom/facebook/inject/g;'
W/dalvikvm(  557): Link of class 'Lcom/facebook/inject/br;' failed
I/dalvikvm(  557): Failed resolving Lcom/facebook/inject/az; interface 371 'Lcom/facebook/inject/br;'
W/dalvikvm(  557): Link of class 'Lcom/facebook/inject/az;' failed
W/dalvikvm(  557): VFY: unable to find class referenced in signature (Lcom/facebook/inject/az;)
