I/ActivityManager(  812): Process com.sec.android.widgetapp.dualclockdigital (pid 27292) (adj 15) has died.
E/CameraController(  812): open() x
E/CameraController(  812): Preview need to be rotated counter clock-wise 90 degree.
E/CameraController(  812): setCamreaParameter with mode: 1 service_type: 100
E/CameraController(  812): Preview Size Is Not Supported (maybe auto-mode). Auto-Select
E/CameraController(  812): Front Camera Support 320, 240 preview
E/CameraController(  812): StartPreview()
E/CameraController(  812): StartPreview() X
E/CameraController(  812): handleMessage signal: 1
E/CameraController(  812): handleMessage(1) before let go!{ when=-703ms what=1 arg1=4 target=com.sec.android.smartface.CameraController$EventHandler }
E/CameraController(  812): handleMessage(1) after let go!{ when=-703ms what=1 arg1=4 target=com.sec.android.smartface.CameraController$EventHandler }
E/CameraController(  812): handleMessage, lock.unlock before
E/CameraController(  812): handleMessage(1) after unlock{ when=-707ms what=1 arg1=4 target=com.sec.android.smartface.CameraController$EventHandler }
E/CameraController(  812): waitHere, 707ms
E/CameraController(  812): Wait for 1 DONE!
E/CameraController(  812): sendMessageAndWait, lock.unlock before
E/CameraController(  812): sendMessageAndWait, lock.unlock after
E/CameraController(  812): openCamera E
E/SmartFaceService(  812): Orientation: 0
E/SmartFaceService(  812): Calling onPreviewFrame: Thread[Stay/Rotation Worker,5,main]/195962769
D/Stay/Rotation Worker(  812): handleMessage: 1
E/SmartFaceService(  812): Orientation: 0
E/SmartFaceService(  812): Calling onPreviewFrame: Thread[Stay/Rotation Worker,5,main]/195962872
E/Stay/Rotation Worker(  812): processSmartStay[199ms], ret: -1 needToStay: 0 mFrameCount: 0 mFixed: false
D/Stay/Rotation Worker(  812): handleMessage: 1
E/SmartFaceService(  812): Orientation: 0
E/SmartFaceService(  812): Calling onPreviewFrame: Thread[Stay/Rotation Worker,5,main]/195962979
E/SmartFaceService(  812): Orientation: 0
E/SmartFaceService(  812): Calling onPreviewFrame: Thread[Stay/Rotation Worker,5,main]/195963101
E/Stay/Rotation Worker(  812): processSmartStay[199ms], ret: -1 needToStay: 0 mFrameCount: 1 mFixed: false
D/Stay/Rotation Worker(  812): handleMessage: 1
E/SmartFaceService(  812): unregister:195963169
E/SmartFaceService(  812): unregister
E/SmartFaceService(  812): unregister client found. pid 812 servicetype: 100 AppName: system
E/SmartFaceService(  812): send LastServiecTypeFromClient to scroll pause worker: 0
E/SmartFaceService(  812): mLightIntensityEnough: true mLux: 0.0
D/Stay/Rotation Worker(  812): updateClientsDone. def. do nothing.
E/SmartFaceService(  812): Service Type to Worker: 0
E/SmartFaceService(  812): Last Active clients:1 Current Active clients: 0
E/SmartFaceService(  812): Last Smart Pause clients: 0 Current Smart Pause clients: 0
E/SmartFaceService(  812): No active clients. close camera
E/CameraController(  812): closeCamera S
E/CameraController(  812): sendMessageAndWait, lock.lock before
E/CameraController(  812): sendMessageAndWait, lock.lock after
E/CameraController(  812): Wait for 0
E/CameraController(  812): waitHere, condition var. will be used. related lock release and re-acquired after await done.
E/CameraController(  812): handleMessage(0) before lock{ when=0 what=0 target=com.sec.android.smartface.CameraController$EventHandler }
E/CameraController(  812): handleMessage, lock.lock after
E/CameraController(  812): handleMessage(0) after lock{ when=-1ms what=0 target=com.sec.android.smartface.CameraController$EventHandler }
D/STATUSBAR-NetworkController( 1055): refreshSignalCluster - setNWBoosterIndicators(false)
D/STATUSBAR-NetworkController( 1055): refreshSignalCluster: data=0 bt=false
D/STATUSBAR-IconMerger( 1055): checkOverflow(144), More:true, Req:true Child:8
E/Stay/Rotation Worker(  812): processSmartStay[179ms], ret: -1 needToStay: 0 mFrameCount: 2 mFixed: false
E/SmartFaceService(  812): Clear worker messages
E/CameraController(  812): handleMessage signal: 0
E/CameraController(  812): handleMessage(0) before let go!{ when=-445ms what=0 target=com.sec.android.smartface.CameraController$EventHandler }
E/CameraController(  812): handleMessage(0) after let go!{ when=-445ms what=0 target=com.sec.android.smartface.CameraController$EventHandler }
E/CameraController(  812): handleMessage, lock.unlock before
E/CameraController(  812): handleMessage(0) after unlock{ when=-445ms what=0 target=com.sec.android.smartface.CameraController$EventHandler }
E/CameraController(  812): waitHere, 445ms
E/CameraController(  812): Wait for 0 DONE!
E/CameraController(  812): sendMessageAndWait, lock.unlock before
E/CameraController(  812): sendMessageAndWait, lock.unlock after
E/CameraController(  812): closeCamera E
D/SmartFaceIndicator(  812): no icon
E/SmartFaceService(  812): mWakeLock.release() in FD
D/STATUSBAR-IconMerger( 1055): checkOverflow(180), More:true, Req:true Child:8
D/PowerManagerService(  812): [smart stay] faceDetect : bFaceDetected : false
D/PowerManagerService(  812): [smart stay] handleSmartStay : mFaceDetected : false
D/STATUSBAR-NetworkController( 1055): refreshSignalCluster - setNWBoosterIndicators(false)
D/STATUSBAR-NetworkController( 1055): refreshSignalCluster: data=0 bt=false
D/STATUSBAR-IconMerger( 1055): checkOverflow(180), More:true, Req:true Child:8
D/PowerManagerService(  812): [s] UserActivityState : 1 -> 2
D/DisplayPowerController(  812): animation target = 20 (PSM:true, AB limit:(-1 ~ -1) MB Limit:(-1 ~ -1) MAdj:(0, (0, 255)))
D/PowerManagerService(  812): [s] mDisplayPowerControllerCallbacks : onStateChanged()
D/RampAnimator(  812): Light Animator Finished currentValue=20
W/WifiP2pStateTracker(  812): WifiP2pStateReceiver : android.net.wifi.LINK_CONFIGURATION_CHANGED
D/SmartBondingService(  812): SmartBondingReceiver: onReceive action=android.net.wifi.LINK_CONFIGURATION_CHANGED
D/SmartBondingService(  812): EVENT_UPDATE_SB_STATE called / mDisableBySIOP false
W/WifiP2pStateTracker(  812): WifiP2pStateReceiver : android.net.wifi.LINK_CONFIGURATION_CHANGED
D/SmartBondingService(  812): SmartBondingReceiver: onReceive action=android.net.wifi.LINK_CONFIGURATION_CHANGED
D/SmartBondingService(  812): EVENT_UPDATE_SB_STATE called / mDisableBySIOP false
D/ConnectivityService(  812): handleConnectivityChange: address are the same reset per doReset linkProperty[1]: resetMask=0
D/ConnectivityService(  812): handleConnectivityChange: setting default proxy info 
D/ConnectivityService(  812): updateSourceRoutes : no source routing conditions
D/ConnectivityService(  812): handleConnectivityChange: address are the same reset per doReset linkProperty[1]: resetMask=0
D/ConnectivityService(  812): handleConnectivityChange: setting default proxy info 
D/ConnectivityService(  812): updateSourceRoutes : no source routing conditions
D/STATUSBAR-NetworkController( 1055): refreshSignalCluster - setNWBoosterIndicators(false)
D/STATUSBAR-NetworkController( 1055): refreshSignalCluster: data=0 bt=false
D/STATUSBAR-IconMerger( 1055): checkOverflow(180), More:true, Req:true Child:8
D/STATUSBAR-NetworkController( 1055): refreshSignalCluster - setNWBoosterIndicators(false)
D/STATUSBAR-NetworkController( 1055): refreshSignalCluster: data=0 bt=false
D/STATUSBAR-IconMerger( 1055): checkOverflow(180), More:true, Req:true Child:8
D/SSRMv2:SIOP(  812): SIOP:: AP = 330, Delta = 0
D/STATUSBAR-NetworkController( 1055): refreshSignalCluster - setNWBoosterIndicators(false)
D/STATUSBAR-NetworkController( 1055): refreshSignalCluster: data=0 bt=false
D/STATUSBAR-IconMerger( 1055): checkOverflow(180), More:true, Req:true Child:8
E/Watchdog(  812): !@Sync 6502
D/PowerManagerService(  812): [s] UserActivityState : 2 -> 0
I/PowerManagerService(  812): !@[ps] Screen__Off(2) : timeout (0x4)
I/PowerManagerService(  812): Going to sleep due to screen timeout...
D/PowerManagerService(  812): [s] WAKEFULNESS_ASLEEP
D/DisplayPowerController(  812): !@ElectronBeam entry
D/PowerManagerService(  812): blankAllDisplays() is called.
D/PowerManagerService(  812): [s] mDisplayPowerControllerCallbacks : onStateChanged()
D/PowerManagerService(  812): [PWL] sb acquire: PowerManagerService.Broadcasts
D/PowerManagerService(  812): [PWL] sb release: PowerManagerService.Display
D/StatusBarManagerService(  812): tr p:18747,o:f
D/PowerManagerService(  812): Excessive delay in nativeSetInteractive(false): 195ms
D/PowerManagerService(  812): !@[s] blankAllDisplays() : blankAllDisplaysFromPowerManage
V/AlarmManager(  812): waitForAlarm result :4
V/AlarmManager(  812): trigger ELAPSED_REALTIME_WAKEUP or RTC_WAKEUP
D/LightsService(  812): [api] [SvcLED] setFlashing :: id = 3, color = 0, mode = 14, onMS = 0, offMS = 0,  (uid: 1000 pid: 812) 
D/LightsService(  812): [SvcLED] setSvcLedStateLocked:: SvcLEDState : 0x0 -> 0x40 | SvcLED(id=3) set On
D/BatteryService(  812): turn on LED for fully charged
D/LightsService(  812): [SvcLED] Lux failed to be updated in 0ms. -> handleForcedSvcLEDTasK
D/VibratorService(  812): JNI vibratorOff()
D/LightsService(  812): [SvcLED]  setSvcLedLightLocked :: Current SvcLED(id=3) maintains its priority right
D/STATUSBAR-NotificationService(  812): ACTION_SCREEN_OFF
D/STATUSBAR-NotificationService(  812): Pickup - Missed event found
D/MotionRecognitionService(  812):  ssp status : false
D/MotionRecognitionService(  812): enableAccINT 
D/MotionRecognitionService(  812): enableAccINT Complete!!
D/MotionRecognitionService(  812):  open api 0
D/MotionRecognitionService(  812):   .registerCallback : 1, motion_sensors=0, client= 
D/MotionRecognitionService(  812):   .isMotionEngineEnabled : true
D/MotionRecognitionService(  812):   .initializeMotionEngine
D/MotionRecognitionService(  812): SERVICETYPE_MOTION Condition changed : MOTION_STARTSTOP
D/MotionRecognitionService(  812): SERVICETYPE_MOTION can't start : SETTING
D/MotionRecognitionService(  812): SERVICETYPE_MOTION can't start : REGISTER_LISTENER
D/MotionRecognitionService(  812): Acquire sensors : Settings = 1101001000010000000100
D/MotionRecognitionService(  812): Acquired sensors for motion : 0
D/STATUSBAR-NotificationService(  812): Pickup - registerListener
D/STATUSBAR-NotificationService(  812): updateLightsLocked() : Set default flashing notification light
D/LightsService(  812): [api] [SvcLED] setFlashing :: id = 4, color = ffffffff, mode = 12, onMS = 500, offMS = 2000,  (uid: 1000 pid: 812) 
D/LightsService(  812): [SvcLED] setSvcLedStateLocked:: SvcLEDState : 0x40 -> 0x42 | SvcLED(id=4) set On
D/LightsService(  812): [SvcLED] Lux failed to be updated in 0ms. -> handleForcedSvcLEDTasK
D/LightsService(  812): [SvcLED]  setSvcLedLightLocked :: priority changed! SvcLED(id=3) OUT; SvcLED(id=4) IN
D/PowerManagerService(  812): Excessive delay in mDisplayManagerService.blankAllDisplaysFromPowerManager(): 222ms
D/PowerManagerService(  812): SecHardwareInterface.setBatteryADC : false
I/PowerManagerService(  812): [PWL] Off : 0s ago
I/PowerManagerService(  812): [PWL]   PowerManagerService.WakeLocks: ref count=1
I/PowerManagerService(  812): [PWL]     mWakeLockSummary : 0x1
I/PowerManagerService(  812): [PWL]       PARTIAL_WAKE_LOCK              'AlarmManager' (uid=1000, pid=812, ws=WorkSource{10181}) (elapsedTime=146)
I/PowerManagerService(  812): [PWL]   PowerManagerService.Broadcasts: ref count=1
V/AlarmManager(  812):  next == MAX_VALUE
D/MotionRecognitionService(  812): SERVICETYPE_MOTION Condition changed = MOTION_STARTSTOP
I/MotionRecognitionService(  812): mReactiveAlert_Wakelock++  
D/MotionRecognitionService(  812):   .finalizeMotionEngine
D/STATUSBAR-PhoneStatusBar( 1055):      ACTION_SCREEN_OFF is received!!!! 
D/STATUSBAR-PhoneStatusBar( 1055): makeExpandedInvisible
D/STATUSBAR-PhoneStatusBar( 1055):      ACTION_SCREEN_OFF is finished!!!! 
D/STATUSBAR-NetworkController( 1055): onSignalStrengthsChanged signalStrength=SignalStrength: 99 -1 -1 -1 -1 -1 -1 17 -112 -14 -24 -1 2147483647 gsm|lte 0x3 level=3
I/MotionRecognitionService(  812): mReactiveAlert_Wakelock--  
I/MotionRecognitionService(  812): poll_accint++  
D/SSRMv2:SIOP(  812): SIOP:: AP = 330, Delta = 0
D/PowerManagerService(  812): [PWL] sb release: PowerManagerService.Broadcasts
V/AlarmManager(  812): waitForAlarm result :4
V/AlarmManager(  812): trigger ELAPSED_REALTIME_WAKEUP or RTC_WAKEUP
V/AlarmManager(  812): trigger ELAPSED_REALTIME_WAKEUP or RTC_WAKEUP
I/MotionRecognitionService(  812): poll_accint--  
I/MotionRecognitionService(  812): mReactiveAlert_Wakelock++  
I/PowerManagerService(  812): [PWL] Off : 5s ago
I/PowerManagerService(  812): [PWL]   PowerManagerService.WakeLocks: ref count=1
I/PowerManagerService(  812): [PWL]     mWakeLockSummary : 0x1
I/PowerManagerService(  812): [PWL]       PARTIAL_WAKE_LOCK              'AlarmManager' (uid=1000, pid=812, ws=WorkSource{10018}) (elapsedTime=457)
I/PowerManagerService(  812): [PWL]       PARTIAL_WAKE_LOCK              'NlpCollectorWakeLock' (uid=10012, pid=1220, ws=WorkSource{10012 com.google.android.gms, 10052 com.google.android.googlequicksearchbox}) (elapsedTime=379)
I/PowerManagerService(  812): [PWL]       PARTIAL_WAKE_LOCK              'NlpCollectorWakeLock' (uid=10012, pid=1220, ws=WorkSource{10012 com.google.android.gms, 10052 com.google.android.googlequicksearchbox}) (elapsedTime=385)
I/PowerManagerService(  812): [PWL]       PARTIAL_WAKE_LOCK              'NlpCollectorWakeLock' (uid=10012, pid=1220, ws=WorkSource{10012 com.google.android.gms, 10052 com.google.android.googlequicksearchbox}) (elapsedTime=382)
I/MotionRecognitionService(  812):  send reactive alert 
D/MotionRecognitionService(  812): disableAccINT 
I/PowerManagerService(  812): [PWL]       PARTIAL_WAKE_LOCK              'NlpWakeLock' (uid=10012, pid=1220, ws=null) (elapsedTime=422)
I/PowerManagerService(  812): [PWL]       PARTIAL_WAKE_LOCK              'show keyguard' (uid=10018, pid=1055, ws=null) (elapsedTime=341)
I/PowerManagerService(  812): [PWL]       PARTIAL_WAKE_LOCK              'reactive_alert' (uid=1000, pid=812, ws=null) (elapsedTime=200)
I/MotionRecognitionService(  812):  send reactive alert 
I/MotionRecognitionService(  812):  send 67=REACTIVE_ALERT ~~
D/MotionRecognitionService(  812): disableAccINT Complete!!
D/STATUSBAR-NotificationService(  812): Pickup - MREvent.REACTIVE_ALERT
D/STATUSBAR-StatusBarManagerService(  812): manageDisableList what=0x1000000 pkg=com.android.keyguard
D/PowerManagerService(  812): [api] [s] userActivity : event: 3 flags: 0 (uid: 10018 pid: 1055) eventTime = 195976814
V/KeyguardDisplayManager( 1055): show
D/STATUSBAR-StatusBarManagerService(  812): manageDisableList what=0x2600000 pkg=WindowManager.LayoutParams
D/PowerManagerService(  812): [api] setUserActivityTimeoutOverrideFromWindowManagerInternal: timeoutMillis: 3000
D/PowerManagerService(  812): [api] setScreenDimDurationOverrideFromWindowManagerInternal: timeoutMillis: 0
D/PowerManagerService(  812): [api] setButtonTimeoutOverrideFromWindowManagerInternal: timeoutMillis: 3000
D/STATUSBAR-AirplaneModeQuickSettingButton( 1055): onReceive : android.intent.action.CLOSE_SYSTEM_DIALOGS
D/PhoneStatusBar( 1055): disable(): knoxCustomManager = android.app.enterprise.knoxcustom.KnoxCustomManager@42264e40
D/StatusBarManagerService(  812): semi p:1055,o:f
D/StatusBarManagerService(  812): tr p:1055,o:f
D/STATUSBAR-NotificationService(  812): Pickup - mVibrator.vibrateImmVibe()
V/VibratorService(  812): vibrate - package: android, ms: 100, token: null
D/VibratorService(  812): JNI vibratorOff()
D/VibratorService(  812): JNI vibratorOn() : 100
D/VibratorService(  812): JNI vibratorOff()
I/MotionRecognitionService(  812): mReactiveAlert_Wakelock--  
I/ActivityManager(  812): Process com.android.contacts (pid 27254) (adj 15) has died.
W/ProcessCpuTracker(  812): Skipping unknown process pid 27552
W/ProcessCpuTracker(  812): Skipping unknown process pid 27555
V/AlarmManager(  812): waitForAlarm result :4
V/AlarmManager(  812): trigger ELAPSED_REALTIME_WAKEUP or RTC_WAKEUP
D/SSRMv2:SIOP(  812): SIOP:: AP = 320, Delta = -10
D/BatteryService(  812): level:100, scale:100, status:5, health:2, present:true, voltage: 4323, temperature: 231, technology: Li-ion, AC powered:false, USB powered:true, Wireless powered:false, icon:17303558, invalid charger:0, online:4, current avg:0, charge type:0, power sharing:false
D/BatteryService(  812): Sending ACTION_BATTERY_CHANGED.
D/BatteryService(  812): stay LED for fully charged
D/STATUSBAR-PhoneStatusBar( 1055):  mBrightnessEnablebySettings = true mBrightnessEnablebyBattery = true mBrightnessEnablebyDisableFlag = true mPmsBrightnessEnablebySettings = true
D/BatteryMeterView( 1055): ACTION_BATTERY_CHANGED : level:100 status:5 health:2
D/STATUSBAR-IconMerger( 1055): checkOverflow(180), More:true, Req:true Child:8
I/PowerManagerService(  812): [PWL] Off : 15s ago
D/SSRMv2:SIOP(  812): SIOP:: AP = 310, Delta = -10
E/Watchdog(  812): !@Sync 6503
I/PowerManagerService(  812): [PWL] Off : 30s ago
V/AlarmManager(  812): waitForAlarm result :4
V/AlarmManager(  812): trigger ELAPSED_REALTIME_WAKEUP or RTC_WAKEUP
D/SSRMv2:SIOP(  812): SIOP:: AP = 310, Delta = 0
D/SSRMv2:SIOP(  812): SIOP:: AP = 310, Delta = 0
D/BatteryService(  812): level:100, scale:100, status:5, health:2, present:true, voltage: 4325, temperature: 230, technology: Li-ion, AC powered:false, USB powered:true, Wireless powered:false, icon:17303558, invalid charger:0, online:4, current avg:0, charge type:0, power sharing:false
D/BatteryService(  812): Sending ACTION_BATTERY_CHANGED.
D/BatteryService(  812): stay LED for fully charged
D/STATUSBAR-PhoneStatusBar( 1055):  mBrightnessEnablebySettings = true mBrightnessEnablebyBattery = true mBrightnessEnablebyDisableFlag = true mPmsBrightnessEnablebySettings = true
D/BatteryMeterView( 1055): ACTION_BATTERY_CHANGED : level:100 status:5 health:2
D/STATUSBAR-IconMerger( 1055): checkOverflow(180), More:true, Req:true Child:8
V/AlarmManager(  812): waitForAlarm result :8
V/AlarmManager(  812): ClockReceiver onReceive() ACTION_TIME_TICK
D/STATUSBAR-IconMerger( 1055): checkOverflow(180), More:true, Req:true Child:8
I/PowerManagerService(  812): [PWL] Off : 50s ago
D/SSRMv2:SIOP(  812): SIOP:: AP = 300, Delta = -10
E/Watchdog(  812): !@Sync 6504
D/SSRMv2:SIOP(  812): SIOP:: AP = 300, Delta = 0
D/SSRMv2:SIOP(  812): SIOP:: AP = 300, Delta = 0
I/PowerManagerService(  812): [PWL] Off : 75s ago
D/SSRMv2:SIOP(  812): SIOP:: AP = 300, Delta = 0
E/Watchdog(  812): !@Sync 6505
D/SSRMv2:SIOP(  812): SIOP:: AP = 300, Delta = 0
D/TimaService(  812): TIMA: TimaService scheduler is intialized. 
D/TimaService(  812): TIMA: checkEvent, operation: 50000 subject: 10000
D/TimaService(  812): TimaServiceHandler.handleMessage what =1
D/TimaService(  812): TIMA MEASUREMENT Result: TIMA_STATUS=0;MSG=Kernel Verification Success;
D/TimaService(  812): TIMA MEASUREMENT success status: TIMA_STATUS=0;MSG=Kernel Verification Success;
D/SSRMv2:SIOP(  812): SIOP:: AP = 300, Delta = 0
D/BatteryService(  812): level:100, scale:100, status:5, health:2, present:true, voltage: 4323, temperature: 230, technology: Li-ion, AC powered:false, USB powered:true, Wireless powered:false, icon:17303558, invalid charger:0, online:4, current avg:0, charge type:0, power sharing:false
D/BatteryService(  812): Sending ACTION_BATTERY_CHANGED.
D/BatteryService(  812): stay LED for fully charged
D/STATUSBAR-PhoneStatusBar( 1055):  mBrightnessEnablebySettings = true mBrightnessEnablebyBattery = true mBrightnessEnablebyDisableFlag = true mPmsBrightnessEnablebySettings = true
D/BatteryMeterView( 1055): ACTION_BATTERY_CHANGED : level:100 status:5 health:2
D/STATUSBAR-IconMerger( 1055): checkOverflow(180), More:true, Req:true Child:8
I/PowerManagerService(  812): [PWL] Off : 105s ago
V/AlarmManager(  812): waitForAlarm result :8
V/AlarmManager(  812): ClockReceiver onReceive() ACTION_TIME_TICK
D/STATUSBAR-IconMerger( 1055): checkOverflow(180), More:true, Req:true Child:8
D/SSRMv2:SIOP(  812): SIOP:: AP = 300, Delta = 0
E/Watchdog(  812): !@Sync 6506
D/SSRMv2:SIOP(  812): SIOP:: AP = 300, Delta = 0
V/AlarmManager(  812): waitForAlarm result :4
V/AlarmManager(  812): trigger ELAPSED_REALTIME_WAKEUP or RTC_WAKEUP
D/SSRMv2:SIOP(  812): SIOP:: AP = 300, Delta = 0
D/BatteryService(  812): level:100, scale:100, status:5, health:2, present:true, voltage: 4323, temperature: 229, technology: Li-ion, AC powered:false, USB powered:true, Wireless powered:false, icon:17303558, invalid charger:0, online:4, current avg:0, charge type:0, power sharing:false
D/BatteryService(  812): Sending ACTION_BATTERY_CHANGED.
D/BatteryService(  812): stay LED for fully charged
D/STATUSBAR-PhoneStatusBar( 1055):  mBrightnessEnablebySettings = true mBrightnessEnablebyBattery = true mBrightnessEnablebyDisableFlag = true mPmsBrightnessEnablebySettings = true
D/BatteryMeterView( 1055): ACTION_BATTERY_CHANGED : level:100 status:5 health:2
D/STATUSBAR-IconMerger( 1055): checkOverflow(180), More:true, Req:true Child:8
W/WifiP2pStateTracker(  812): WifiP2pStateReceiver : android.net.wifi.LINK_CONFIGURATION_CHANGED
D/SmartBondingService(  812): SmartBondingReceiver: onReceive action=android.net.wifi.LINK_CONFIGURATION_CHANGED
D/SmartBondingService(  812): EVENT_UPDATE_SB_STATE called / mDisableBySIOP false
W/WifiP2pStateTracker(  812): WifiP2pStateReceiver : android.net.wifi.LINK_CONFIGURATION_CHANGED
D/SmartBondingService(  812): SmartBondingReceiver: onReceive action=android.net.wifi.LINK_CONFIGURATION_CHANGED
D/SmartBondingService(  812): EVENT_UPDATE_SB_STATE called / mDisableBySIOP false
D/ConnectivityService(  812): handleConnectivityChange: address are the same reset per doReset linkProperty[1]: resetMask=0
D/ConnectivityService(  812): handleConnectivityChange: setting default proxy info 
D/ConnectivityService(  812): updateSourceRoutes : no source routing conditions
D/ConnectivityService(  812): handleConnectivityChange: address are the same reset per doReset linkProperty[1]: resetMask=0
D/ConnectivityService(  812): handleConnectivityChange: setting default proxy info 
D/ConnectivityService(  812): updateSourceRoutes : no source routing conditions
I/PowerManagerService(  812): [PWL] Off : 140s ago
D/SSRMv2:SIOP(  812): SIOP:: AP = 300, Delta = 0
E/Watchdog(  812): !@Sync 6507
D/SSRMv2:SIOP(  812): SIOP:: AP = 300, Delta = 0
V/AlarmManager(  812): waitForAlarm result :4
V/AlarmManager(  812): trigger ELAPSED_REALTIME_WAKEUP or RTC_WAKEUP
D/WifiService(  812): startScan by pid=1220, uid=10012
D/SSRMv2:SIOP(  812): SIOP:: AP = 300, Delta = 0
I/ActivityManager(  812): Process flipboard.app (pid 27326) (adj 15) has died.
D/BatteryService(  812): level:100, scale:100, status:5, health:2, present:true, voltage: 4323, temperature: 230, technology: Li-ion, AC powered:false, USB powered:true, Wireless powered:false, icon:17303558, invalid charger:0, online:4, current avg:0, charge type:0, power sharing:false
D/BatteryService(  812): Sending ACTION_BATTERY_CHANGED.
D/BatteryService(  812): stay LED for fully charged
D/STATUSBAR-PhoneStatusBar( 1055):  mBrightnessEnablebySettings = true mBrightnessEnablebyBattery = true mBrightnessEnablebyDisableFlag = true mPmsBrightnessEnablebySettings = true
D/BatteryMeterView( 1055): ACTION_BATTERY_CHANGED : level:100 status:5 health:2
D/STATUSBAR-IconMerger( 1055): checkOverflow(180), More:true, Req:true Child:8
I/ActivityManager(  812): Process com.sec.android.widgetapp.activeapplicationwidget (pid 27305) (adj 13) has died.
I/ActivityManager(  812): Process com.google.android.partnersetup (pid 27585) (adj 13) has died.
I/ActivityManager(  812): Process com.facebook.orca (pid 27684) (adj 11) has died.
V/AlarmManager(  812): waitForAlarm result :8
V/AlarmManager(  812): ClockReceiver onReceive() ACTION_TIME_TICK
D/STATUSBAR-IconMerger( 1055): checkOverflow(180), More:true, Req:true Child:8
D/SSRMv2:SIOP(  812): SIOP:: AP = 300, Delta = 0
E/Watchdog(  812): !@Sync 6508
I/PowerManagerService(  812): [PWL] Off : 180s ago
D/SSRMv2:SIOP(  812): SIOP:: AP = 300, Delta = 0
D/SSRMv2:SIOP(  812): SIOP:: AP = 300, Delta = 0
D/BatteryService(  812): level:100, scale:100, status:5, health:2, present:true, voltage: 4323, temperature: 228, technology: Li-ion, AC powered:false, USB powered:true, Wireless powered:false, icon:17303558, invalid charger:0, online:4, current avg:0, charge type:0, power sharing:false
D/BatteryService(  812): Sending ACTION_BATTERY_CHANGED.
D/BatteryService(  812): stay LED for fully charged
D/STATUSBAR-PhoneStatusBar( 1055):  mBrightnessEnablebySettings = true mBrightnessEnablebyBattery = true mBrightnessEnablebyDisableFlag = true mPmsBrightnessEnablebySettings = true
D/BatteryMeterView( 1055): ACTION_BATTERY_CHANGED : level:100 status:5 health:2
D/STATUSBAR-IconMerger( 1055): checkOverflow(180), More:true, Req:true Child:8
D/SSRMv2:SIOP(  812): SIOP:: AP = 300, Delta = 0
E/Watchdog(  812): !@Sync 6509
D/SSRMv2:SIOP(  812): SIOP:: AP = 300, Delta = 0
V/AlarmManager(  812): waitForAlarm result :4
V/AlarmManager(  812): trigger ELAPSED_REALTIME_WAKEUP or RTC_WAKEUP
D/SSRMv2:SIOP(  812): SIOP:: AP = 300, Delta = 0
D/BatteryService(  812): level:100, scale:100, status:5, health:2, present:true, voltage: 4325, temperature: 228, technology: Li-ion, AC powered:false, USB powered:true, Wireless powered:false, icon:17303558, invalid charger:0, online:4, current avg:0, charge type:0, power sharing:false
D/BatteryService(  812): Sending ACTION_BATTERY_CHANGED.
D/BatteryService(  812): stay LED for fully charged
D/STATUSBAR-PhoneStatusBar( 1055):  mBrightnessEnablebySettings = true mBrightnessEnablebyBattery = true mBrightnessEnablebyDisableFlag = true mPmsBrightnessEnablebySettings = true
D/BatteryMeterView( 1055): ACTION_BATTERY_CHANGED : level:100 status:5 health:2
D/STATUSBAR-IconMerger( 1055): checkOverflow(180), More:true, Req:true Child:8
I/PowerManagerService(  812): [PWL] Off : 225s ago
V/AlarmManager(  812): waitForAlarm result :8
V/AlarmManager(  812): ClockReceiver onReceive() ACTION_TIME_TICK
D/STATUSBAR-IconMerger( 1055): checkOverflow(180), More:true, Req:true Child:8
D/SSRMv2:SIOP(  812): SIOP:: AP = 300, Delta = 0
E/Watchdog(  812): !@Sync 6510
D/SSRMv2:SIOP(  812): SIOP:: AP = 300, Delta = 0
D/SSRMv2:SIOP(  812): SIOP:: AP = 300, Delta = 0
V/AlarmManager(  812): waitForAlarm result :4
V/AlarmManager(  812): trigger ELAPSED_REALTIME_WAKEUP or RTC_WAKEUP
D/BatteryService(  812): level:100, scale:100, status:5, health:2, present:true, voltage: 4325, temperature: 227, technology: Li-ion, AC powered:false, USB powered:true, Wireless powered:false, icon:17303558, invalid charger:0, online:4, current avg:0, charge type:0, power sharing:false
D/BatteryService(  812): Sending ACTION_BATTERY_CHANGED.
D/BatteryService(  812): stay LED for fully charged
D/STATUSBAR-PhoneStatusBar( 1055):  mBrightnessEnablebySettings = true mBrightnessEnablebyBattery = true mBrightnessEnablebyDisableFlag = true mPmsBrightnessEnablebySettings = true
D/BatteryMeterView( 1055): ACTION_BATTERY_CHANGED : level:100 status:5 health:2
D/STATUSBAR-IconMerger( 1055): checkOverflow(180), More:true, Req:true Child:8
D/SSRMv2:SIOP(  812): SIOP:: AP = 300, Delta = 0
E/Watchdog(  812): !@Sync 6511
V/AlarmManager(  812): waitForAlarm result :4
V/AlarmManager(  812): trigger ELAPSED_REALTIME_WAKEUP or RTC_WAKEUP
D/SSRMv2:SIOP(  812): SIOP:: AP = 300, Delta = 0
W/WifiP2pStateTracker(  812): WifiP2pStateReceiver : android.net.wifi.LINK_CONFIGURATION_CHANGED
D/SmartBondingService(  812): SmartBondingReceiver: onReceive action=android.net.wifi.LINK_CONFIGURATION_CHANGED
D/SmartBondingService(  812): EVENT_UPDATE_SB_STATE called / mDisableBySIOP false
W/WifiP2pStateTracker(  812): WifiP2pStateReceiver : android.net.wifi.LINK_CONFIGURATION_CHANGED
D/ConnectivityService(  812): handleConnectivityChange: address are the same reset per doReset linkProperty[1]: resetMask=0
D/ConnectivityService(  812): handleConnectivityChange: setting default proxy info 
D/SmartBondingService(  812): SmartBondingReceiver: onReceive action=android.net.wifi.LINK_CONFIGURATION_CHANGED
D/SmartBondingService(  812): EVENT_UPDATE_SB_STATE called / mDisableBySIOP false
D/ConnectivityService(  812): updateSourceRoutes : no source routing conditions
D/ConnectivityService(  812): handleConnectivityChange: address are the same reset per doReset linkProperty[1]: resetMask=0
D/ConnectivityService(  812): handleConnectivityChange: setting default proxy info 
D/ConnectivityService(  812): updateSourceRoutes : no source routing conditions
I/PowerManagerService(  812): [PWL] Off : 275s ago
D/SSRMv2:SIOP(  812): SIOP:: AP = 300, Delta = 0
V/AlarmManager(  812): waitForAlarm result :8
V/AlarmManager(  812): ClockReceiver onReceive() ACTION_TIME_TICK
D/STATUSBAR-IconMerger( 1055): checkOverflow(180), More:true, Req:true Child:8
D/BatteryService(  812): level:100, scale:100, status:5, health:2, present:true, voltage: 4326, temperature: 227, technology: Li-ion, AC powered:false, USB powered:true, Wireless powered:false, icon:17303558, invalid charger:0, online:4, current avg:0, charge type:0, power sharing:false
D/BatteryService(  812): stay LED for fully charged
D/BatteryService(  812): Sending ACTION_BATTERY_CHANGED.
D/STATUSBAR-PhoneStatusBar( 1055):  mBrightnessEnablebySettings = true mBrightnessEnablebyBattery = true mBrightnessEnablebyDisableFlag = true mPmsBrightnessEnablebySettings = true
D/BatteryMeterView( 1055): ACTION_BATTERY_CHANGED : level:100 status:5 health:2
D/STATUSBAR-IconMerger( 1055): checkOverflow(180), More:true, Req:true Child:8
D/SSRMv2:SIOP(  812): SIOP:: AP = 300, Delta = 0
E/Watchdog(  812): !@Sync 6512
D/SSRMv2:SIOP(  812): SIOP:: AP = 300, Delta = 0
D/SSRMv2:SIOP(  812): SIOP:: AP = 300, Delta = 0
D/BatteryService(  812): level:100, scale:100, status:5, health:2, present:true, voltage: 4323, temperature: 226, technology: Li-ion, AC powered:false, USB powered:true, Wireless powered:false, icon:17303558, invalid charger:0, online:4, current avg:0, charge type:0, power sharing:false
D/BatteryService(  812): Sending ACTION_BATTERY_CHANGED.
D/BatteryService(  812): stay LED for fully charged
D/STATUSBAR-PhoneStatusBar( 1055):  mBrightnessEnablebySettings = true mBrightnessEnablebyBattery = true mBrightnessEnablebyDisableFlag = true mPmsBrightnessEnablebySettings = true
D/BatteryMeterView( 1055): ACTION_BATTERY_CHANGED : level:100 status:5 health:2
D/STATUSBAR-IconMerger( 1055): checkOverflow(180), More:true, Req:true Child:8
D/SSRMv2:SIOP(  812): SIOP:: AP = 300, Delta = 0
E/Watchdog(  812): !@Sync 6513
I/PowerManagerService(  812): [PWL] Off : 330s ago
D/SSRMv2:SIOP(  812): SIOP:: AP = 300, Delta = 0
V/AlarmManager(  812): waitForAlarm result :4
V/AlarmManager(  812): trigger ELAPSED_REALTIME_WAKEUP or RTC_WAKEUP
V/AlarmManager(  812): trigger ELAPSED_REALTIME_WAKEUP or RTC_WAKEUP
V/AlarmManager(  812): trigger ELAPSED_REALTIME_WAKEUP or RTC_WAKEUP
I/ActivityManager(  812): Process flipboard.app (pid 27716) (adj 15) has died.
I/ActivityManager(  812): Process com.android.providers.calendar (pid 27788) (adj 15) has died.
I/ActivityManager(  812): Process com.android.calendar (pid 27846) (adj 15) has died.
D/SSRMv2:SIOP(  812): SIOP:: AP = 300, Delta = 0
V/AlarmManager(  812): waitForAlarm result :8
V/AlarmManager(  812): ClockReceiver onReceive() ACTION_TIME_TICK
D/STATUSBAR-IconMerger( 1055): checkOverflow(180), More:true, Req:true Child:8
D/SSRMv2:SIOP(  812): SIOP:: AP = 300, Delta = 0
W/WifiP2pStateTracker(  812): WifiP2pStateReceiver : android.net.wifi.LINK_CONFIGURATION_CHANGED
D/SmartBondingService(  812): SmartBondingReceiver: onReceive action=android.net.wifi.LINK_CONFIGURATION_CHANGED
D/SmartBondingService(  812): EVENT_UPDATE_SB_STATE called / mDisableBySIOP false
W/WifiP2pStateTracker(  812): WifiP2pStateReceiver : android.net.wifi.LINK_CONFIGURATION_CHANGED
D/SmartBondingService(  812): SmartBondingReceiver: onReceive action=android.net.wifi.LINK_CONFIGURATION_CHANGED
D/SmartBondingService(  812): EVENT_UPDATE_SB_STATE called / mDisableBySIOP false
D/ConnectivityService(  812): handleConnectivityChange: address are the same reset per doReset linkProperty[1]: resetMask=0
D/ConnectivityService(  812): handleConnectivityChange: setting default proxy info 
D/ConnectivityService(  812): updateSourceRoutes : no source routing conditions
D/ConnectivityService(  812): handleConnectivityChange: address are the same reset per doReset linkProperty[1]: resetMask=0
D/ConnectivityService(  812): handleConnectivityChange: setting default proxy info 
D/ConnectivityService(  812): updateSourceRoutes : no source routing conditions
E/Watchdog(  812): !@Sync 6514
D/SSRMv2:SIOP(  812): SIOP:: AP = 300, Delta = 0
D/SSRMv2:SIOP(  812): SIOP:: AP = 300, Delta = 0
V/AlarmManager(  812): waitForAlarm result :4
V/AlarmManager(  812): trigger ELAPSED_REALTIME_WAKEUP or RTC_WAKEUP
V/AlarmManager(  812): OOI=Alarm{44500f20 type 3 com.google.android.googlequicksearchbox}
I/ActivityManager(  812): Process com.google.android.gms (pid 27643) (adj 15) has died.
D/BatteryService(  812): level:100, scale:100, status:5, health:2, present:true, voltage: 4323, temperature: 225, technology: Li-ion, AC powered:false, USB powered:true, Wireless powered:false, icon:17303558, invalid charger:0, online:4, current avg:0, charge type:0, power sharing:false
D/BatteryService(  812): Sending ACTION_BATTERY_CHANGED.
D/BatteryService(  812): stay LED for fully charged
D/STATUSBAR-PhoneStatusBar( 1055):  mBrightnessEnablebySettings = true mBrightnessEnablebyBattery = true mBrightnessEnablebyDisableFlag = true mPmsBrightnessEnablebySettings = true
D/BatteryMeterView( 1055): ACTION_BATTERY_CHANGED : level:100 status:5 health:2
D/STATUSBAR-IconMerger( 1055): checkOverflow(180), More:true, Req:true Child:8
D/SSRMv2:SIOP(  812): SIOP:: AP = 300, Delta = 0
E/Watchdog(  812): !@Sync 6515
I/PowerManagerService(  812): [PWL] Off : 390s ago
D/SSRMv2:SIOP(  812): SIOP:: AP = 300, Delta = 0
D/TimaService(  812): TIMA: TimaService scheduler is intialized. 
D/TimaService(  812): TIMA: checkEvent, operation: 50000 subject: 10000
D/TimaService(  812): TimaServiceHandler.handleMessage what =1
D/TimaService(  812): TIMA MEASUREMENT Result: TIMA_STATUS=0;MSG=Kernel Verification Success;
D/TimaService(  812): TIMA MEASUREMENT success status: TIMA_STATUS=0;MSG=Kernel Verification Success;
D/SSRMv2:SIOP(  812): SIOP:: AP = 300, Delta = 0
W/WifiP2pStateTracker(  812): WifiP2pStateReceiver : android.net.wifi.LINK_CONFIGURATION_CHANGED
D/SmartBondingService(  812): SmartBondingReceiver: onReceive action=android.net.wifi.LINK_CONFIGURATION_CHANGED
D/SmartBondingService(  812): EVENT_UPDATE_SB_STATE called / mDisableBySIOP false
W/WifiP2pStateTracker(  812): WifiP2pStateReceiver : android.net.wifi.LINK_CONFIGURATION_CHANGED
D/SmartBondingService(  812): SmartBondingReceiver: onReceive action=android.net.wifi.LINK_CONFIGURATION_CHANGED
D/SmartBondingService(  812): EVENT_UPDATE_SB_STATE called / mDisableBySIOP false
D/ConnectivityService(  812): handleConnectivityChange: address are the same reset per doReset linkProperty[1]: resetMask=0
D/ConnectivityService(  812): handleConnectivityChange: setting default proxy info 
D/ConnectivityService(  812): updateSourceRoutes : no source routing conditions
D/ConnectivityService(  812): handleConnectivityChange: address are the same reset per doReset linkProperty[1]: resetMask=0
D/ConnectivityService(  812): handleConnectivityChange: setting default proxy info 
D/ConnectivityService(  812): updateSourceRoutes : no source routing conditions
V/AlarmManager(  812): waitForAlarm result :8
V/AlarmManager(  812): ClockReceiver onReceive() ACTION_TIME_TICK
D/STATUSBAR-IconMerger( 1055): checkOverflow(180), More:true, Req:true Child:8
D/BatteryService(  812): level:100, scale:100, status:5, health:2, present:true, voltage: 4325, temperature: 225, technology: Li-ion, AC powered:false, USB powered:true, Wireless powered:false, icon:17303558, invalid charger:0, online:4, current avg:0, charge type:0, power sharing:false
D/BatteryService(  812): Sending ACTION_BATTERY_CHANGED.
D/BatteryService(  812): stay LED for fully charged
D/STATUSBAR-PhoneStatusBar( 1055):  mBrightnessEnablebySettings = true mBrightnessEnablebyBattery = true mBrightnessEnablebyDisableFlag = true mPmsBrightnessEnablebySettings = true
D/BatteryMeterView( 1055): ACTION_BATTERY_CHANGED : level:100 status:5 health:2
D/STATUSBAR-IconMerger( 1055): checkOverflow(180), More:true, Req:true Child:8
D/SSRMv2:SIOP(  812): SIOP:: AP = 300, Delta = 0
E/Watchdog(  812): !@Sync 6516
D/SSRMv2:SIOP(  812): SIOP:: AP = 300, Delta = 0
D/SSRMv2:SIOP(  812): SIOP:: AP = 300, Delta = 0
D/SSRMv2:SIOP(  812): SIOP:: AP = 300, Delta = 0
V/AlarmManager(  812): waitForAlarm result :4
V/AlarmManager(  812): trigger ELAPSED_REALTIME_WAKEUP or RTC_WAKEUP
D/BatteryService(  812): level:100, scale:100, status:5, health:2, present:true, voltage: 4323, temperature: 225, technology: Li-ion, AC powered:false, USB powered:true, Wireless powered:false, icon:17303558, invalid charger:0, online:4, current avg:0, charge type:0, power sharing:false
D/BatteryService(  812): Sending ACTION_BATTERY_CHANGED.
D/BatteryService(  812): stay LED for fully charged
D/STATUSBAR-PhoneStatusBar( 1055):  mBrightnessEnablebySettings = true mBrightnessEnablebyBattery = true mBrightnessEnablebyDisableFlag = true mPmsBrightnessEnablebySettings = true
D/STATUSBAR-IconMerger( 1055): checkOverflow(180), More:true, Req:true Child:8
D/BatteryMeterView( 1055): ACTION_BATTERY_CHANGED : level:100 status:5 health:2
V/AlarmManager(  812): trigger ELAPSED_REALTIME_WAKEUP or RTC_WAKEUP
D/WifiService(  812): startScan by pid=1220, uid=10012
I/ActivityManager(  812): Process com.google.android.googlequicksearchbox:search (pid 27540) (adj 15) has died.
V/AlarmManager(  812): waitForAlarm result :4
V/AlarmManager(  812): trigger ELAPSED_REALTIME_WAKEUP or RTC_WAKEUP
I/ActivityManager(  812): Process flipboard.app (pid 28046) (adj 15) has died.
E/Watchdog(  812): !@Sync 6517
I/ActivityManager(  812): Process com.lookout (pid 17339) (adj 15) has died.
D/SSRMv2:SIOP(  812): SIOP:: AP = 300, Delta = 0
I/ActivityManager(  812): Process com.facebook.orca (pid 28175) (adj 15) has died.
I/PowerManagerService(  812): [PWL] Off : 455s ago
D/SSRMv2:SIOP(  812): SIOP:: AP = 300, Delta = 0
V/AlarmManager(  812): waitForAlarm result :8
V/AlarmManager(  812): ClockReceiver onReceive() ACTION_TIME_TICK
D/STATUSBAR-IconMerger( 1055): checkOverflow(180), More:true, Req:true Child:8
D/SSRMv2:SIOP(  812): SIOP:: AP = 300, Delta = 0
D/BatteryService(  812): level:100, scale:100, status:5, health:2, present:true, voltage: 4325, temperature: 224, technology: Li-ion, AC powered:false, USB powered:true, Wireless powered:false, icon:17303558, invalid charger:0, online:4, current avg:0, charge type:0, power sharing:false
D/BatteryService(  812): Sending ACTION_BATTERY_CHANGED.
D/BatteryService(  812): stay LED for fully charged
D/STATUSBAR-PhoneStatusBar( 1055):  mBrightnessEnablebySettings = true mBrightnessEnablebyBattery = true mBrightnessEnablebyDisableFlag = true mPmsBrightnessEnablebySettings = true
D/BatteryMeterView( 1055): ACTION_BATTERY_CHANGED : level:100 status:5 health:2
D/STATUSBAR-IconMerger( 1055): checkOverflow(180), More:true, Req:true Child:8
E/Watchdog(  812): !@Sync 6518
D/SSRMv2:SIOP(  812): SIOP:: AP = 300, Delta = 0
D/SSRMv2:SIOP(  812): SIOP:: AP = 300, Delta = 0
D/SSRMv2:SIOP(  812): SIOP:: AP = 300, Delta = 0
E/Watchdog(  812): !@Sync 6519
V/AlarmManager(  812): waitForAlarm result :4
V/AlarmManager(  812): trigger ELAPSED_REALTIME_WAKEUP or RTC_WAKEUP
D/WifiService(  812): startScan by pid=1220, uid=10012
D/SSRMv2:SIOP(  812): SIOP:: AP = 300, Delta = 0
I/ActivityManager(  812): Process com.wsandroid.suite (pid 16741) (adj 15) has died.
W/ActivityManager(  812): Unable to start service Intent { cmp=com.wsandroid.suite/com.mcafee.csp.service.a } U=0: not found
W/ActivityManager(  812): Unable to start service Intent { cmp=com.wsandroid.suite/com.mcafee.csp.service.a } U=0: not found
I/ActivityManager(  812): Process flipboard.app (pid 28297) (adj 15) has died.
I/ActivityManager(  812): Process com.samsung.SMT (pid 13930) (adj 15) has died.
E/ActivityThread(28435): Service com.facebook.mqttlite.MqttService has leaked IntentReceiver com.facebook.rti.mqtt.common.b.e@42544b90 that was originally registered here. Are you missing a call to unregisterReceiver()?
E/ActivityThread(28435): android.app.IntentReceiverLeaked: Service com.facebook.mqttlite.MqttService has leaked IntentReceiver com.facebook.rti.mqtt.common.b.e@42544b90 that was originally registered here. Are you missing a call to unregisterReceiver()?
E/ActivityThread(28435): 	at android.app.LoadedApk$ReceiverDispatcher.<init>(LoadedApk.java:809)
E/ActivityThread(28435): 	at android.app.LoadedApk.getReceiverDispatcher(LoadedApk.java:610)
E/ActivityThread(28435): 	at android.app.ContextImpl.registerReceiverInternal(ContextImpl.java:1808)
E/ActivityThread(28435): 	at android.app.ContextImpl.registerReceiver(ContextImpl.java:1788)
E/ActivityThread(28435): 	at android.app.ContextImpl.registerReceiver(ContextImpl.java:1782)
E/ActivityThread(28435): 	at android.content.ContextWrapper.registerReceiver(ContextWrapper.java:479)
E/ActivityThread(28435): 	at com.facebook.rti.mqtt.common.b.d.j(MqttNetworkManager.java:67)
E/ActivityThread(28435): 	at com.facebook.rti.mqtt.common.b.d.<init>(MqttNetworkManager.java:54)
E/ActivityThread(28435): 	at com.facebook.rti.mqtt.f.an.a(MqttPushServiceBootstrap.java:178)
E/ActivityThread(28435): 	at com.facebook.rti.push.service.s.a(FbnsServiceBootstrap.java:65)
E/ActivityThread(28435): 	at com.facebook.mqttlite.MqttService.f(MqttService.java:489)
E/ActivityThread(28435): 	at com.facebook.rti.mqtt.f.af.c(MqttPushService.java:211)
E/ActivityThread(28435): 	at com.facebook.rti.mqtt.f.g.a(MqttBackgroundService.java:145)
E/ActivityThread(28435): 	at com.facebook.rti.mqtt.f.h.handleMessage(MqttBackgroundService.java:46)
E/ActivityThread(28435): 	at android.os.Handler.dispatchMessage(Handler.java:102)
E/ActivityThread(28435): 	at android.os.Looper.loop(Looper.java:146)
E/ActivityThread(28435): 	at android.os.HandlerThread.run(HandlerThread.java:61)
E/ActivityThread(28435): Service com.facebook.mqttlite.MqttService has leaked IntentReceiver com.facebook.rti.mqtt.common.d.t@4256c470 that was originally registered here. Are you missing a call to unregisterReceiver()?
E/ActivityThread(28435): android.app.IntentReceiverLeaked: Service com.facebook.mqttlite.MqttService has leaked IntentReceiver com.facebook.rti.mqtt.common.d.t@4256c470 that was originally registered here. Are you missing a call to unregisterReceiver()?
E/ActivityThread(28435): 	at android.app.LoadedApk$ReceiverDispatcher.<init>(LoadedApk.java:809)
E/ActivityThread(28435): 	at android.app.LoadedApk.getReceiverDispatcher(LoadedApk.java:610)
E/ActivityThread(28435): 	at android.app.ContextImpl.registerReceiverInternal(ContextImpl.java:1808)
E/ActivityThread(28435): 	at android.app.ContextImpl.registerReceiver(ContextImpl.java:1788)
E/ActivityThread(28435): 	at android.content.ContextWrapper.registerReceiver(ContextWrapper.java:486)
E/ActivityThread(28435): 	at com.facebook.rti.mqtt.common.d.s.<init>(WakingExecutorService.java:90)
E/ActivityThread(28435): 	at com.facebook.rti.mqtt.f.an.a(MqttPushServiceBootstrap.java:311)
E/ActivityThread(28435): 	at com.facebook.rti.push.service.s.a(FbnsServiceBootstrap.java:65)
E/ActivityThread(28435): 	at com.facebook.mqttlite.MqttService.f(MqttService.java:489)
E/ActivityThread(28435): 	at com.facebook.rti.mqtt.f.af.c(MqttPushService.java:211)
E/ActivityThread(28435): 	at com.facebook.rti.mqtt.f.g.a(MqttBackgroundService.java:145)
E/ActivityThread(28435): 	at com.facebook.rti.mqtt.f.h.handleMessage(MqttBackgroundService.java:46)
E/ActivityThread(28435): 	at android.os.Handler.dispatchMessage(Handler.java:102)
E/ActivityThread(28435): 	at android.os.Looper.loop(Looper.java:146)
E/ActivityThread(28435): 	at android.os.HandlerThread.run(HandlerThread.java:61)
E/ActivityThread(28435): Service com.facebook.mqttlite.MqttService has leaked IntentReceiver com.facebook.rti.mqtt.e.i@42592c58 that was originally registered here. Are you missing a call to unregisterReceiver()?
E/ActivityThread(28435): android.app.IntentReceiverLeaked: Service com.facebook.mqttlite.MqttService has leaked IntentReceiver com.facebook.rti.mqtt.e.i@42592c58 that was originally registered here. Are you missing a call to unregisterReceiver()?
E/ActivityThread(28435): 	at android.app.LoadedApk$ReceiverDispatcher.<init>(LoadedApk.java:809)
E/ActivityThread(28435): 	at android.app.LoadedApk.getReceiverDispatcher(LoadedApk.java:610)
E/ActivityThread(28435): 	at android.app.ContextImpl.registerReceiverInternal(ContextImpl.java:1808)
E/ActivityThread(28435): 	at android.app.ContextImpl.registerReceiver(ContextImpl.java:1788)
E/ActivityThread(28435): 	at android.content.ContextWrapper.registerReceiver(ContextWrapper.java:486)
E/ActivityThread(28435): 	at com.facebook.rti.mqtt.e.g.a(KeepaliveManager.java:170)
E/ActivityThread(28435): 	at com.facebook.rti.mqtt.f.i.<init>(MqttConnectionManager.java:192)
E/ActivityThread(28435): 	at com.facebook.rti.mqtt.f.an.a(MqttPushServiceBootstrap.java:482)
E/ActivityThread(28435): 	at com.facebook.rti.push.service.s.a(FbnsServiceBootstrap.java:65)
E/ActivityThread(28435): 	at com.facebook.mqttlite.MqttService.f(MqttService.java:489)
E/ActivityThread(28435): 	at com.facebook.rti.mqtt.f.af.c(MqttPushService.java:211)
E/ActivityThread(28435): 	at com.facebook.rti.mqtt.f.g.a(MqttBackgroundService.java:145)
E/ActivityThread(28435): 	at com.facebook.rti.mqtt.f.h.handleMessage(MqttBackgroundService.java:46)
E/ActivityThread(28435): 	at android.os.Handler.dispatchMessage(Handler.java:102)
E/ActivityThread(28435): 	at android.os.Looper.loop(Looper.java:146)
E/ActivityThread(28435): 	at android.os.HandlerThread.run(HandlerThread.java:61)
I/ActivityManager(  812): Process com.google.android.googlequicksearchbox:search (pid 28237) (adj 15) has died.
W/ContextImpl(28707): Calling a method in the system process without a qualified user: android.app.ContextImpl.sendBroadcast:1501 android.content.ContextWrapper.sendBroadcast:377 com.samsung.SMT.aa.a:-1 com.samsung.SMT.SamsungTTSService.onCreate:-1 android.app.ActivityThread.handleCreateService:2857 
W/ContextImpl(28707): Calling a method in the system process without a qualified user: android.app.ContextImpl.sendBroadcast:1501 android.content.ContextWrapper.sendBroadcast:377 com.samsung.SMT.aa.a:-1 com.samsung.SMT.SamsungTTSService.onLoadLanguage:-1 android.speech.tts.TextToSpeechService.onCreate:112 
W/ContextImpl(28707): Calling a method in the system process without a qualified user: android.app.ContextImpl.startService:1857 android.content.ContextWrapper.startService:506 com.samsung.SMT.SamsungTTSService.e:-1 com.samsung.SMT.SamsungTTSService.onCreate:-1 android.app.ActivityThread.handleCreateService:2857 
W/ContextImpl(28707): Calling a method in the system process without a qualified user: android.app.ContextImpl.startService:1857 android.content.ContextWrapper.startService:506 com.samsung.SMT.SamsungTTSService.e:-1 com.samsung.SMT.SamsungTTSService.a:-1 com.samsung.SMT.ai.onReceive:-1 
I/ActivityManager(  812): Process flipboard.app (pid 28612) (adj 15) has died.
I/ActivityManager(  812): Process com.android.mms (pid 13811) (adj 15) has died.
W/ContextImpl(28707): Calling a method in the system process without a qualified user: android.app.ContextImpl.stopService:1863 android.content.ContextWrapper.stopService:511 com.samsung.SMT.SamsungTTSService.f:-1 com.samsung.SMT.SamsungTTSService.onDestroy:-1 android.app.ActivityThread.handleStopService:3055 
I/ActivityManager(  812): Process com.samsung.SMT (pid 28707) (adj 0) has died.
D/SSRMv2:SIOP(  812): SIOP:: AP = 300, Delta = 0
D/VoIPInterfaceManager(  812): getVoIPInCallAlert()...
D/VoIPInterfaceManager(  812): isVoIPDialing()...
D/VoIPInterfaceManager(  812): isVoIPRunningAndDeregi()...
D/VoIPInterfaceManager(  812): Not exist call session
D/VoIPInterfaceManager(  812): isVoIPActivated()...
D/VoIPInterfaceManager(  812): isVoIPRunningAndDeregi()...
D/VoIPInterfaceManager(  812): Not exist call session
I/ActivityManager(  812): Process com.android.providers.calendar (pid 28110) (adj 15) has died.
I/ActivityManager(  812): Process com.android.calendar (pid 28131) (adj 15) has died.
W/ContextImpl(28823): Calling a method in the system process without a qualified user: android.app.ContextImpl.sendBroadcast:1501 android.content.ContextWrapper.sendBroadcast:377 com.samsung.SMT.aa.a:-1 com.samsung.SMT.SamsungTTSService.onCreate:-1 android.app.ActivityThread.handleCreateService:2857 
W/ContextImpl(28823): Calling a method in the system process without a qualified user: android.app.ContextImpl.sendBroadcast:1501 android.content.ContextWrapper.sendBroadcast:377 com.samsung.SMT.aa.a:-1 com.samsung.SMT.SamsungTTSService.onLoadLanguage:-1 android.speech.tts.TextToSpeechService.onCreate:112 
I/ActivityManager(  812): Process com.sec.android.daemonapp (pid 16850) (adj 15) has died.
W/ContextImpl(28823): Calling a method in the system process without a qualified user: android.app.ContextImpl.startService:1857 android.content.ContextWrapper.startService:506 com.samsung.SMT.SamsungTTSService.e:-1 com.samsung.SMT.SamsungTTSService.onCreate:-1 android.app.ActivityThread.handleCreateService:2857 
W/ContextImpl(28823): Calling a method in the system process without a qualified user: android.app.ContextImpl.startService:1857 android.content.ContextWrapper.startService:506 com.samsung.SMT.SamsungTTSService.e:-1 com.samsung.SMT.SamsungTTSService.a:-1 com.samsung.SMT.ai.onReceive:-1 
I/PowerManagerService(  812): [PWL] Off : 525s ago
V/AlarmManager(  812): waitForAlarm result :8
V/AlarmManager(  812): ClockReceiver onReceive() ACTION_TIME_TICK
